Archive member included to satisfy reference by file (symbol)

d:/study/10_2021.10/bin/../lib/gcc/arm-none-eabi/10.3.1/../../../../arm-none-eabi/lib/thumb/v7e-m+fp/hard\libstdc++.a(atexit_arm.o)
                              CMakeFiles/2025_Horse_H7.elf.dir/Core/Applications/Cpp/Leg_Control.cpp.obj (__aeabi_atexit)
d:/study/10_2021.10/bin/../lib/gcc/arm-none-eabi/10.3.1/../../../../arm-none-eabi/lib/thumb/v7e-m+fp/hard\libm.a(lib_a-w_pow.o)
                              CMakeFiles/2025_Horse_H7.elf.dir/Core/Applications/Cpp/IMU_N300WP.cpp.obj (pow)
d:/study/10_2021.10/bin/../lib/gcc/arm-none-eabi/10.3.1/../../../../arm-none-eabi/lib/thumb/v7e-m+fp/hard\libm.a(lib_a-e_pow.o)
                              d:/study/10_2021.10/bin/../lib/gcc/arm-none-eabi/10.3.1/../../../../arm-none-eabi/lib/thumb/v7e-m+fp/hard\libm.a(lib_a-w_pow.o) (__ieee754_pow)
d:/study/10_2021.10/bin/../lib/gcc/arm-none-eabi/10.3.1/../../../../arm-none-eabi/lib/thumb/v7e-m+fp/hard\libm.a(lib_a-e_sqrt.o)
                              d:/study/10_2021.10/bin/../lib/gcc/arm-none-eabi/10.3.1/../../../../arm-none-eabi/lib/thumb/v7e-m+fp/hard\libm.a(lib_a-e_pow.o) (__ieee754_sqrt)
d:/study/10_2021.10/bin/../lib/gcc/arm-none-eabi/10.3.1/../../../../arm-none-eabi/lib/thumb/v7e-m+fp/hard\libm.a(lib_a-math_err.o)
                              d:/study/10_2021.10/bin/../lib/gcc/arm-none-eabi/10.3.1/../../../../arm-none-eabi/lib/thumb/v7e-m+fp/hard\libm.a(lib_a-e_pow.o) (__math_uflow)
d:/study/10_2021.10/bin/../lib/gcc/arm-none-eabi/10.3.1/../../../../arm-none-eabi/lib/thumb/v7e-m+fp/hard\libm.a(lib_a-s_fabs.o)
                              d:/study/10_2021.10/bin/../lib/gcc/arm-none-eabi/10.3.1/../../../../arm-none-eabi/lib/thumb/v7e-m+fp/hard\libm.a(lib_a-e_pow.o) (fabs)
d:/study/10_2021.10/bin/../lib/gcc/arm-none-eabi/10.3.1/../../../../arm-none-eabi/lib/thumb/v7e-m+fp/hard\libm.a(lib_a-s_finite.o)
                              d:/study/10_2021.10/bin/../lib/gcc/arm-none-eabi/10.3.1/../../../../arm-none-eabi/lib/thumb/v7e-m+fp/hard\libm.a(lib_a-w_pow.o) (finite)
d:/study/10_2021.10/bin/../lib/gcc/arm-none-eabi/10.3.1/../../../../arm-none-eabi/lib/thumb/v7e-m+fp/hard\libm.a(lib_a-s_scalbn.o)
                              d:/study/10_2021.10/bin/../lib/gcc/arm-none-eabi/10.3.1/../../../../arm-none-eabi/lib/thumb/v7e-m+fp/hard\libm.a(lib_a-e_pow.o) (scalbn)
d:/study/10_2021.10/bin/../lib/gcc/arm-none-eabi/10.3.1/thumb/v7e-m+fp/hard\libgcc.a(_arm_muldf3.o)
                              CMakeFiles/2025_Horse_H7.elf.dir/Core/Applications/Cpp/IMU_N300WP.cpp.obj (__aeabi_dmul)
d:/study/10_2021.10/bin/../lib/gcc/arm-none-eabi/10.3.1/thumb/v7e-m+fp/hard\libgcc.a(_arm_addsubdf3.o)
                              d:/study/10_2021.10/bin/../lib/gcc/arm-none-eabi/10.3.1/../../../../arm-none-eabi/lib/thumb/v7e-m+fp/hard\libm.a(lib_a-e_pow.o) (__aeabi_dsub)
d:/study/10_2021.10/bin/../lib/gcc/arm-none-eabi/10.3.1/thumb/v7e-m+fp/hard\libgcc.a(_arm_muldivdf3.o)
                              d:/study/10_2021.10/bin/../lib/gcc/arm-none-eabi/10.3.1/../../../../arm-none-eabi/lib/thumb/v7e-m+fp/hard\libm.a(lib_a-e_pow.o) (__aeabi_ddiv)
d:/study/10_2021.10/bin/../lib/gcc/arm-none-eabi/10.3.1/thumb/v7e-m+fp/hard\libgcc.a(_arm_cmpdf2.o)
                              d:/study/10_2021.10/bin/../lib/gcc/arm-none-eabi/10.3.1/../../../../arm-none-eabi/lib/thumb/v7e-m+fp/hard\libm.a(lib_a-w_pow.o) (__aeabi_dcmpeq)
d:/study/10_2021.10/bin/../lib/gcc/arm-none-eabi/10.3.1/thumb/v7e-m+fp/hard\libgcc.a(_arm_unorddf2.o)
                              d:/study/10_2021.10/bin/../lib/gcc/arm-none-eabi/10.3.1/../../../../arm-none-eabi/lib/thumb/v7e-m+fp/hard\libm.a(lib_a-w_pow.o) (__aeabi_dcmpun)
d:/study/10_2021.10/bin/../lib/gcc/arm-none-eabi/10.3.1/thumb/v7e-m+fp/hard\libgcc.a(_arm_truncdfsf2.o)
                              CMakeFiles/2025_Horse_H7.elf.dir/Core/Applications/Cpp/IMU_N300WP.cpp.obj (__aeabi_d2f)
d:/study/10_2021.10/bin/../lib/gcc/arm-none-eabi/10.3.1/thumb/v7e-m+fp/hard\libgcc.a(_arm_addsubsf3.o)
                              CMakeFiles/2025_Horse_H7.elf.dir/Core/Applications/Cpp/IMU_N300WP.cpp.obj (__aeabi_l2f)
d:/study/10_2021.10/bin/../lib/gcc/arm-none-eabi/10.3.1/thumb/v7e-m+fp/hard\libgcc.a(_aeabi_uldivmod.o)
                              CMakeFiles/2025_Horse_H7.elf.dir/Drivers/STM32H7xx_HAL_Driver/Src/stm32h7xx_hal_uart.c.obj (__aeabi_uldivmod)
d:/study/10_2021.10/bin/../lib/gcc/arm-none-eabi/10.3.1/thumb/v7e-m+fp/hard\libgcc.a(_udivmoddi4.o)
                              d:/study/10_2021.10/bin/../lib/gcc/arm-none-eabi/10.3.1/thumb/v7e-m+fp/hard\libgcc.a(_aeabi_uldivmod.o) (__udivmoddi4)
d:/study/10_2021.10/bin/../lib/gcc/arm-none-eabi/10.3.1/thumb/v7e-m+fp/hard\libgcc.a(unwind-arm.o)
                              CMakeFiles/2025_Horse_H7.elf.dir/Core/Applications/UART_DMA.cpp.obj (__aeabi_unwind_cpp_pr0)
d:/study/10_2021.10/bin/../lib/gcc/arm-none-eabi/10.3.1/thumb/v7e-m+fp/hard\libgcc.a(libunwind.o)
[...]
Memory Configuration

Name             Origin             Length             Attributes
ITCMRAM          0x00000000         0x00010000         xrw
DTCMRAM          0x20000000         0x00020000         xrw
FLASH            0x08000000         0x00100000         xr
RAM_D1           0x24000000         0x00050000         xrw
RAM_D2           0x30000000         0x00008000         xrw
RAM_D3           0x38000000         0x00004000         xrw
*default*        0x00000000         0xffffffff

Linker script and memory map

LOAD d:/study/10_2021.10/bin/../lib/gcc/arm-none-eabi/10.3.1/thumb/v7e-m+fp/hard/crti.o
LOAD d:/study/10_2021.10/bin/../lib/gcc/arm-none-eabi/10.3.1/thumb/v7e-m+fp/hard/crtbegin.o
LOAD d:/study/10_2021.10/bin/../lib/gcc/arm-none-eabi/10.3.1/../../../../arm-none-eabi/lib/thumb/v7e-m+fp/hard/crt0.o
LOAD CMakeFiles/2025_Horse_H7.elf.dir/Core/Applications/Cpp/Callback.cpp.obj
LOAD CMakeFiles/2025_Horse_H7.elf.dir/Core/Applications/Cpp/IMU_N300WP.cpp.obj
LOAD CMakeFiles/2025_Horse_H7.elf.dir/Core/Applications/Cpp/Leg_Control.cpp.obj
LOAD CMakeFiles/2025_Horse_H7.elf.dir/Core/Applications/Cpp/Main.cpp.obj
LOAD CMakeFiles/2025_Horse_H7.elf.dir/Core/Applications/UART_DMA.cpp.obj
LOAD CMakeFiles/2025_Horse_H7.elf.dir/Core/Applications/bsp_mc02/can_bsp.c.obj
LOAD CMakeFiles/2025_Horse_H7.elf.dir/Core/Applications/filter.c.obj
LOAD CMakeFiles/2025_Horse_H7.elf.dir/Core/Applications/vofa.c.obj
LOAD CMakeFiles/2025_Horse_H7.elf.dir/Core/Src/dma.c.obj
LOAD CMakeFiles/2025_Horse_H7.elf.dir/Core/Src/fdcan.c.obj
LOAD CMakeFiles/2025_Horse_H7.elf.dir/Core/Src/freertos.c.obj
LOAD CMakeFiles/2025_Horse_H7.elf.dir/Core/Src/gpio.c.obj
LOAD CMakeFiles/2025_Horse_H7.elf.dir/Core/Src/main.c.obj
LOAD CMakeFiles/2025_Horse_H7.elf.dir/Core/Src/stm32h7xx_hal_msp.c.obj
LOAD CMakeFiles/2025_Horse_H7.elf.dir/Core/Src/stm32h7xx_hal_timebase_tim.c.obj
LOAD CMakeFiles/2025_Horse_H7.elf.dir/Core/Src/stm32h7xx_it.c.obj
LOAD CMakeFiles/2025_Horse_H7.elf.dir/Core/Src/syscalls.c.obj
LOAD CMakeFiles/2025_Horse_H7.elf.dir/Core/Src/sysmem.c.obj
LOAD CMakeFiles/2025_Horse_H7.elf.dir/Core/Src/system_stm32h7xx.c.obj
LOAD CMakeFiles/2025_Horse_H7.elf.dir/Core/Src/tim.c.obj
LOAD CMakeFiles/2025_Horse_H7.elf.dir/Core/Src/usart.c.obj
LOAD CMakeFiles/2025_Horse_H7.elf.dir/Core/Startup/startup_stm32h723vgtx.s.obj
LOAD CMakeFiles/2025_Horse_H7.elf.dir/Drivers/STM32H7xx_HAL_Driver/Src/stm32h7xx_hal.c.obj
LOAD CMakeFiles/2025_Horse_H7.elf.dir/Drivers/STM32H7xx_HAL_Driver/Src/stm32h7xx_hal_cortex.c.obj
LOAD CMakeFiles/2025_Horse_H7.elf.dir/Drivers/STM32H7xx_HAL_Driver/Src/stm32h7xx_hal_dma.c.obj
LOAD CMakeFiles/2025_Horse_H7.elf.dir/Drivers/STM32H7xx_HAL_Driver/Src/stm32h7xx_hal_dma_ex.c.obj
LOAD CMakeFiles/2025_Horse_H7.elf.dir/Drivers/STM32H7xx_HAL_Driver/Src/stm32h7xx_hal_exti.c.obj
LOAD CMakeFiles/2025_Horse_H7.elf.dir/Drivers/STM32H7xx_HAL_Driver/Src/stm32h7xx_hal_fdcan.c.obj
LOAD CMakeFiles/2025_Horse_H7.elf.dir/Drivers/STM32H7xx_HAL_Driver/Src/stm32h7xx_hal_flash.c.obj
LOAD CMakeFiles/2025_Horse_H7.elf.dir/Drivers/STM32H7xx_HAL_Driver/Src/stm32h7xx_hal_flash_ex.c.obj
LOAD CMakeFiles/2025_Horse_H7.elf.dir/Drivers/STM32H7xx_HAL_Driver/Src/stm32h7xx_hal_gpio.c.obj
LOAD CMakeFiles/2025_Horse_H7.elf.dir/Drivers/STM32H7xx_HAL_Driver/Src/stm32h7xx_hal_hsem.c.obj
LOAD CMakeFiles/2025_Horse_H7.elf.dir/Drivers/STM32H7xx_HAL_Driver/Src/stm32h7xx_hal_i2c.c.obj
LOAD CMakeFiles/2025_Horse_H7.elf.dir/Drivers/STM32H7xx_HAL_Driver/Src/stm32h7xx_hal_i2c_ex.c.obj
LOAD CMakeFiles/2025_Horse_H7.elf.dir/Drivers/STM32H7xx_HAL_Driver/Src/stm32h7xx_hal_mdma.c.obj
LOAD CMakeFiles/2025_Horse_H7.elf.dir/Drivers/STM32H7xx_HAL_Driver/Src/stm32h7xx_hal_pwr.c.obj
LOAD CMakeFiles/2025_Horse_H7.elf.dir/Drivers/STM32H7xx_HAL_Driver/Src/stm32h7xx_hal_pwr_ex.c.obj
LOAD CMakeFiles/2025_Horse_H7.elf.dir/Drivers/STM32H7xx_HAL_Driver/Src/stm32h7xx_hal_rcc.c.obj
LOAD CMakeFiles/2025_Horse_H7.elf.dir/Drivers/STM32H7xx_HAL_Driver/Src/stm32h7xx_hal_rcc_ex.c.obj
LOAD CMakeFiles/2025_Horse_H7.elf.dir/Drivers/STM32H7xx_HAL_Driver/Src/stm32h7xx_hal_tim.c.obj
LOAD CMakeFiles/2025_Horse_H7.elf.dir/Drivers/STM32H7xx_HAL_Driver/Src/stm32h7xx_hal_tim_ex.c.obj
LOAD CMakeFiles/2025_Horse_H7.elf.dir/Drivers/STM32H7xx_HAL_Driver/Src/stm32h7xx_hal_uart.c.obj
LOAD CMakeFiles/2025_Horse_H7.elf.dir/Drivers/STM32H7xx_HAL_Driver/Src/stm32h7xx_hal_uart_ex.c.obj
LOAD CMakeFiles/2025_Horse_H7.elf.dir/Middlewares/Third_Party/FreeRTOS/Source/CMSIS_RTOS_V2/cmsis_os2.c.obj
LOAD CMakeFiles/2025_Horse_H7.elf.dir/Middlewares/Third_Party/FreeRTOS/Source/croutine.c.obj
LOAD CMakeFiles/2025_Horse_H7.elf.dir/Middlewares/Third_Party/FreeRTOS/Source/event_groups.c.obj
LOAD CMakeFiles/2025_Horse_H7.elf.dir/Middlewares/Third_Party/FreeRTOS/Source/list.c.obj
LOAD CMakeFiles/2025_Horse_H7.elf.dir/Middlewares/Third_Party/FreeRTOS/Source/portable/GCC/ARM_CM4F/port.c.obj
LOAD CMakeFiles/2025_Horse_H7.elf.dir/Middlewares/Third_Party/FreeRTOS/Source/portable/MemMang/heap_4.c.obj
LOAD CMakeFiles/2025_Horse_H7.elf.dir/Middlewares/Third_Party/FreeRTOS/Source/queue.c.obj
LOAD CMakeFiles/2025_Horse_H7.elf.dir/Middlewares/Third_Party/FreeRTOS/Source/stream_buffer.c.obj
LOAD CMakeFiles/2025_Horse_H7.elf.dir/Middlewares/Third_Party/FreeRTOS/Source/tasks.c.obj
LOAD CMakeFiles/2025_Horse_H7.elf.dir/Middlewares/Third_Party/FreeRTOS/Source/timers.c.obj
LOAD d:/study/10_2021.10/bin/../lib/gcc/arm-none-eabi/10.3.1/../../../../arm-none-eabi/lib/thumb/v7e-m+fp/hard\libstdc++.a
LOAD d:/study/10_2021.10/bin/../lib/gcc/arm-none-eabi/10.3.1/../../../../arm-none-eabi/lib/thumb/v7e-m+fp/hard\libm.a
START GROUP
LOAD d:/study/10_2021.10/bin/../lib/gcc/arm-none-eabi/10.3.1/thumb/v7e-m+fp/hard\libgcc.a
LOAD d:/study/10_2021.10/bin/../lib/gcc/arm-none-eabi/10.3.1/../../../../arm-none-eabi/lib/thumb/v7e-m+fp/hard\libg.a
LOAD d:/study/10_2021.10/bin/../lib/gcc/arm-none-eabi/10.3.1/../../../../arm-none-eabi/lib/thumb/v7e-m+fp/hard\libc.a
END GROUP
LOAD d:/study/10_2021.10/bin/../lib/gcc/arm-none-eabi/10.3.1/thumb/v7e-m+fp/hard/crtend.o
LOAD d:/study/10_2021.10/bin/../lib/gcc/arm-none-eabi/10.3.1/thumb/v7e-m+fp/hard/crtn.o
                0x24050000                _estack = (ORIGIN (RAM_D1) + LENGTH (RAM_D1))
                0x00000200                _Min_Heap_Size = 0x200
                0x00000400                _Min_Stack_Size = 0x400

.isr_vector     0x08000000      0x2cc
                0x08000000                . = ALIGN (0x4)
 *(.isr_vector)
 .isr_vector    0x08000000      0x2cc CMakeFiles/2025_Horse_H7.elf.dir/Core/Startup/startup_stm32h723vgtx.s.obj
                0x08000000                g_pfnVectors
                0x080002cc                . = ALIGN (0x4)

.text           0x080002d0     0xbcf4
                0x080002d0                . = ALIGN (0x4)
 *(.text)
 .text          0x080002d0       0x40 d:/study/10_2021.10/bin/../lib/gcc/arm-none-eabi/10.3.1/thumb/v7e-m+fp/hard/crtbegin.o
 .text          0x08000310      0x378 d:/study/10_2021.10/bin/../lib/gcc/arm-none-eabi/10.3.1/thumb/v7e-m+fp/hard\libgcc.a(_arm_addsubdf3.o)
                0x08000310                __aeabi_drsub
                0x08000318                __aeabi_dsub
                0x08000318                __subdf3
                0x0800031c                __aeabi_dadd
                0x0800031c                __adddf3
                0x08000594                __floatunsidf
                0x08000594                __aeabi_ui2d
                0x080005b4                __floatsidf
                0x080005b4                __aeabi_i2d
                0x080005d8                __aeabi_f2d
                0x080005d8                __extendsfdf2
                0x0800061c                __floatundidf
                0x0800061c                __aeabi_ul2d
                0x0800062c                __floatdidf
                0x0800062c                __aeabi_l2d
 .text          0x08000688      0x424 d:/study/10_2021.10/bin/../lib/gcc/arm-none-eabi/10.3.1/thumb/v7e-m+fp/hard\libgcc.a(_arm_muldivdf3.o)
                0x08000688                __aeabi_dmul
                0x08000688                __muldf3
                0x080008dc                __divdf3
                0x080008dc                __aeabi_ddiv
 .text          0x08000aac      0x110 d:/study/10_2021.10/bin/../lib/gcc/arm-none-eabi/10.3.1/thumb/v7e-m+fp/hard\libgcc.a(_arm_cmpdf2.o)
                0x08000aac                __gtdf2
                0x08000aac                __gedf2
                0x08000ab4                __ltdf2
                0x08000ab4                __ledf2
                0x08000abc                __nedf2
                0x08000abc                __eqdf2
                0x08000abc                __cmpdf2
                0x08000b38                __aeabi_cdrcmple
                0x08000b48                __aeabi_cdcmpeq
                0x08000b48                __aeabi_cdcmple
                0x08000b58                __aeabi_dcmpeq
                0x08000b6c                __aeabi_dcmplt
                0x08000b80                __aeabi_dcmple
                0x08000b94                __aeabi_dcmpge
                0x08000ba8                __aeabi_dcmpgt
 .text          0x08000bbc       0x2c d:/study/10_2021.10/bin/../lib/gcc/arm-none-eabi/10.3.1/thumb/v7e-m+fp/hard\libgcc.a(_arm_unorddf2.o)
                0x08000bbc                __unorddf2
                0x08000bbc                __aeabi_dcmpun
 .text          0x08000be8       0xa0 d:/study/10_2021.10/bin/../lib/gcc/arm-none-eabi/10.3.1/thumb/v7e-m+fp/hard\libgcc.a(_arm_truncdfsf2.o)
                0x08000be8                __truncdfsf2
                0x08000be8                __aeabi_d2f
 .text          0x08000c88      0x21c d:/study/10_2021.10/bin/../lib/gcc/arm-none-eabi/10.3.1/thumb/v7e-m+fp/hard\libgcc.a(_arm_addsubsf3.o)
                0x08000c88                __aeabi_frsub
                0x08000c90                __subsf3
                0x08000c90                __aeabi_fsub
                0x08000c94                __aeabi_fadd
                0x08000c94                __addsf3
                0x08000df4                __aeabi_ui2f
                0x08000df4                __floatunsisf
                0x08000dfc                __aeabi_i2f
                0x08000dfc                __floatsisf
                0x08000e18                __aeabi_ul2f
                0x08000e18                __floatundisf
                0x08000e28                __aeabi_l2f
                0x08000e28                __floatdisf
 .text          0x08000ea4       0x30 d:/study/10_2021.10/bin/../lib/gcc/arm-none-eabi/10.3.1/thumb/v7e-m+fp/hard\libgcc.a(_aeabi_uldivmod.o)
                0x08000ea4                __aeabi_uldivmod
 .text          0x08000ed4      0x2d0 d:/study/10_2021.10/bin/../lib/gcc/arm-none-eabi/10.3.1/thumb/v7e-m+fp/hard\libgcc.a(_udivmoddi4.o)
                0x08000ed4                __udivmoddi4
 .text          0x080011a4      0x9d8 d:/study/10_2021.10/bin/../lib/gcc/arm-none-eabi/10.3.1/thumb/v7e-m+fp/hard\libgcc.a(unwind-arm.o)
                0x0800144c                _Unwind_GetCFA
                0x08001450                __gnu_Unwind_RaiseException
                0x080014b8                __gnu_Unwind_ForcedUnwind
                0x080014c8                __gnu_Unwind_Resume
                0x0800150c                __gnu_Unwind_Resume_or_Rethrow
                0x0800151c                _Unwind_Complete
                0x08001520                _Unwind_DeleteException
                0x0800152c                _Unwind_VRS_Get
                0x08001578                _Unwind_VRS_Set
                0x080015c0                __gnu_Unwind_Backtrace
                0x080018ec                __aeabi_unwind_cpp_pr0
                0x080018f0                __aeabi_unwind_cpp_pr1
                0x080018f4                __aeabi_unwind_cpp_pr2
                0x080018f8                _Unwind_VRS_Pop
 .text          0x08001b7c      0x1ac d:/study/10_2021.10/bin/../lib/gcc/arm-none-eabi/10.3.1/thumb/v7e-m+fp/hard\libgcc.a(libunwind.o)
                0x08001b7c                __restore_core_regs
                0x08001b7c                restore_core_regs
                0x08001b94                __gnu_Unwind_Restore_VFP
                0x08001b9c                __gnu_Unwind_Save_VFP
                0x08001ba4                __gnu_Unwind_Restore_VFP_D
                0x08001bac                __gnu_Unwind_Save_VFP_D
                0x08001bb4                __gnu_Unwind_Restore_VFP_D_16_to_31
                0x08001bbc                __gnu_Unwind_Save_VFP_D_16_to_31
                0x08001bc4                __gnu_Unwind_Restore_WMMXD
                0x08001c08                __gnu_Unwind_Save_WMMXD
                0x08001c4c                __gnu_Unwind_Restore_WMMXC
                0x08001c60                __gnu_Unwind_Save_WMMXC
                0x08001c74                ___Unwind_RaiseException
                0x08001c74                _Unwind_RaiseException
                0x08001c98                _Unwind_Resume
                0x08001c98                ___Unwind_Resume
                0x08001cbc                _Unwind_Resume_or_Rethrow
                0x08001cbc                ___Unwind_Resume_or_Rethrow
                0x08001ce0                _Unwind_ForcedUnwind
                0x08001ce0                ___Unwind_ForcedUnwind
                0x08001d04                ___Unwind_Backtrace
                0x08001d04                _Unwind_Backtrace
 .text          0x08001d28      0x350 d:/study/10_2021.10/bin/../lib/gcc/arm-none-eabi/10.3.1/thumb/v7e-m+fp/hard\libgcc.a(pr-support.o)
                0x08001d80                __gnu_unwind_execute
                0x0800202c                __gnu_unwind_frame
                0x08002058                _Unwind_GetRegionStart
                0x08002064                _Unwind_GetLanguageSpecificData
 .text          0x08002078        0x4 d:/study/10_2021.10/bin/../lib/gcc/arm-none-eabi/10.3.1/thumb/v7e-m+fp/hard\libgcc.a(_dvmd_tls.o)
                0x08002078                __aeabi_idiv0
                0x08002078                __aeabi_ldiv0
 .text          0x0800207c      0x134 d:/study/10_2021.10/bin/../lib/gcc/arm-none-eabi/10.3.1/../../../../arm-none-eabi/lib/thumb/v7e-m+fp/hard\libg.a(lib_a-memcpy.o)
                0x0800207c                memcpy
 *(.text*)
 .text._ZN10IMU_N300WP10data_transEhhhh
                0x080021b0       0xa4 CMakeFiles/2025_Horse_H7.elf.dir/Core/Applications/Cpp/IMU_N300WP.cpp.obj
                0x080021b0                IMU_N300WP::data_trans(unsigned char, unsigned char, unsigned char, unsigned char)
 .text._ZN10IMU_N300WP8data_getEPh
                0x08002254      0x15c CMakeFiles/2025_Horse_H7.elf.dir/Core/Applications/Cpp/IMU_N300WP.cpp.obj
                0x08002254                IMU_N300WP::data_get(unsigned char*)
 .text._ZN14Step_CharacterD2Ev
                0x080023b0        0x2 CMakeFiles/2025_Horse_H7.elf.dir/Core/Applications/Cpp/Leg_Control.cpp.obj
                0x080023b0                Step_Character::~Step_Character()
                0x080023b0                Step_Character::~Step_Character()
 *fill*         0x080023b2        0x2 
 .text._Z41__static_initialization_and_destruction_0ii
                0x080023b4       0x34 CMakeFiles/2025_Horse_H7.elf.dir/Core/Applications/Cpp/Leg_Control.cpp.obj
 .text._GLOBAL__sub_I__ZN19Single_Foot_MeasureC2Effffff
                0x080023e8        0xe CMakeFiles/2025_Horse_H7.elf.dir/Core/Applications/Cpp/Leg_Control.cpp.obj
 *fill*         0x080023f6        0x2 
 .text.Main     0x080023f8       0x30 CMakeFiles/2025_Horse_H7.elf.dir/Core/Applications/Cpp/Main.cpp.obj
                0x080023f8                Main
 .text._ZL19UART1_Receive_ServePhh
                0x08002428       0x28 CMakeFiles/2025_Horse_H7.elf.dir/Core/Applications/UART_DMA.cpp.obj
 .text._ZL19UART7_Receive_ServePhh
                0x08002450       0x18 CMakeFiles/2025_Horse_H7.elf.dir/Core/Applications/UART_DMA.cpp.obj
 .text._Z17IMU_Receive_ServePhhP20__UART_HandleTypeDef
                0x08002468       0x70 CMakeFiles/2025_Horse_H7.elf.dir/Core/Applications/UART_DMA.cpp.obj
                0x08002468                IMU_Receive_Serve(unsigned char*, unsigned char, __UART_HandleTypeDef*)
 .text._ZL20UART10_Receive_ServePhhP20__UART_HandleTypeDef
                0x080024d8       0x2c CMakeFiles/2025_Horse_H7.elf.dir/Core/Applications/UART_DMA.cpp.obj
 .text.UART_DMA_Receive_init
                0x08002504       0x12 CMakeFiles/2025_Horse_H7.elf.dir/Core/Applications/UART_DMA.cpp.obj
                0x08002504                UART_DMA_Receive_init
 *fill*         0x08002516        0x2 
 .text.UART_DMA_Receive_IT
                0x08002518       0xf0 CMakeFiles/2025_Horse_H7.elf.dir/Core/Applications/UART_DMA.cpp.obj
                0x08002518                UART_DMA_Receive_IT
 .text.HAL_UART_ErrorCallback
                0x08002608       0x24 CMakeFiles/2025_Horse_H7.elf.dir/Core/Applications/UART_DMA.cpp.obj
                0x08002608                HAL_UART_ErrorCallback
 .text.fdcanx_receive
                0x0800262c       0x22 CMakeFiles/2025_Horse_H7.elf.dir/Core/Applications/bsp_mc02/can_bsp.c.obj
                0x0800262c                fdcanx_receive
 *fill*         0x0800264e        0x2 
 .text.fdcan1_rx_callback
                0x08002650       0x20 CMakeFiles/2025_Horse_H7.elf.dir/Core/Applications/bsp_mc02/can_bsp.c.obj
                0x08002650                fdcan1_rx_callback
 .text.fdcan2_rx_callback
                0x08002670       0x20 CMakeFiles/2025_Horse_H7.elf.dir/Core/Applications/bsp_mc02/can_bsp.c.obj
                0x08002670                fdcan2_rx_callback
 .text.fdcan3_rx_callback
                0x08002690       0x20 CMakeFiles/2025_Horse_H7.elf.dir/Core/Applications/bsp_mc02/can_bsp.c.obj
                0x08002690                fdcan3_rx_callback
 .text.HAL_FDCAN_RxFifo0Callback
                0x080026b0       0x40 CMakeFiles/2025_Horse_H7.elf.dir/Core/Applications/bsp_mc02/can_bsp.c.obj
                0x080026b0                HAL_FDCAN_RxFifo0Callback
 .text.Vofa_Transmit
                0x080026f0       0x3c CMakeFiles/2025_Horse_H7.elf.dir/Core/Applications/vofa.c.obj
                0x080026f0                Vofa_Transmit
 .text.MX_DMA_Init
                0x0800272c       0xa0 CMakeFiles/2025_Horse_H7.elf.dir/Core/Src/dma.c.obj
                0x0800272c                MX_DMA_Init
 .text.MX_FDCAN1_Init
                0x080027cc       0x64 CMakeFiles/2025_Horse_H7.elf.dir/Core/Src/fdcan.c.obj
                0x080027cc                MX_FDCAN1_Init
 .text.MX_FDCAN2_Init
                0x08002830       0x68 CMakeFiles/2025_Horse_H7.elf.dir/Core/Src/fdcan.c.obj
                0x08002830                MX_FDCAN2_Init
 .text.MX_FDCAN3_Init
                0x08002898       0x68 CMakeFiles/2025_Horse_H7.elf.dir/Core/Src/fdcan.c.obj
                0x08002898                MX_FDCAN3_Init
 .text.HAL_FDCAN_MspInit
                0x08002900      0x228 CMakeFiles/2025_Horse_H7.elf.dir/Core/Src/fdcan.c.obj
                0x08002900                HAL_FDCAN_MspInit
 .text.StartDefaultTask
                0x08002b28        0xa CMakeFiles/2025_Horse_H7.elf.dir/Core/Src/freertos.c.obj
                0x08002b28                StartDefaultTask
 *fill*         0x08002b32        0x2 
 .text.UART_TX_task
                0x08002b34       0x28 CMakeFiles/2025_Horse_H7.elf.dir/Core/Src/freertos.c.obj
                0x08002b34                UART_TX_task
 .text.MX_FREERTOS_Init
                0x08002b5c       0x38 CMakeFiles/2025_Horse_H7.elf.dir/Core/Src/freertos.c.obj
                0x08002b5c                MX_FREERTOS_Init
 .text.MX_GPIO_Init
                0x08002b94       0xd4 CMakeFiles/2025_Horse_H7.elf.dir/Core/Src/gpio.c.obj
                0x08002b94                MX_GPIO_Init
 .text.HAL_TIM_PeriodElapsedCallback
                0x08002c68       0x18 CMakeFiles/2025_Horse_H7.elf.dir/Core/Src/main.c.obj
                0x08002c68                HAL_TIM_PeriodElapsedCallback
 .text.Error_Handler
                0x08002c80        0x4 CMakeFiles/2025_Horse_H7.elf.dir/Core/Src/main.c.obj
                0x08002c80                Error_Handler
 .text.SystemClock_Config
                0x08002c84       0xa8 CMakeFiles/2025_Horse_H7.elf.dir/Core/Src/main.c.obj
                0x08002c84                SystemClock_Config
 .text.main     0x08002d2c       0x4c CMakeFiles/2025_Horse_H7.elf.dir/Core/Src/main.c.obj
                0x08002d2c                main
 .text.HAL_MspInit
                0x08002d78       0x34 CMakeFiles/2025_Horse_H7.elf.dir/Core/Src/stm32h7xx_hal_msp.c.obj
                0x08002d78                HAL_MspInit
 .text.HAL_InitTick
                0x08002dac       0x9c CMakeFiles/2025_Horse_H7.elf.dir/Core/Src/stm32h7xx_hal_timebase_tim.c.obj
                0x08002dac                HAL_InitTick
 .text.NMI_Handler
                0x08002e48        0x2 CMakeFiles/2025_Horse_H7.elf.dir/Core/Src/stm32h7xx_it.c.obj
                0x08002e48                NMI_Handler
 .text.HardFault_Handler
                0x08002e4a        0x2 CMakeFiles/2025_Horse_H7.elf.dir/Core/Src/stm32h7xx_it.c.obj
                0x08002e4a                HardFault_Handler
 .text.MemManage_Handler
                0x08002e4c        0x2 CMakeFiles/2025_Horse_H7.elf.dir/Core/Src/stm32h7xx_it.c.obj
                0x08002e4c                MemManage_Handler
 .text.BusFault_Handler
                0x08002e4e        0x2 CMakeFiles/2025_Horse_H7.elf.dir/Core/Src/stm32h7xx_it.c.obj
                0x08002e4e                BusFault_Handler
 .text.UsageFault_Handler
                0x08002e50        0x2 CMakeFiles/2025_Horse_H7.elf.dir/Core/Src/stm32h7xx_it.c.obj
                0x08002e50                UsageFault_Handler
 .text.DebugMon_Handler
                0x08002e52        0x2 CMakeFiles/2025_Horse_H7.elf.dir/Core/Src/stm32h7xx_it.c.obj
                0x08002e52                DebugMon_Handler
 .text.DMA1_Stream0_IRQHandler
                0x08002e54       0x10 CMakeFiles/2025_Horse_H7.elf.dir/Core/Src/stm32h7xx_it.c.obj
                0x08002e54                DMA1_Stream0_IRQHandler
 .text.DMA1_Stream1_IRQHandler
                0x08002e64       0x10 CMakeFiles/2025_Horse_H7.elf.dir/Core/Src/stm32h7xx_it.c.obj
                0x08002e64                DMA1_Stream1_IRQHandler
 .text.DMA1_Stream4_IRQHandler
                0x08002e74       0x10 CMakeFiles/2025_Horse_H7.elf.dir/Core/Src/stm32h7xx_it.c.obj
                0x08002e74                DMA1_Stream4_IRQHandler
 .text.DMA1_Stream5_IRQHandler
                0x08002e84       0x10 CMakeFiles/2025_Horse_H7.elf.dir/Core/Src/stm32h7xx_it.c.obj
                0x08002e84                DMA1_Stream5_IRQHandler
 .text.FDCAN1_IT0_IRQHandler
                0x08002e94       0x10 CMakeFiles/2025_Horse_H7.elf.dir/Core/Src/stm32h7xx_it.c.obj
                0x08002e94                FDCAN1_IT0_IRQHandler
 .text.FDCAN2_IT0_IRQHandler
                0x08002ea4       0x10 CMakeFiles/2025_Horse_H7.elf.dir/Core/Src/stm32h7xx_it.c.obj
                0x08002ea4                FDCAN2_IT0_IRQHandler
 .text.FDCAN1_IT1_IRQHandler
                0x08002eb4       0x10 CMakeFiles/2025_Horse_H7.elf.dir/Core/Src/stm32h7xx_it.c.obj
                0x08002eb4                FDCAN1_IT1_IRQHandler
 .text.FDCAN2_IT1_IRQHandler
                0x08002ec4       0x10 CMakeFiles/2025_Horse_H7.elf.dir/Core/Src/stm32h7xx_it.c.obj
                0x08002ec4                FDCAN2_IT1_IRQHandler
 .text.USART1_IRQHandler
                0x08002ed4       0x10 CMakeFiles/2025_Horse_H7.elf.dir/Core/Src/stm32h7xx_it.c.obj
                0x08002ed4                USART1_IRQHandler
 .text.TIM8_BRK_TIM12_IRQHandler
                0x08002ee4       0x18 CMakeFiles/2025_Horse_H7.elf.dir/Core/Src/stm32h7xx_it.c.obj
                0x08002ee4                TIM8_BRK_TIM12_IRQHandler
 .text.TIM8_UP_TIM13_IRQHandler
                0x08002efc       0x10 CMakeFiles/2025_Horse_H7.elf.dir/Core/Src/stm32h7xx_it.c.obj
                0x08002efc                TIM8_UP_TIM13_IRQHandler
 .text.TIM5_IRQHandler
                0x08002f0c       0x10 CMakeFiles/2025_Horse_H7.elf.dir/Core/Src/stm32h7xx_it.c.obj
                0x08002f0c                TIM5_IRQHandler
 .text.TIM6_DAC_IRQHandler
                0x08002f1c       0x10 CMakeFiles/2025_Horse_H7.elf.dir/Core/Src/stm32h7xx_it.c.obj
                0x08002f1c                TIM6_DAC_IRQHandler
 .text.TIM7_IRQHandler
                0x08002f2c       0x10 CMakeFiles/2025_Horse_H7.elf.dir/Core/Src/stm32h7xx_it.c.obj
                0x08002f2c                TIM7_IRQHandler
 .text.DMA2_Stream3_IRQHandler
                0x08002f3c       0x10 CMakeFiles/2025_Horse_H7.elf.dir/Core/Src/stm32h7xx_it.c.obj
                0x08002f3c                DMA2_Stream3_IRQHandler
 .text.DMA2_Stream4_IRQHandler
                0x08002f4c       0x10 CMakeFiles/2025_Horse_H7.elf.dir/Core/Src/stm32h7xx_it.c.obj
                0x08002f4c                DMA2_Stream4_IRQHandler
 .text.UART7_IRQHandler
                0x08002f5c       0x10 CMakeFiles/2025_Horse_H7.elf.dir/Core/Src/stm32h7xx_it.c.obj
                0x08002f5c                UART7_IRQHandler
 .text.USART10_IRQHandler
                0x08002f6c       0x24 CMakeFiles/2025_Horse_H7.elf.dir/Core/Src/stm32h7xx_it.c.obj
                0x08002f6c                USART10_IRQHandler
 .text.FDCAN3_IT0_IRQHandler
                0x08002f90       0x10 CMakeFiles/2025_Horse_H7.elf.dir/Core/Src/stm32h7xx_it.c.obj
                0x08002f90                FDCAN3_IT0_IRQHandler
 .text.FDCAN3_IT1_IRQHandler
                0x08002fa0       0x10 CMakeFiles/2025_Horse_H7.elf.dir/Core/Src/stm32h7xx_it.c.obj
                0x08002fa0                FDCAN3_IT1_IRQHandler
 .text._getpid  0x08002fb0        0x4 CMakeFiles/2025_Horse_H7.elf.dir/Core/Src/syscalls.c.obj
                0x08002fb0                _getpid
 .text._kill    0x08002fb4       0x10 CMakeFiles/2025_Horse_H7.elf.dir/Core/Src/syscalls.c.obj
                0x08002fb4                _kill
 .text._exit    0x08002fc4        0xc CMakeFiles/2025_Horse_H7.elf.dir/Core/Src/syscalls.c.obj
                0x08002fc4                _exit
 .text.SystemInit
                0x08002fd0       0xac CMakeFiles/2025_Horse_H7.elf.dir/Core/Src/system_stm32h7xx.c.obj
                0x08002fd0                SystemInit
 .text.MX_TIM6_Init
                0x0800307c       0x54 CMakeFiles/2025_Horse_H7.elf.dir/Core/Src/tim.c.obj
                0x0800307c                MX_TIM6_Init
 .text.MX_TIM7_Init
                0x080030d0       0x54 CMakeFiles/2025_Horse_H7.elf.dir/Core/Src/tim.c.obj
                0x080030d0                MX_TIM7_Init
 .text.MX_TIM8_Init
                0x08003124       0x78 CMakeFiles/2025_Horse_H7.elf.dir/Core/Src/tim.c.obj
                0x08003124                MX_TIM8_Init
 .text.MX_TIM12_Init
                0x0800319c       0x74 CMakeFiles/2025_Horse_H7.elf.dir/Core/Src/tim.c.obj
                0x0800319c                MX_TIM12_Init
 .text.HAL_TIM_Base_MspInit
                0x08003210       0xf8 CMakeFiles/2025_Horse_H7.elf.dir/Core/Src/tim.c.obj
                0x08003210                HAL_TIM_Base_MspInit
 .text.MX_UART7_Init
                0x08003308       0x68 CMakeFiles/2025_Horse_H7.elf.dir/Core/Src/usart.c.obj
                0x08003308                MX_UART7_Init
 .text.MX_USART1_UART_Init
                0x08003370       0x68 CMakeFiles/2025_Horse_H7.elf.dir/Core/Src/usart.c.obj
                0x08003370                MX_USART1_UART_Init
 .text.MX_USART10_UART_Init
                0x080033d8       0x68 CMakeFiles/2025_Horse_H7.elf.dir/Core/Src/usart.c.obj
                0x080033d8                MX_USART10_UART_Init
 .text.HAL_UART_MspInit
                0x08003440      0x33c CMakeFiles/2025_Horse_H7.elf.dir/Core/Src/usart.c.obj
                0x08003440                HAL_UART_MspInit
 .text.Reset_Handler
                0x0800377c       0x50 CMakeFiles/2025_Horse_H7.elf.dir/Core/Startup/startup_stm32h723vgtx.s.obj
                0x0800377c                Reset_Handler
 .text.Default_Handler
                0x080037cc        0x2 CMakeFiles/2025_Horse_H7.elf.dir/Core/Startup/startup_stm32h723vgtx.s.obj
                0x080037cc                RTC_Alarm_IRQHandler
                0x080037cc                EXTI2_IRQHandler
                0x080037cc                TIM8_CC_IRQHandler
                0x080037cc                UART8_IRQHandler
                0x080037cc                SPI4_IRQHandler
                0x080037cc                TIM1_CC_IRQHandler
                0x080037cc                BDMA_Channel6_IRQHandler
                0x080037cc                DMA2_Stream5_IRQHandler
                0x080037cc                CORDIC_IRQHandler
                0x080037cc                BDMA_Channel1_IRQHandler
                0x080037cc                TAMP_STAMP_IRQHandler
                0x080037cc                EXTI3_IRQHandler
                0x080037cc                LPTIM4_IRQHandler
                0x080037cc                TIM8_TRG_COM_TIM14_IRQHandler
                0x080037cc                LPTIM2_IRQHandler
                0x080037cc                DFSDM1_FLT1_IRQHandler
                0x080037cc                DMAMUX2_OVR_IRQHandler
                0x080037cc                I2C3_ER_IRQHandler
                0x080037cc                DFSDM1_FLT2_IRQHandler
                0x080037cc                I2C5_EV_IRQHandler
                0x080037cc                MDMA_IRQHandler
                0x080037cc                LPTIM3_IRQHandler
                0x080037cc                HSEM1_IRQHandler
                0x080037cc                EXTI0_IRQHandler
                0x080037cc                I2C2_EV_IRQHandler
                0x080037cc                DMA1_Stream2_IRQHandler
                0x080037cc                FPU_IRQHandler
                0x080037cc                OTG_HS_WKUP_IRQHandler
                0x080037cc                LTDC_ER_IRQHandler
                0x080037cc                DMA2_Stream2_IRQHandler
                0x080037cc                SPI1_IRQHandler
                0x080037cc                OCTOSPI1_IRQHandler
                0x080037cc                OCTOSPI2_IRQHandler
                0x080037cc                DFSDM1_FLT3_IRQHandler
                0x080037cc                TIM23_IRQHandler
                0x080037cc                USART6_IRQHandler
                0x080037cc                TIM17_IRQHandler
                0x080037cc                USART3_IRQHandler
                0x080037cc                BDMA_Channel7_IRQHandler
                0x080037cc                LPTIM5_IRQHandler
                0x080037cc                UART5_IRQHandler
                0x080037cc                ADC3_IRQHandler
                0x080037cc                DMA2_Stream0_IRQHandler
                0x080037cc                TIM4_IRQHandler
                0x080037cc                BDMA_Channel2_IRQHandler
                0x080037cc                I2C1_EV_IRQHandler
                0x080037cc                DMA1_Stream6_IRQHandler
                0x080037cc                DMAMUX1_OVR_IRQHandler
                0x080037cc                TIM16_IRQHandler
                0x080037cc                UART4_IRQHandler
                0x080037cc                BDMA_Channel5_IRQHandler
                0x080037cc                TIM3_IRQHandler
                0x080037cc                RCC_IRQHandler
                0x080037cc                UART9_IRQHandler
                0x080037cc                TIM1_TRG_COM_IRQHandler
                0x080037cc                Default_Handler
                0x080037cc                ECC_IRQHandler
                0x080037cc                FMAC_IRQHandler
                0x080037cc                CEC_IRQHandler
                0x080037cc                EXTI15_10_IRQHandler
                0x080037cc                BDMA_Channel0_IRQHandler
                0x080037cc                ADC_IRQHandler
                0x080037cc                I2C5_ER_IRQHandler
                0x080037cc                DMA1_Stream7_IRQHandler
                0x080037cc                SPI5_IRQHandler
                0x080037cc                SDMMC1_IRQHandler
                0x080037cc                DMA2_Stream7_IRQHandler
                0x080037cc                TIM15_IRQHandler
                0x080037cc                PVD_AVD_IRQHandler
                0x080037cc                I2C3_EV_IRQHandler
                0x080037cc                EXTI9_5_IRQHandler
                0x080037cc                RTC_WKUP_IRQHandler
                0x080037cc                LTDC_IRQHandler
                0x080037cc                ETH_WKUP_IRQHandler
                0x080037cc                SPDIF_RX_IRQHandler
                0x080037cc                SPI2_IRQHandler
                0x080037cc                OTG_HS_EP1_IN_IRQHandler
                0x080037cc                TIM24_IRQHandler
                0x080037cc                CRS_IRQHandler
                0x080037cc                EXTI4_IRQHandler
                0x080037cc                RNG_IRQHandler
                0x080037cc                ETH_IRQHandler
                0x080037cc                TIM1_UP_IRQHandler
                0x080037cc                BDMA_Channel4_IRQHandler
                0x080037cc                OTG_HS_EP1_OUT_IRQHandler
                0x080037cc                WWDG_IRQHandler
                0x080037cc                SPI6_IRQHandler
                0x080037cc                MDIOS_IRQHandler
                0x080037cc                I2C4_EV_IRQHandler
                0x080037cc                LPUART1_IRQHandler
                0x080037cc                TIM2_IRQHandler
                0x080037cc                OTG_HS_IRQHandler
                0x080037cc                DMA2D_IRQHandler
                0x080037cc                TIM1_BRK_IRQHandler
                0x080037cc                EXTI1_IRQHandler
                0x080037cc                SDMMC2_IRQHandler
                0x080037cc                BDMA_Channel3_IRQHandler
                0x080037cc                DTS_IRQHandler
                0x080037cc                MDIOS_WKUP_IRQHandler
                0x080037cc                USART2_IRQHandler
                0x080037cc                DFSDM1_FLT0_IRQHandler
                0x080037cc                SAI4_IRQHandler
                0x080037cc                I2C2_ER_IRQHandler
                0x080037cc                DMA2_Stream1_IRQHandler
                0x080037cc                FLASH_IRQHandler
                0x080037cc                SPI3_IRQHandler
                0x080037cc                WAKEUP_PIN_IRQHandler
                0x080037cc                I2C1_ER_IRQHandler
                0x080037cc                FMC_IRQHandler
                0x080037cc                FDCAN_CAL_IRQHandler
                0x080037cc                SWPMI1_IRQHandler
                0x080037cc                COMP1_IRQHandler
                0x080037cc                LPTIM1_IRQHandler
                0x080037cc                DCMI_PSSI_IRQHandler
                0x080037cc                I2C4_ER_IRQHandler
                0x080037cc                DMA2_Stream6_IRQHandler
                0x080037cc                SAI1_IRQHandler
                0x080037cc                DMA1_Stream3_IRQHandler
 *fill*         0x080037ce        0x2 
 .text.HAL_Init
                0x080037d0       0x5c CMakeFiles/2025_Horse_H7.elf.dir/Drivers/STM32H7xx_HAL_Driver/Src/stm32h7xx_hal.c.obj
                0x080037d0                HAL_Init
 .text.HAL_IncTick
                0x0800382c       0x18 CMakeFiles/2025_Horse_H7.elf.dir/Drivers/STM32H7xx_HAL_Driver/Src/stm32h7xx_hal.c.obj
                0x0800382c                HAL_IncTick
 .text.HAL_GetTick
                0x08003844        0xc CMakeFiles/2025_Horse_H7.elf.dir/Drivers/STM32H7xx_HAL_Driver/Src/stm32h7xx_hal.c.obj
                0x08003844                HAL_GetTick
 .text.HAL_NVIC_SetPriorityGrouping
                0x08003850       0x24 CMakeFiles/2025_Horse_H7.elf.dir/Drivers/STM32H7xx_HAL_Driver/Src/stm32h7xx_hal_cortex.c.obj
                0x08003850                HAL_NVIC_SetPriorityGrouping
 .text.HAL_NVIC_SetPriority
                0x08003874       0x6c CMakeFiles/2025_Horse_H7.elf.dir/Drivers/STM32H7xx_HAL_Driver/Src/stm32h7xx_hal_cortex.c.obj
                0x08003874                HAL_NVIC_SetPriority
 .text.HAL_NVIC_EnableIRQ
                0x080038e0       0x1c CMakeFiles/2025_Horse_H7.elf.dir/Drivers/STM32H7xx_HAL_Driver/Src/stm32h7xx_hal_cortex.c.obj
                0x080038e0                HAL_NVIC_EnableIRQ
 .text.DMA_SetConfig
                0x080038fc      0x1b4 CMakeFiles/2025_Horse_H7.elf.dir/Drivers/STM32H7xx_HAL_Driver/Src/stm32h7xx_hal_dma.c.obj
 .text.DMA_CalcBaseAndBitshift
                0x08003ab0       0xb4 CMakeFiles/2025_Horse_H7.elf.dir/Drivers/STM32H7xx_HAL_Driver/Src/stm32h7xx_hal_dma.c.obj
 .text.DMA_CheckFifoParam
                0x08003b64       0x92 CMakeFiles/2025_Horse_H7.elf.dir/Drivers/STM32H7xx_HAL_Driver/Src/stm32h7xx_hal_dma.c.obj
 *fill*         0x08003bf6        0x2 
 .text.DMA_CalcDMAMUXChannelBaseAndMask
                0x08003bf8       0xb0 CMakeFiles/2025_Horse_H7.elf.dir/Drivers/STM32H7xx_HAL_Driver/Src/stm32h7xx_hal_dma.c.obj
 .text.DMA_CalcDMAMUXRequestGenBaseAndMask
                0x08003ca8       0x7c CMakeFiles/2025_Horse_H7.elf.dir/Drivers/STM32H7xx_HAL_Driver/Src/stm32h7xx_hal_dma.c.obj
 .text.HAL_DMA_Init
                0x08003d24      0x394 CMakeFiles/2025_Horse_H7.elf.dir/Drivers/STM32H7xx_HAL_Driver/Src/stm32h7xx_hal_dma.c.obj
                0x08003d24                HAL_DMA_Init
 .text.HAL_DMA_Start_IT
                0x080040b8      0x298 CMakeFiles/2025_Horse_H7.elf.dir/Drivers/STM32H7xx_HAL_Driver/Src/stm32h7xx_hal_dma.c.obj
                0x080040b8                HAL_DMA_Start_IT
 .text.HAL_DMA_Abort
                0x08004350      0x340 CMakeFiles/2025_Horse_H7.elf.dir/Drivers/STM32H7xx_HAL_Driver/Src/stm32h7xx_hal_dma.c.obj
                0x08004350                HAL_DMA_Abort
 .text.HAL_DMA_Abort_IT
                0x08004690      0x270 CMakeFiles/2025_Horse_H7.elf.dir/Drivers/STM32H7xx_HAL_Driver/Src/stm32h7xx_hal_dma.c.obj
                0x08004690                HAL_DMA_Abort_IT
 .text.HAL_DMA_IRQHandler
                0x08004900      0x738 CMakeFiles/2025_Horse_H7.elf.dir/Drivers/STM32H7xx_HAL_Driver/Src/stm32h7xx_hal_dma.c.obj
                0x08004900                HAL_DMA_IRQHandler
 .text.HAL_DMA_GetError
                0x08005038        0x4 CMakeFiles/2025_Horse_H7.elf.dir/Drivers/STM32H7xx_HAL_Driver/Src/stm32h7xx_hal_dma.c.obj
                0x08005038                HAL_DMA_GetError
 .text.FDCAN_CalcultateRamBlockAddresses
                0x0800503c      0x1d4 CMakeFiles/2025_Horse_H7.elf.dir/Drivers/STM32H7xx_HAL_Driver/Src/stm32h7xx_hal_fdcan.c.obj
 .text.HAL_FDCAN_Init
                0x08005210      0x294 CMakeFiles/2025_Horse_H7.elf.dir/Drivers/STM32H7xx_HAL_Driver/Src/stm32h7xx_hal_fdcan.c.obj
                0x08005210                HAL_FDCAN_Init
 .text.HAL_FDCAN_GetRxMessage
                0x080054a4      0x1e8 CMakeFiles/2025_Horse_H7.elf.dir/Drivers/STM32H7xx_HAL_Driver/Src/stm32h7xx_hal_fdcan.c.obj
                0x080054a4                HAL_FDCAN_GetRxMessage
 .text.HAL_FDCAN_ClockCalibrationCallback
                0x0800568c        0x2 CMakeFiles/2025_Horse_H7.elf.dir/Drivers/STM32H7xx_HAL_Driver/Src/stm32h7xx_hal_fdcan.c.obj
                0x0800568c                HAL_FDCAN_ClockCalibrationCallback
 .text.HAL_FDCAN_TxEventFifoCallback
                0x0800568e        0x2 CMakeFiles/2025_Horse_H7.elf.dir/Drivers/STM32H7xx_HAL_Driver/Src/stm32h7xx_hal_fdcan.c.obj
                0x0800568e                HAL_FDCAN_TxEventFifoCallback
 .text.HAL_FDCAN_RxFifo1Callback
                0x08005690        0x2 CMakeFiles/2025_Horse_H7.elf.dir/Drivers/STM32H7xx_HAL_Driver/Src/stm32h7xx_hal_fdcan.c.obj
                0x08005690                HAL_FDCAN_RxFifo1Callback
 .text.HAL_FDCAN_TxFifoEmptyCallback
                0x08005692        0x2 CMakeFiles/2025_Horse_H7.elf.dir/Drivers/STM32H7xx_HAL_Driver/Src/stm32h7xx_hal_fdcan.c.obj
                0x08005692                HAL_FDCAN_TxFifoEmptyCallback
 .text.HAL_FDCAN_TxBufferCompleteCallback
                0x08005694        0x2 CMakeFiles/2025_Horse_H7.elf.dir/Drivers/STM32H7xx_HAL_Driver/Src/stm32h7xx_hal_fdcan.c.obj
                0x08005694                HAL_FDCAN_TxBufferCompleteCallback
 .text.HAL_FDCAN_TxBufferAbortCallback
                0x08005696        0x2 CMakeFiles/2025_Horse_H7.elf.dir/Drivers/STM32H7xx_HAL_Driver/Src/stm32h7xx_hal_fdcan.c.obj
                0x08005696                HAL_FDCAN_TxBufferAbortCallback
 .text.HAL_FDCAN_RxBufferNewMessageCallback
                0x08005698        0x2 CMakeFiles/2025_Horse_H7.elf.dir/Drivers/STM32H7xx_HAL_Driver/Src/stm32h7xx_hal_fdcan.c.obj
                0x08005698                HAL_FDCAN_RxBufferNewMessageCallback
 .text.HAL_FDCAN_TimestampWraparoundCallback
                0x0800569a        0x2 CMakeFiles/2025_Horse_H7.elf.dir/Drivers/STM32H7xx_HAL_Driver/Src/stm32h7xx_hal_fdcan.c.obj
                0x0800569a                HAL_FDCAN_TimestampWraparoundCallback
 .text.HAL_FDCAN_TimeoutOccurredCallback
                0x0800569c        0x2 CMakeFiles/2025_Horse_H7.elf.dir/Drivers/STM32H7xx_HAL_Driver/Src/stm32h7xx_hal_fdcan.c.obj
                0x0800569c                HAL_FDCAN_TimeoutOccurredCallback
 .text.HAL_FDCAN_HighPriorityMessageCallback
                0x0800569e        0x2 CMakeFiles/2025_Horse_H7.elf.dir/Drivers/STM32H7xx_HAL_Driver/Src/stm32h7xx_hal_fdcan.c.obj
                0x0800569e                HAL_FDCAN_HighPriorityMessageCallback
 .text.HAL_FDCAN_ErrorCallback
                0x080056a0        0x2 CMakeFiles/2025_Horse_H7.elf.dir/Drivers/STM32H7xx_HAL_Driver/Src/stm32h7xx_hal_fdcan.c.obj
                0x080056a0                HAL_FDCAN_ErrorCallback
 .text.HAL_FDCAN_ErrorStatusCallback
                0x080056a2        0x2 CMakeFiles/2025_Horse_H7.elf.dir/Drivers/STM32H7xx_HAL_Driver/Src/stm32h7xx_hal_fdcan.c.obj
                0x080056a2                HAL_FDCAN_ErrorStatusCallback
 .text.HAL_FDCAN_TT_ScheduleSyncCallback
                0x080056a4        0x2 CMakeFiles/2025_Horse_H7.elf.dir/Drivers/STM32H7xx_HAL_Driver/Src/stm32h7xx_hal_fdcan.c.obj
                0x080056a4                HAL_FDCAN_TT_ScheduleSyncCallback
 .text.HAL_FDCAN_TT_TimeMarkCallback
                0x080056a6        0x2 CMakeFiles/2025_Horse_H7.elf.dir/Drivers/STM32H7xx_HAL_Driver/Src/stm32h7xx_hal_fdcan.c.obj
                0x080056a6                HAL_FDCAN_TT_TimeMarkCallback
 .text.HAL_FDCAN_TT_StopWatchCallback
                0x080056a8        0x2 CMakeFiles/2025_Horse_H7.elf.dir/Drivers/STM32H7xx_HAL_Driver/Src/stm32h7xx_hal_fdcan.c.obj
                0x080056a8                HAL_FDCAN_TT_StopWatchCallback
 .text.HAL_FDCAN_TT_GlobalTimeCallback
                0x080056aa        0x2 CMakeFiles/2025_Horse_H7.elf.dir/Drivers/STM32H7xx_HAL_Driver/Src/stm32h7xx_hal_fdcan.c.obj
                0x080056aa                HAL_FDCAN_TT_GlobalTimeCallback
 .text.HAL_FDCAN_IRQHandler
                0x080056ac      0x31c CMakeFiles/2025_Horse_H7.elf.dir/Drivers/STM32H7xx_HAL_Driver/Src/stm32h7xx_hal_fdcan.c.obj
                0x080056ac                HAL_FDCAN_IRQHandler
 .text.HAL_GPIO_Init
                0x080059c8      0x214 CMakeFiles/2025_Horse_H7.elf.dir/Drivers/STM32H7xx_HAL_Driver/Src/stm32h7xx_hal_gpio.c.obj
                0x080059c8                HAL_GPIO_Init
 .text.HAL_GPIO_WritePin
                0x08005bdc        0xc CMakeFiles/2025_Horse_H7.elf.dir/Drivers/STM32H7xx_HAL_Driver/Src/stm32h7xx_hal_gpio.c.obj
                0x08005bdc                HAL_GPIO_WritePin
 .text.HAL_PWREx_ConfigSupply
                0x08005be8       0x54 CMakeFiles/2025_Horse_H7.elf.dir/Drivers/STM32H7xx_HAL_Driver/Src/stm32h7xx_hal_pwr_ex.c.obj
                0x08005be8                HAL_PWREx_ConfigSupply
 .text.HAL_RCC_OscConfig
                0x08005c3c      0x5ec CMakeFiles/2025_Horse_H7.elf.dir/Drivers/STM32H7xx_HAL_Driver/Src/stm32h7xx_hal_rcc.c.obj
                0x08005c3c                HAL_RCC_OscConfig
 .text.HAL_RCC_GetSysClockFreq
                0x08006228      0x1f4 CMakeFiles/2025_Horse_H7.elf.dir/Drivers/STM32H7xx_HAL_Driver/Src/stm32h7xx_hal_rcc.c.obj
                0x08006228                HAL_RCC_GetSysClockFreq
 .text.HAL_RCC_ClockConfig
                0x0800641c      0x294 CMakeFiles/2025_Horse_H7.elf.dir/Drivers/STM32H7xx_HAL_Driver/Src/stm32h7xx_hal_rcc.c.obj
                0x0800641c                HAL_RCC_ClockConfig
 .text.HAL_RCC_GetHCLKFreq
                0x080066b0       0x44 CMakeFiles/2025_Horse_H7.elf.dir/Drivers/STM32H7xx_HAL_Driver/Src/stm32h7xx_hal_rcc.c.obj
                0x080066b0                HAL_RCC_GetHCLKFreq
 .text.HAL_RCC_GetPCLK1Freq
                0x080066f4       0x24 CMakeFiles/2025_Horse_H7.elf.dir/Drivers/STM32H7xx_HAL_Driver/Src/stm32h7xx_hal_rcc.c.obj
                0x080066f4                HAL_RCC_GetPCLK1Freq
 .text.HAL_RCC_GetPCLK2Freq
                0x08006718       0x24 CMakeFiles/2025_Horse_H7.elf.dir/Drivers/STM32H7xx_HAL_Driver/Src/stm32h7xx_hal_rcc.c.obj
                0x08006718                HAL_RCC_GetPCLK2Freq
 .text.HAL_RCC_GetClockConfig
                0x0800673c       0x54 CMakeFiles/2025_Horse_H7.elf.dir/Drivers/STM32H7xx_HAL_Driver/Src/stm32h7xx_hal_rcc.c.obj
                0x0800673c                HAL_RCC_GetClockConfig
 .text.RCCEx_PLL2_Config
                0x08006790      0x10c CMakeFiles/2025_Horse_H7.elf.dir/Drivers/STM32H7xx_HAL_Driver/Src/stm32h7xx_hal_rcc_ex.c.obj
 .text.RCCEx_PLL3_Config
                0x0800689c      0x10c CMakeFiles/2025_Horse_H7.elf.dir/Drivers/STM32H7xx_HAL_Driver/Src/stm32h7xx_hal_rcc_ex.c.obj
 .text.HAL_RCCEx_PeriphCLKConfig
                0x080069a8      0xa0c CMakeFiles/2025_Horse_H7.elf.dir/Drivers/STM32H7xx_HAL_Driver/Src/stm32h7xx_hal_rcc_ex.c.obj
                0x080069a8                HAL_RCCEx_PeriphCLKConfig
 .text.HAL_RCCEx_GetD3PCLK1Freq
                0x080073b4       0x24 CMakeFiles/2025_Horse_H7.elf.dir/Drivers/STM32H7xx_HAL_Driver/Src/stm32h7xx_hal_rcc_ex.c.obj
                0x080073b4                HAL_RCCEx_GetD3PCLK1Freq
 .text.HAL_RCCEx_GetPLL2ClockFreq
                0x080073d8      0x1f8 CMakeFiles/2025_Horse_H7.elf.dir/Drivers/STM32H7xx_HAL_Driver/Src/stm32h7xx_hal_rcc_ex.c.obj
                0x080073d8                HAL_RCCEx_GetPLL2ClockFreq
 .text.HAL_RCCEx_GetPLL3ClockFreq
                0x080075d0      0x1f8 CMakeFiles/2025_Horse_H7.elf.dir/Drivers/STM32H7xx_HAL_Driver/Src/stm32h7xx_hal_rcc_ex.c.obj
                0x080075d0                HAL_RCCEx_GetPLL3ClockFreq
 .text.TIM_TI1_ConfigInputStage
                0x080077c8       0x26 CMakeFiles/2025_Horse_H7.elf.dir/Drivers/STM32H7xx_HAL_Driver/Src/stm32h7xx_hal_tim.c.obj
 .text.TIM_TI2_ConfigInputStage
                0x080077ee       0x28 CMakeFiles/2025_Horse_H7.elf.dir/Drivers/STM32H7xx_HAL_Driver/Src/stm32h7xx_hal_tim.c.obj
 *fill*         0x08007816        0x2 
 .text.TIM_ITRx_SetConfig
                0x08007818       0x14 CMakeFiles/2025_Horse_H7.elf.dir/Drivers/STM32H7xx_HAL_Driver/Src/stm32h7xx_hal_tim.c.obj
 .text.HAL_TIM_Base_Start_IT
                0x0800782c       0xa0 CMakeFiles/2025_Horse_H7.elf.dir/Drivers/STM32H7xx_HAL_Driver/Src/stm32h7xx_hal_tim.c.obj
                0x0800782c                HAL_TIM_Base_Start_IT
 .text.HAL_TIM_OC_DelayElapsedCallback
                0x080078cc        0x2 CMakeFiles/2025_Horse_H7.elf.dir/Drivers/STM32H7xx_HAL_Driver/Src/stm32h7xx_hal_tim.c.obj
                0x080078cc                HAL_TIM_OC_DelayElapsedCallback
 .text.HAL_TIM_IC_CaptureCallback
                0x080078ce        0x2 CMakeFiles/2025_Horse_H7.elf.dir/Drivers/STM32H7xx_HAL_Driver/Src/stm32h7xx_hal_tim.c.obj
                0x080078ce                HAL_TIM_IC_CaptureCallback
 .text.HAL_TIM_PWM_PulseFinishedCallback
                0x080078d0        0x2 CMakeFiles/2025_Horse_H7.elf.dir/Drivers/STM32H7xx_HAL_Driver/Src/stm32h7xx_hal_tim.c.obj
                0x080078d0                HAL_TIM_PWM_PulseFinishedCallback
 .text.HAL_TIM_TriggerCallback
                0x080078d2        0x2 CMakeFiles/2025_Horse_H7.elf.dir/Drivers/STM32H7xx_HAL_Driver/Src/stm32h7xx_hal_tim.c.obj
                0x080078d2                HAL_TIM_TriggerCallback
 .text.HAL_TIM_IRQHandler
                0x080078d4      0x17a CMakeFiles/2025_Horse_H7.elf.dir/Drivers/STM32H7xx_HAL_Driver/Src/stm32h7xx_hal_tim.c.obj
                0x080078d4                HAL_TIM_IRQHandler
 *fill*         0x08007a4e        0x2 
 .text.TIM_Base_SetConfig
                0x08007a50      0x130 CMakeFiles/2025_Horse_H7.elf.dir/Drivers/STM32H7xx_HAL_Driver/Src/stm32h7xx_hal_tim.c.obj
                0x08007a50                TIM_Base_SetConfig
 .text.HAL_TIM_Base_Init
                0x08007b80       0x60 CMakeFiles/2025_Horse_H7.elf.dir/Drivers/STM32H7xx_HAL_Driver/Src/stm32h7xx_hal_tim.c.obj
                0x08007b80                HAL_TIM_Base_Init
 .text.TIM_ETR_SetConfig
                0x08007be0       0x1a CMakeFiles/2025_Horse_H7.elf.dir/Drivers/STM32H7xx_HAL_Driver/Src/stm32h7xx_hal_tim.c.obj
                0x08007be0                TIM_ETR_SetConfig
 *fill*         0x08007bfa        0x2 
 .text.HAL_TIM_ConfigClockSource
                0x08007bfc      0x138 CMakeFiles/2025_Horse_H7.elf.dir/Drivers/STM32H7xx_HAL_Driver/Src/stm32h7xx_hal_tim.c.obj
                0x08007bfc                HAL_TIM_ConfigClockSource
 .text.HAL_TIMEx_MasterConfigSynchronization
                0x08007d34       0xb0 CMakeFiles/2025_Horse_H7.elf.dir/Drivers/STM32H7xx_HAL_Driver/Src/stm32h7xx_hal_tim_ex.c.obj
                0x08007d34                HAL_TIMEx_MasterConfigSynchronization
 .text.HAL_TIMEx_CommutCallback
                0x08007de4        0x2 CMakeFiles/2025_Horse_H7.elf.dir/Drivers/STM32H7xx_HAL_Driver/Src/stm32h7xx_hal_tim_ex.c.obj
                0x08007de4                HAL_TIMEx_CommutCallback
 .text.HAL_TIMEx_BreakCallback
                0x08007de6        0x2 CMakeFiles/2025_Horse_H7.elf.dir/Drivers/STM32H7xx_HAL_Driver/Src/stm32h7xx_hal_tim_ex.c.obj
                0x08007de6                HAL_TIMEx_BreakCallback
 .text.HAL_TIMEx_Break2Callback
                0x08007de8        0x2 CMakeFiles/2025_Horse_H7.elf.dir/Drivers/STM32H7xx_HAL_Driver/Src/stm32h7xx_hal_tim_ex.c.obj
                0x08007de8                HAL_TIMEx_Break2Callback
 .text.UART_EndTxTransfer
                0x08007dea       0x32 CMakeFiles/2025_Horse_H7.elf.dir/Drivers/STM32H7xx_HAL_Driver/Src/stm32h7xx_hal_uart.c.obj
 .text.UART_EndRxTransfer
                0x08007e1c       0x58 CMakeFiles/2025_Horse_H7.elf.dir/Drivers/STM32H7xx_HAL_Driver/Src/stm32h7xx_hal_uart.c.obj
 .text.HAL_UART_Transmit_DMA
                0x08007e74       0x9c CMakeFiles/2025_Horse_H7.elf.dir/Drivers/STM32H7xx_HAL_Driver/Src/stm32h7xx_hal_uart.c.obj
                0x08007e74                HAL_UART_Transmit_DMA
 .text.HAL_UART_DMAStop
                0x08007f10       0xb2 CMakeFiles/2025_Horse_H7.elf.dir/Drivers/STM32H7xx_HAL_Driver/Src/stm32h7xx_hal_uart.c.obj
                0x08007f10                HAL_UART_DMAStop
 .text.HAL_UART_TxCpltCallback
                0x08007fc2        0x2 CMakeFiles/2025_Horse_H7.elf.dir/Drivers/STM32H7xx_HAL_Driver/Src/stm32h7xx_hal_uart.c.obj
                0x08007fc2                HAL_UART_TxCpltCallback
 .text.UART_DMATransmitCplt
                0x08007fc4       0x46 CMakeFiles/2025_Horse_H7.elf.dir/Drivers/STM32H7xx_HAL_Driver/Src/stm32h7xx_hal_uart.c.obj
 .text.UART_EndTransmit_IT
                0x0800800a       0x24 CMakeFiles/2025_Horse_H7.elf.dir/Drivers/STM32H7xx_HAL_Driver/Src/stm32h7xx_hal_uart.c.obj
 .text.HAL_UART_TxHalfCpltCallback
                0x0800802e        0x2 CMakeFiles/2025_Horse_H7.elf.dir/Drivers/STM32H7xx_HAL_Driver/Src/stm32h7xx_hal_uart.c.obj
                0x0800802e                HAL_UART_TxHalfCpltCallback
 .text.UART_DMATxHalfCplt
                0x08008030        0xa CMakeFiles/2025_Horse_H7.elf.dir/Drivers/STM32H7xx_HAL_Driver/Src/stm32h7xx_hal_uart.c.obj
 .text.HAL_UART_RxCpltCallback
                0x0800803a        0x2 CMakeFiles/2025_Horse_H7.elf.dir/Drivers/STM32H7xx_HAL_Driver/Src/stm32h7xx_hal_uart.c.obj
                0x0800803a                HAL_UART_RxCpltCallback
 .text.HAL_UART_RxHalfCpltCallback
                0x0800803c        0x2 CMakeFiles/2025_Horse_H7.elf.dir/Drivers/STM32H7xx_HAL_Driver/Src/stm32h7xx_hal_uart.c.obj
                0x0800803c                HAL_UART_RxHalfCpltCallback
 .text.UART_DMAError
                0x0800803e       0x58 CMakeFiles/2025_Horse_H7.elf.dir/Drivers/STM32H7xx_HAL_Driver/Src/stm32h7xx_hal_uart.c.obj
 .text.UART_DMAAbortOnError
                0x08008096       0x14 CMakeFiles/2025_Horse_H7.elf.dir/Drivers/STM32H7xx_HAL_Driver/Src/stm32h7xx_hal_uart.c.obj
 .text.HAL_UARTEx_RxEventCallback
                0x080080aa        0x2 CMakeFiles/2025_Horse_H7.elf.dir/Drivers/STM32H7xx_HAL_Driver/Src/stm32h7xx_hal_uart.c.obj
                0x080080aa                HAL_UARTEx_RxEventCallback
 .text.HAL_UART_IRQHandler
                0x080080ac      0x3b8 CMakeFiles/2025_Horse_H7.elf.dir/Drivers/STM32H7xx_HAL_Driver/Src/stm32h7xx_hal_uart.c.obj
                0x080080ac                HAL_UART_IRQHandler
 .text.UART_DMARxHalfCplt
                0x08008464       0x20 CMakeFiles/2025_Horse_H7.elf.dir/Drivers/STM32H7xx_HAL_Driver/Src/stm32h7xx_hal_uart.c.obj
 .text.UART_DMAReceiveCplt
                0x08008484       0x90 CMakeFiles/2025_Horse_H7.elf.dir/Drivers/STM32H7xx_HAL_Driver/Src/stm32h7xx_hal_uart.c.obj
 .text.UART_SetConfig
                0x08008514      0x6bc CMakeFiles/2025_Horse_H7.elf.dir/Drivers/STM32H7xx_HAL_Driver/Src/stm32h7xx_hal_uart.c.obj
                0x08008514                UART_SetConfig
 .text.UART_AdvFeatureConfig
                0x08008bd0       0xca CMakeFiles/2025_Horse_H7.elf.dir/Drivers/STM32H7xx_HAL_Driver/Src/stm32h7xx_hal_uart.c.obj
                0x08008bd0                UART_AdvFeatureConfig
 .text.UART_WaitOnFlagUntilTimeout
                0x08008c9a       0xaa CMakeFiles/2025_Horse_H7.elf.dir/Drivers/STM32H7xx_HAL_Driver/Src/stm32h7xx_hal_uart.c.obj
                0x08008c9a                UART_WaitOnFlagUntilTimeout
 .text.UART_CheckIdleState
                0x08008d44       0xca CMakeFiles/2025_Horse_H7.elf.dir/Drivers/STM32H7xx_HAL_Driver/Src/stm32h7xx_hal_uart.c.obj
                0x08008d44                UART_CheckIdleState
 .text.HAL_UART_Init
                0x08008e0e       0x66 CMakeFiles/2025_Horse_H7.elf.dir/Drivers/STM32H7xx_HAL_Driver/Src/stm32h7xx_hal_uart.c.obj
                0x08008e0e                HAL_UART_Init
 .text.UART_Start_Receive_DMA
                0x08008e74       0xb0 CMakeFiles/2025_Horse_H7.elf.dir/Drivers/STM32H7xx_HAL_Driver/Src/stm32h7xx_hal_uart.c.obj
                0x08008e74                UART_Start_Receive_DMA
 .text.HAL_UART_Receive_DMA
                0x08008f24       0x4c CMakeFiles/2025_Horse_H7.elf.dir/Drivers/STM32H7xx_HAL_Driver/Src/stm32h7xx_hal_uart.c.obj
                0x08008f24                HAL_UART_Receive_DMA
 .text.UARTEx_SetNbDataToProcess
                0x08008f70       0x4c CMakeFiles/2025_Horse_H7.elf.dir/Drivers/STM32H7xx_HAL_Driver/Src/stm32h7xx_hal_uart_ex.c.obj
 .text.HAL_UARTEx_WakeupCallback
                0x08008fbc        0x2 CMakeFiles/2025_Horse_H7.elf.dir/Drivers/STM32H7xx_HAL_Driver/Src/stm32h7xx_hal_uart_ex.c.obj
                0x08008fbc                HAL_UARTEx_WakeupCallback
 .text.HAL_UARTEx_RxFifoFullCallback
                0x08008fbe        0x2 CMakeFiles/2025_Horse_H7.elf.dir/Drivers/STM32H7xx_HAL_Driver/Src/stm32h7xx_hal_uart_ex.c.obj
                0x08008fbe                HAL_UARTEx_RxFifoFullCallback
 .text.HAL_UARTEx_TxFifoEmptyCallback
                0x08008fc0        0x2 CMakeFiles/2025_Horse_H7.elf.dir/Drivers/STM32H7xx_HAL_Driver/Src/stm32h7xx_hal_uart_ex.c.obj
                0x08008fc0                HAL_UARTEx_TxFifoEmptyCallback
 .text.HAL_UARTEx_DisableFifoMode
                0x08008fc2       0x3e CMakeFiles/2025_Horse_H7.elf.dir/Drivers/STM32H7xx_HAL_Driver/Src/stm32h7xx_hal_uart_ex.c.obj
                0x08008fc2                HAL_UARTEx_DisableFifoMode
 .text.HAL_UARTEx_SetTxFifoThreshold
                0x08009000       0x4a CMakeFiles/2025_Horse_H7.elf.dir/Drivers/STM32H7xx_HAL_Driver/Src/stm32h7xx_hal_uart_ex.c.obj
                0x08009000                HAL_UARTEx_SetTxFifoThreshold
 .text.HAL_UARTEx_SetRxFifoThreshold
                0x0800904a       0x4a CMakeFiles/2025_Horse_H7.elf.dir/Drivers/STM32H7xx_HAL_Driver/Src/stm32h7xx_hal_uart_ex.c.obj
                0x0800904a                HAL_UARTEx_SetRxFifoThreshold
 .text.SysTick_Handler
                0x08009094       0x18 CMakeFiles/2025_Horse_H7.elf.dir/Middlewares/Third_Party/FreeRTOS/Source/CMSIS_RTOS_V2/cmsis_os2.c.obj
                0x08009094                SysTick_Handler
 .text.osKernelInitialize
                0x080090ac       0x24 CMakeFiles/2025_Horse_H7.elf.dir/Middlewares/Third_Party/FreeRTOS/Source/CMSIS_RTOS_V2/cmsis_os2.c.obj
                0x080090ac                osKernelInitialize
 .text.osKernelStart
                0x080090d0       0x38 CMakeFiles/2025_Horse_H7.elf.dir/Middlewares/Third_Party/FreeRTOS/Source/CMSIS_RTOS_V2/cmsis_os2.c.obj
                0x080090d0                osKernelStart
 .text.osThreadNew
                0x08009108       0xbc CMakeFiles/2025_Horse_H7.elf.dir/Middlewares/Third_Party/FreeRTOS/Source/CMSIS_RTOS_V2/cmsis_os2.c.obj
                0x08009108                osThreadNew
 .text.osDelay  0x080091c4       0x1c CMakeFiles/2025_Horse_H7.elf.dir/Middlewares/Third_Party/FreeRTOS/Source/CMSIS_RTOS_V2/cmsis_os2.c.obj
                0x080091c4                osDelay
 .text.vApplicationGetIdleTaskMemory
                0x080091e0       0x18 CMakeFiles/2025_Horse_H7.elf.dir/Middlewares/Third_Party/FreeRTOS/Source/CMSIS_RTOS_V2/cmsis_os2.c.obj
                0x080091e0                vApplicationGetIdleTaskMemory
 .text.vApplicationGetTimerTaskMemory
                0x080091f8       0x18 CMakeFiles/2025_Horse_H7.elf.dir/Middlewares/Third_Party/FreeRTOS/Source/CMSIS_RTOS_V2/cmsis_os2.c.obj
                0x080091f8                vApplicationGetTimerTaskMemory
 .text.vListInitialise
                0x08009210       0x16 CMakeFiles/2025_Horse_H7.elf.dir/Middlewares/Third_Party/FreeRTOS/Source/list.c.obj
                0x08009210                vListInitialise
 .text.vListInitialiseItem
                0x08009226        0x6 CMakeFiles/2025_Horse_H7.elf.dir/Middlewares/Third_Party/FreeRTOS/Source/list.c.obj
                0x08009226                vListInitialiseItem
 .text.vListInsertEnd
                0x0800922c       0x16 CMakeFiles/2025_Horse_H7.elf.dir/Middlewares/Third_Party/FreeRTOS/Source/list.c.obj
                0x0800922c                vListInsertEnd
 .text.vListInsert
                0x08009242       0x32 CMakeFiles/2025_Horse_H7.elf.dir/Middlewares/Third_Party/FreeRTOS/Source/list.c.obj
                0x08009242                vListInsert
 .text.uxListRemove
                0x08009274       0x26 CMakeFiles/2025_Horse_H7.elf.dir/Middlewares/Third_Party/FreeRTOS/Source/list.c.obj
                0x08009274                uxListRemove
 *fill*         0x0800929a        0x2 
 .text.prvTaskExitError
                0x0800929c       0x40 CMakeFiles/2025_Horse_H7.elf.dir/Middlewares/Third_Party/FreeRTOS/Source/portable/GCC/ARM_CM4F/port.c.obj
 .text.prvPortStartFirstTask
                0x080092dc       0x28 CMakeFiles/2025_Horse_H7.elf.dir/Middlewares/Third_Party/FreeRTOS/Source/portable/GCC/ARM_CM4F/port.c.obj
 .text.vPortEnableVFP
                0x08009304       0x14 CMakeFiles/2025_Horse_H7.elf.dir/Middlewares/Third_Party/FreeRTOS/Source/portable/GCC/ARM_CM4F/port.c.obj
 .text.pxPortInitialiseStack
                0x08009318       0x2c CMakeFiles/2025_Horse_H7.elf.dir/Middlewares/Third_Party/FreeRTOS/Source/portable/GCC/ARM_CM4F/port.c.obj
                0x08009318                pxPortInitialiseStack
 *fill*         0x08009344        0xc 
 .text.SVC_Handler
                0x08009350       0x24 CMakeFiles/2025_Horse_H7.elf.dir/Middlewares/Third_Party/FreeRTOS/Source/portable/GCC/ARM_CM4F/port.c.obj
                0x08009350                SVC_Handler
 .text.vPortEnterCritical
                0x08009374       0x44 CMakeFiles/2025_Horse_H7.elf.dir/Middlewares/Third_Party/FreeRTOS/Source/portable/GCC/ARM_CM4F/port.c.obj
                0x08009374                vPortEnterCritical
 .text.vPortExitCritical
                0x080093b8       0x2c CMakeFiles/2025_Horse_H7.elf.dir/Middlewares/Third_Party/FreeRTOS/Source/portable/GCC/ARM_CM4F/port.c.obj
                0x080093b8                vPortExitCritical
 *fill*         0x080093e4        0xc 
 .text.PendSV_Handler
                0x080093f0       0x64 CMakeFiles/2025_Horse_H7.elf.dir/Middlewares/Third_Party/FreeRTOS/Source/portable/GCC/ARM_CM4F/port.c.obj
                0x080093f0                PendSV_Handler
 .text.xPortSysTickHandler
                0x08009454       0x2c CMakeFiles/2025_Horse_H7.elf.dir/Middlewares/Third_Party/FreeRTOS/Source/portable/GCC/ARM_CM4F/port.c.obj
                0x08009454                xPortSysTickHandler
 .text.vPortSetupTimerInterrupt
                0x08009480       0x28 CMakeFiles/2025_Horse_H7.elf.dir/Middlewares/Third_Party/FreeRTOS/Source/portable/GCC/ARM_CM4F/port.c.obj
                0x08009480                vPortSetupTimerInterrupt
 .text.xPortStartScheduler
                0x080094a8      0x118 CMakeFiles/2025_Horse_H7.elf.dir/Middlewares/Third_Party/FreeRTOS/Source/portable/GCC/ARM_CM4F/port.c.obj
                0x080094a8                xPortStartScheduler
 .text.vPortValidateInterruptPriority
                0x080095c0       0x5c CMakeFiles/2025_Horse_H7.elf.dir/Middlewares/Third_Party/FreeRTOS/Source/portable/GCC/ARM_CM4F/port.c.obj
                0x080095c0                vPortValidateInterruptPriority
 .text.prvHeapInit
                0x0800961c       0x64 CMakeFiles/2025_Horse_H7.elf.dir/Middlewares/Third_Party/FreeRTOS/Source/portable/MemMang/heap_4.c.obj
 .text.prvInsertBlockIntoFreeList
                0x08009680       0x64 CMakeFiles/2025_Horse_H7.elf.dir/Middlewares/Third_Party/FreeRTOS/Source/portable/MemMang/heap_4.c.obj
 .text.pvPortMalloc
                0x080096e4       0xfc CMakeFiles/2025_Horse_H7.elf.dir/Middlewares/Third_Party/FreeRTOS/Source/portable/MemMang/heap_4.c.obj
                0x080096e4                pvPortMalloc
 .text.vPortFree
                0x080097e0       0x7c CMakeFiles/2025_Horse_H7.elf.dir/Middlewares/Third_Party/FreeRTOS/Source/portable/MemMang/heap_4.c.obj
                0x080097e0                vPortFree
 .text.prvIsQueueFull
                0x0800985c       0x1e CMakeFiles/2025_Horse_H7.elf.dir/Middlewares/Third_Party/FreeRTOS/Source/queue.c.obj
 .text.prvIsQueueEmpty
                0x0800987a       0x1a CMakeFiles/2025_Horse_H7.elf.dir/Middlewares/Third_Party/FreeRTOS/Source/queue.c.obj
 .text.prvCopyDataToQueue
                0x08009894       0x76 CMakeFiles/2025_Horse_H7.elf.dir/Middlewares/Third_Party/FreeRTOS/Source/queue.c.obj
 .text.prvCopyDataFromQueue
                0x0800990a       0x24 CMakeFiles/2025_Horse_H7.elf.dir/Middlewares/Third_Party/FreeRTOS/Source/queue.c.obj
 .text.prvUnlockQueue
                0x0800992e       0x6e CMakeFiles/2025_Horse_H7.elf.dir/Middlewares/Third_Party/FreeRTOS/Source/queue.c.obj
 .text.xQueueGenericReset
                0x0800999c       0x84 CMakeFiles/2025_Horse_H7.elf.dir/Middlewares/Third_Party/FreeRTOS/Source/queue.c.obj
                0x0800999c                xQueueGenericReset
 .text.prvInitialiseNewQueue
                0x08009a20       0x22 CMakeFiles/2025_Horse_H7.elf.dir/Middlewares/Third_Party/FreeRTOS/Source/queue.c.obj
 .text.xQueueGenericCreateStatic
                0x08009a42       0xa6 CMakeFiles/2025_Horse_H7.elf.dir/Middlewares/Third_Party/FreeRTOS/Source/queue.c.obj
                0x08009a42                xQueueGenericCreateStatic
 .text.xQueueGenericSend
                0x08009ae8      0x188 CMakeFiles/2025_Horse_H7.elf.dir/Middlewares/Third_Party/FreeRTOS/Source/queue.c.obj
                0x08009ae8                xQueueGenericSend
 .text.xQueueGenericSendFromISR
                0x08009c70       0xce CMakeFiles/2025_Horse_H7.elf.dir/Middlewares/Third_Party/FreeRTOS/Source/queue.c.obj
                0x08009c70                xQueueGenericSendFromISR
 .text.xQueueReceive
                0x08009d3e      0x15e CMakeFiles/2025_Horse_H7.elf.dir/Middlewares/Third_Party/FreeRTOS/Source/queue.c.obj
                0x08009d3e                xQueueReceive
 .text.vQueueAddToRegistry
                0x08009e9c       0x28 CMakeFiles/2025_Horse_H7.elf.dir/Middlewares/Third_Party/FreeRTOS/Source/queue.c.obj
                0x08009e9c                vQueueAddToRegistry
 .text.vQueueWaitForMessageRestricted
                0x08009ec4       0x52 CMakeFiles/2025_Horse_H7.elf.dir/Middlewares/Third_Party/FreeRTOS/Source/queue.c.obj
                0x08009ec4                vQueueWaitForMessageRestricted
 *fill*         0x08009f16        0x2 
 .text.prvResetNextTaskUnblockTime
                0x08009f18       0x2c CMakeFiles/2025_Horse_H7.elf.dir/Middlewares/Third_Party/FreeRTOS/Source/tasks.c.obj
 .text.prvInitialiseNewTask
                0x08009f44       0xa6 CMakeFiles/2025_Horse_H7.elf.dir/Middlewares/Third_Party/FreeRTOS/Source/tasks.c.obj
 *fill*         0x08009fea        0x2 
 .text.prvInitialiseTaskLists
                0x08009fec       0x68 CMakeFiles/2025_Horse_H7.elf.dir/Middlewares/Third_Party/FreeRTOS/Source/tasks.c.obj
 .text.prvAddNewTaskToReadyList
                0x0800a054       0xac CMakeFiles/2025_Horse_H7.elf.dir/Middlewares/Third_Party/FreeRTOS/Source/tasks.c.obj
 .text.prvDeleteTCB
                0x0800a100       0x38 CMakeFiles/2025_Horse_H7.elf.dir/Middlewares/Third_Party/FreeRTOS/Source/tasks.c.obj
 .text.prvCheckTasksWaitingTermination
                0x0800a138       0x4c CMakeFiles/2025_Horse_H7.elf.dir/Middlewares/Third_Party/FreeRTOS/Source/tasks.c.obj
 .text.prvIdleTask
                0x0800a184       0x28 CMakeFiles/2025_Horse_H7.elf.dir/Middlewares/Third_Party/FreeRTOS/Source/tasks.c.obj
 .text.prvAddCurrentTaskToDelayedList
                0x0800a1ac       0x84 CMakeFiles/2025_Horse_H7.elf.dir/Middlewares/Third_Party/FreeRTOS/Source/tasks.c.obj
 .text.xTaskCreateStatic
                0x0800a230       0x76 CMakeFiles/2025_Horse_H7.elf.dir/Middlewares/Third_Party/FreeRTOS/Source/tasks.c.obj
                0x0800a230                xTaskCreateStatic
 .text.xTaskCreate
                0x0800a2a6       0x68 CMakeFiles/2025_Horse_H7.elf.dir/Middlewares/Third_Party/FreeRTOS/Source/tasks.c.obj
                0x0800a2a6                xTaskCreate
 *fill*         0x0800a30e        0x2 
 .text.vTaskStartScheduler
                0x0800a310       0x9c CMakeFiles/2025_Horse_H7.elf.dir/Middlewares/Third_Party/FreeRTOS/Source/tasks.c.obj
                0x0800a310                vTaskStartScheduler
 .text.vTaskSuspendAll
                0x0800a3ac       0x10 CMakeFiles/2025_Horse_H7.elf.dir/Middlewares/Third_Party/FreeRTOS/Source/tasks.c.obj
                0x0800a3ac                vTaskSuspendAll
 .text.xTaskGetTickCount
                0x0800a3bc        0xc CMakeFiles/2025_Horse_H7.elf.dir/Middlewares/Third_Party/FreeRTOS/Source/tasks.c.obj
                0x0800a3bc                xTaskGetTickCount
 .text.xTaskIncrementTick
                0x0800a3c8      0x118 CMakeFiles/2025_Horse_H7.elf.dir/Middlewares/Third_Party/FreeRTOS/Source/tasks.c.obj
                0x0800a3c8                xTaskIncrementTick
 .text.xTaskResumeAll
                0x0800a4e0       0xf8 CMakeFiles/2025_Horse_H7.elf.dir/Middlewares/Third_Party/FreeRTOS/Source/tasks.c.obj
                0x0800a4e0                xTaskResumeAll
 .text.vTaskDelay
                0x0800a5d8       0x4c CMakeFiles/2025_Horse_H7.elf.dir/Middlewares/Third_Party/FreeRTOS/Source/tasks.c.obj
                0x0800a5d8                vTaskDelay
 .text.vTaskSwitchContext
                0x0800a624       0x94 CMakeFiles/2025_Horse_H7.elf.dir/Middlewares/Third_Party/FreeRTOS/Source/tasks.c.obj
                0x0800a624                vTaskSwitchContext
 .text.vTaskPlaceOnEventList
                0x0800a6b8       0x30 CMakeFiles/2025_Horse_H7.elf.dir/Middlewares/Third_Party/FreeRTOS/Source/tasks.c.obj
                0x0800a6b8                vTaskPlaceOnEventList
 .text.vTaskPlaceOnEventListRestricted
                0x0800a6e8       0x38 CMakeFiles/2025_Horse_H7.elf.dir/Middlewares/Third_Party/FreeRTOS/Source/tasks.c.obj
                0x0800a6e8                vTaskPlaceOnEventListRestricted
 .text.xTaskRemoveFromEventList
                0x0800a720       0x8c CMakeFiles/2025_Horse_H7.elf.dir/Middlewares/Third_Party/FreeRTOS/Source/tasks.c.obj
                0x0800a720                xTaskRemoveFromEventList
 .text.vTaskInternalSetTimeOutState
                0x0800a7ac       0x18 CMakeFiles/2025_Horse_H7.elf.dir/Middlewares/Third_Party/FreeRTOS/Source/tasks.c.obj
                0x0800a7ac                vTaskInternalSetTimeOutState
 .text.xTaskCheckForTimeOut
                0x0800a7c4       0x84 CMakeFiles/2025_Horse_H7.elf.dir/Middlewares/Third_Party/FreeRTOS/Source/tasks.c.obj
                0x0800a7c4                xTaskCheckForTimeOut
 .text.vTaskMissedYield
                0x0800a848        0xc CMakeFiles/2025_Horse_H7.elf.dir/Middlewares/Third_Party/FreeRTOS/Source/tasks.c.obj
                0x0800a848                vTaskMissedYield
 .text.xTaskGetSchedulerState
                0x0800a854       0x20 CMakeFiles/2025_Horse_H7.elf.dir/Middlewares/Third_Party/FreeRTOS/Source/tasks.c.obj
                0x0800a854                xTaskGetSchedulerState
 .text.xTaskPriorityDisinherit
                0x0800a874       0x90 CMakeFiles/2025_Horse_H7.elf.dir/Middlewares/Third_Party/FreeRTOS/Source/tasks.c.obj
                0x0800a874                xTaskPriorityDisinherit
 .text.prvGetNextExpireTime
                0x0800a904       0x20 CMakeFiles/2025_Horse_H7.elf.dir/Middlewares/Third_Party/FreeRTOS/Source/timers.c.obj
 .text.prvInsertTimerInActiveList
                0x0800a924       0x50 CMakeFiles/2025_Horse_H7.elf.dir/Middlewares/Third_Party/FreeRTOS/Source/timers.c.obj
 .text.prvCheckForValidListAndQueue
                0x0800a974       0x70 CMakeFiles/2025_Horse_H7.elf.dir/Middlewares/Third_Party/FreeRTOS/Source/timers.c.obj
 .text.xTimerCreateTimerTask
                0x0800a9e4       0x64 CMakeFiles/2025_Horse_H7.elf.dir/Middlewares/Third_Party/FreeRTOS/Source/timers.c.obj
                0x0800a9e4                xTimerCreateTimerTask
 .text.xTimerGenericCommand
                0x0800aa48       0x6c CMakeFiles/2025_Horse_H7.elf.dir/Middlewares/Third_Party/FreeRTOS/Source/timers.c.obj
                0x0800aa48                xTimerGenericCommand
 .text.prvSwitchTimerLists
                0x0800aab4       0x7c CMakeFiles/2025_Horse_H7.elf.dir/Middlewares/Third_Party/FreeRTOS/Source/timers.c.obj
 .text.prvSampleTimeNow
                0x0800ab30       0x2c CMakeFiles/2025_Horse_H7.elf.dir/Middlewares/Third_Party/FreeRTOS/Source/timers.c.obj
 .text.prvProcessExpiredTimer
                0x0800ab5c       0x6c CMakeFiles/2025_Horse_H7.elf.dir/Middlewares/Third_Party/FreeRTOS/Source/timers.c.obj
 .text.prvProcessTimerOrBlockTask
                0x0800abc8       0x78 CMakeFiles/2025_Horse_H7.elf.dir/Middlewares/Third_Party/FreeRTOS/Source/timers.c.obj
 .text.prvProcessReceivedCommands
                0x0800ac40      0x10c CMakeFiles/2025_Horse_H7.elf.dir/Middlewares/Third_Party/FreeRTOS/Source/timers.c.obj
 .text.prvTimerTask
                0x0800ad4c       0x16 CMakeFiles/2025_Horse_H7.elf.dir/Middlewares/Third_Party/FreeRTOS/Source/timers.c.obj
 *fill*         0x0800ad62        0x2 
 .text.__aeabi_atexit
                0x0800ad64        0xc d:/study/10_2021.10/bin/../lib/gcc/arm-none-eabi/10.3.1/../../../../arm-none-eabi/lib/thumb/v7e-m+fp/hard\libstdc++.a(atexit_arm.o)
                0x0800ad64                __aeabi_atexit
 .text.pow      0x0800ad70       0xf0 d:/study/10_2021.10/bin/../lib/gcc/arm-none-eabi/10.3.1/../../../../arm-none-eabi/lib/thumb/v7e-m+fp/hard\libm.a(lib_a-w_pow.o)
                0x0800ad70                pow
 .text.__ieee754_pow
                0x0800ae60      0xb74 d:/study/10_2021.10/bin/../lib/gcc/arm-none-eabi/10.3.1/../../../../arm-none-eabi/lib/thumb/v7e-m+fp/hard\libm.a(lib_a-e_pow.o)
                0x0800ae60                __ieee754_pow
 .text.__ieee754_sqrt
                0x0800b9d4      0x198 d:/study/10_2021.10/bin/../lib/gcc/arm-none-eabi/10.3.1/../../../../arm-none-eabi/lib/thumb/v7e-m+fp/hard\libm.a(lib_a-e_sqrt.o)
                0x0800b9d4                __ieee754_sqrt
 .text.with_errno
                0x0800bb6c       0x18 d:/study/10_2021.10/bin/../lib/gcc/arm-none-eabi/10.3.1/../../../../arm-none-eabi/lib/thumb/v7e-m+fp/hard\libm.a(lib_a-math_err.o)
 .text.xflow    0x0800bb84       0x2c d:/study/10_2021.10/bin/../lib/gcc/arm-none-eabi/10.3.1/../../../../arm-none-eabi/lib/thumb/v7e-m+fp/hard\libm.a(lib_a-math_err.o)
 .text.__math_uflow
                0x0800bbb0       0x14 d:/study/10_2021.10/bin/../lib/gcc/arm-none-eabi/10.3.1/../../../../arm-none-eabi/lib/thumb/v7e-m+fp/hard\libm.a(lib_a-math_err.o)
                0x0800bbb0                __math_uflow
 .text.__math_oflow
                0x0800bbc4       0x14 d:/study/10_2021.10/bin/../lib/gcc/arm-none-eabi/10.3.1/../../../../arm-none-eabi/lib/thumb/v7e-m+fp/hard\libm.a(lib_a-math_err.o)
                0x0800bbc4                __math_oflow
 .text.fabs     0x0800bbd8       0x14 d:/study/10_2021.10/bin/../lib/gcc/arm-none-eabi/10.3.1/../../../../arm-none-eabi/lib/thumb/v7e-m+fp/hard\libm.a(lib_a-s_fabs.o)
                0x0800bbd8                fabs
 .text.finite   0x0800bbec       0x18 d:/study/10_2021.10/bin/../lib/gcc/arm-none-eabi/10.3.1/../../../../arm-none-eabi/lib/thumb/v7e-m+fp/hard\libm.a(lib_a-s_finite.o)
                0x0800bbec                finite
 *fill*         0x0800bc04        0x4 
 .text.scalbn   0x0800bc08      0x124 d:/study/10_2021.10/bin/../lib/gcc/arm-none-eabi/10.3.1/../../../../arm-none-eabi/lib/thumb/v7e-m+fp/hard\libm.a(lib_a-s_scalbn.o)
                0x0800bc08                scalbn
 .text.abort    0x0800bd2c       0x10 d:/study/10_2021.10/bin/../lib/gcc/arm-none-eabi/10.3.1/../../../../arm-none-eabi/lib/thumb/v7e-m+fp/hard\libg.a(lib_a-abort.o)
                0x0800bd2c                abort
 .text.__cxa_atexit
                0x0800bd3c        0xc d:/study/10_2021.10/bin/../lib/gcc/arm-none-eabi/10.3.1/../../../../arm-none-eabi/lib/thumb/v7e-m+fp/hard\libg.a(lib_a-cxa_atexit.o)
                0x0800bd3c                __cxa_atexit
 .text.__errno  0x0800bd48        0xc d:/study/10_2021.10/bin/../lib/gcc/arm-none-eabi/10.3.1/../../../../arm-none-eabi/lib/thumb/v7e-m+fp/hard\libg.a(lib_a-errno.o)
                0x0800bd48                __errno
 .text.__libc_init_array
                0x0800bd54       0x48 d:/study/10_2021.10/bin/../lib/gcc/arm-none-eabi/10.3.1/../../../../arm-none-eabi/lib/thumb/v7e-m+fp/hard\libg.a(lib_a-init.o)
                0x0800bd54                __libc_init_array
 .text.memset   0x0800bd9c       0xa4 d:/study/10_2021.10/bin/../lib/gcc/arm-none-eabi/10.3.1/../../../../arm-none-eabi/lib/thumb/v7e-m+fp/hard\libg.a(lib_a-memset.o)
                0x0800bd9c                memset
 .text.raise    0x0800be40       0x5c d:/study/10_2021.10/bin/../lib/gcc/arm-none-eabi/10.3.1/../../../../arm-none-eabi/lib/thumb/v7e-m+fp/hard\libg.a(lib_a-signal.o)
                0x0800be40                raise
 .text._kill_r  0x0800be9c       0x2c d:/study/10_2021.10/bin/../lib/gcc/arm-none-eabi/10.3.1/../../../../arm-none-eabi/lib/thumb/v7e-m+fp/hard\libg.a(lib_a-signalr.o)
                0x0800be9c                _kill_r
 .text._getpid_r
                0x0800bec8        0x4 d:/study/10_2021.10/bin/../lib/gcc/arm-none-eabi/10.3.1/../../../../arm-none-eabi/lib/thumb/v7e-m+fp/hard\libg.a(lib_a-signalr.o)
                0x0800bec8                _getpid_r
 .text.__register_exitproc
                0x0800becc       0x8c d:/study/10_2021.10/bin/../lib/gcc/arm-none-eabi/10.3.1/../../../../arm-none-eabi/lib/thumb/v7e-m+fp/hard\libg.a(lib_a-__atexit.o)
                0x0800becc                __register_exitproc
 .text.startup.register_fini
                0x0800bf58       0x14 d:/study/10_2021.10/bin/../lib/gcc/arm-none-eabi/10.3.1/../../../../arm-none-eabi/lib/thumb/v7e-m+fp/hard\libg.a(lib_a-__call_atexit.o)
 .text.atexit   0x0800bf6c        0xc d:/study/10_2021.10/bin/../lib/gcc/arm-none-eabi/10.3.1/../../../../arm-none-eabi/lib/thumb/v7e-m+fp/hard\libg.a(lib_a-atexit.o)
                0x0800bf6c                atexit
 .text.__libc_fini_array
                0x0800bf78       0x2c d:/study/10_2021.10/bin/../lib/gcc/arm-none-eabi/10.3.1/../../../../arm-none-eabi/lib/thumb/v7e-m+fp/hard\libg.a(lib_a-fini.o)
                0x0800bf78                __libc_fini_array
 .text.__retarget_lock_acquire_recursive
                0x0800bfa4        0x4 d:/study/10_2021.10/bin/../lib/gcc/arm-none-eabi/10.3.1/../../../../arm-none-eabi/lib/thumb/v7e-m+fp/hard\libg.a(lib_a-lock.o)
                0x0800bfa4                __retarget_lock_acquire_recursive
 .text.__retarget_lock_release_recursive
                0x0800bfa8        0x4 d:/study/10_2021.10/bin/../lib/gcc/arm-none-eabi/10.3.1/../../../../arm-none-eabi/lib/thumb/v7e-m+fp/hard\libg.a(lib_a-lock.o)
                0x0800bfa8                __retarget_lock_release_recursive
 *(.glue_7)
 .glue_7        0x0800bfac        0x0 linker stubs
 *(.glue_7t)
 .glue_7t       0x0800bfac        0x0 linker stubs
 *(.eh_frame)
 .eh_frame      0x0800bfac        0x0 d:/study/10_2021.10/bin/../lib/gcc/arm-none-eabi/10.3.1/thumb/v7e-m+fp/hard/crtbegin.o
 *(.init)
 .init          0x0800bfac        0x4 d:/study/10_2021.10/bin/../lib/gcc/arm-none-eabi/10.3.1/thumb/v7e-m+fp/hard/crti.o
                0x0800bfac                _init
 .init          0x0800bfb0        0x8 d:/study/10_2021.10/bin/../lib/gcc/arm-none-eabi/10.3.1/thumb/v7e-m+fp/hard/crtn.o
 *(.fini)
 .fini          0x0800bfb8        0x4 d:/study/10_2021.10/bin/../lib/gcc/arm-none-eabi/10.3.1/thumb/v7e-m+fp/hard/crti.o
                0x0800bfb8                _fini
 .fini          0x0800bfbc        0x8 d:/study/10_2021.10/bin/../lib/gcc/arm-none-eabi/10.3.1/thumb/v7e-m+fp/hard/crtn.o
                0x0800bfc4                . = ALIGN (0x4)
                0x0800bfc4                _etext = .

.vfp11_veneer   0x0800bfc4        0x0
 .vfp11_veneer  0x0800bfc4        0x0 linker stubs

.v4_bx          0x0800bfc4        0x0
 .v4_bx         0x0800bfc4        0x0 linker stubs

.iplt           0x0800bfc4        0x0
 .iplt          0x0800bfc4        0x0 d:/study/10_2021.10/bin/../lib/gcc/arm-none-eabi/10.3.1/thumb/v7e-m+fp/hard/crtbegin.o

.rodata         0x0800bfc4      0x114
                0x0800bfc4                . = ALIGN (0x4)
 *(.rodata)
 .rodata        0x0800bfc4       0x4c CMakeFiles/2025_Horse_H7.elf.dir/Drivers/STM32H7xx_HAL_Driver/Src/stm32h7xx_hal_fdcan.c.obj
 *(.rodata*)
 .rodata.str1.4
                0x0800c010       0x14 CMakeFiles/2025_Horse_H7.elf.dir/Core/Src/freertos.c.obj
 .rodata.UART_TX_attributes
                0x0800c024       0x24 CMakeFiles/2025_Horse_H7.elf.dir/Core/Src/freertos.c.obj
                0x0800c024                UART_TX_attributes
 .rodata.defaultTask_attributes
                0x0800c048       0x24 CMakeFiles/2025_Horse_H7.elf.dir/Core/Src/freertos.c.obj
                0x0800c048                defaultTask_attributes
 .rodata.D1CorePrescTable
                0x0800c06c       0x10 CMakeFiles/2025_Horse_H7.elf.dir/Core/Src/system_stm32h7xx.c.obj
                0x0800c06c                D1CorePrescTable
 .rodata.flagBitshiftOffset.0
                0x0800c07c        0x8 CMakeFiles/2025_Horse_H7.elf.dir/Drivers/STM32H7xx_HAL_Driver/Src/stm32h7xx_hal_dma.c.obj
 .rodata.DLCtoBytes
                0x0800c084       0x10 CMakeFiles/2025_Horse_H7.elf.dir/Drivers/STM32H7xx_HAL_Driver/Src/stm32h7xx_hal_fdcan.c.obj
 .rodata.UARTPrescTable
                0x0800c094       0x18 CMakeFiles/2025_Horse_H7.elf.dir/Drivers/STM32H7xx_HAL_Driver/Src/stm32h7xx_hal_uart.c.obj
                0x0800c094                UARTPrescTable
 .rodata.denominator.0
                0x0800c0ac        0x8 CMakeFiles/2025_Horse_H7.elf.dir/Drivers/STM32H7xx_HAL_Driver/Src/stm32h7xx_hal_uart_ex.c.obj
 .rodata.numerator.1
                0x0800c0b4        0x8 CMakeFiles/2025_Horse_H7.elf.dir/Drivers/STM32H7xx_HAL_Driver/Src/stm32h7xx_hal_uart_ex.c.obj
 .rodata.vTaskStartScheduler.str1.4
                0x0800c0bc        0x5 CMakeFiles/2025_Horse_H7.elf.dir/Middlewares/Third_Party/FreeRTOS/Source/tasks.c.obj
 *fill*         0x0800c0c1        0x3 
 .rodata.prvCheckForValidListAndQueue.str1.4
                0x0800c0c4        0x5 CMakeFiles/2025_Horse_H7.elf.dir/Middlewares/Third_Party/FreeRTOS/Source/timers.c.obj
 *fill*         0x0800c0c9        0x3 
 .rodata.xTimerCreateTimerTask.str1.4
                0x0800c0cc        0x8 CMakeFiles/2025_Horse_H7.elf.dir/Middlewares/Third_Party/FreeRTOS/Source/timers.c.obj
 .rodata._global_impure_ptr
                0x0800c0d4        0x4 d:/study/10_2021.10/bin/../lib/gcc/arm-none-eabi/10.3.1/../../../../arm-none-eabi/lib/thumb/v7e-m+fp/hard\libg.a(lib_a-impure.o)
                0x0800c0d4                _global_impure_ptr
                0x0800c0d8                . = ALIGN (0x4)

.ARM.extab      0x0800c0d8       0x30
 *(.ARM.extab* .gnu.linkonce.armextab.*)
 .ARM.extab.text._ZN14Step_CharacterD2Ev
                0x0800c0d8        0x0 CMakeFiles/2025_Horse_H7.elf.dir/Core/Applications/Cpp/Leg_Control.cpp.obj
 .ARM.extab.text.Main
                0x0800c0d8        0xc CMakeFiles/2025_Horse_H7.elf.dir/Core/Applications/Cpp/Main.cpp.obj
 .ARM.extab.text._ZL20UART10_Receive_ServePhhP20__UART_HandleTypeDef
                0x0800c0e4        0xc CMakeFiles/2025_Horse_H7.elf.dir/Core/Applications/UART_DMA.cpp.obj
 .ARM.extab     0x0800c0f0       0x18 d:/study/10_2021.10/bin/../lib/gcc/arm-none-eabi/10.3.1/thumb/v7e-m+fp/hard\libgcc.a(pr-support.o)

.ARM            0x0800c108       0xf0
                0x0800c108                __exidx_start = .
 *(.ARM.exidx*)
 .ARM.exidx.text._ZN10IMU_N300WP10data_transEhhhh
                0x0800c1c0        0x0 CMakeFiles/2025_Horse_H7.elf.dir/Core/Applications/Cpp/IMU_N300WP.cpp.obj
                                  0x8 (size before relaxing)
 .ARM.exidx.text._ZN10IMU_N300WP8data_getEPh
                0x0800c1c0        0x0 CMakeFiles/2025_Horse_H7.elf.dir/Core/Applications/Cpp/IMU_N300WP.cpp.obj
                                  0x8 (size before relaxing)
 .ARM.exidx.text._ZN14Step_CharacterD2Ev
                0x0800c1c0        0x0 CMakeFiles/2025_Horse_H7.elf.dir/Core/Applications/Cpp/Leg_Control.cpp.obj
                                  0x8 (size before relaxing)
 .ARM.exidx.text._Z41__static_initialization_and_destruction_0ii
                0x0800c1c0        0x0 CMakeFiles/2025_Horse_H7.elf.dir/Core/Applications/Cpp/Leg_Control.cpp.obj
                                  0x8 (size before relaxing)
 .ARM.exidx.text._GLOBAL__sub_I__ZN19Single_Foot_MeasureC2Effffff
                0x0800c1c0        0x0 CMakeFiles/2025_Horse_H7.elf.dir/Core/Applications/Cpp/Leg_Control.cpp.obj
                                  0x8 (size before relaxing)
 .ARM.exidx.text.Main
                0x0800c1c0        0x8 CMakeFiles/2025_Horse_H7.elf.dir/Core/Applications/Cpp/Main.cpp.obj
 .ARM.exidx.text._ZL19UART1_Receive_ServePhh
                0x0800c1c8        0x8 CMakeFiles/2025_Horse_H7.elf.dir/Core/Applications/UART_DMA.cpp.obj
 .ARM.exidx.text._ZL19UART7_Receive_ServePhh
                0x0800c1d0        0x0 CMakeFiles/2025_Horse_H7.elf.dir/Core/Applications/UART_DMA.cpp.obj
                                  0x8 (size before relaxing)
 .ARM.exidx.text._Z17IMU_Receive_ServePhhP20__UART_HandleTypeDef
                0x0800c1d0        0x8 CMakeFiles/2025_Horse_H7.elf.dir/Core/Applications/UART_DMA.cpp.obj
 .ARM.exidx.text._ZL20UART10_Receive_ServePhhP20__UART_HandleTypeDef
                0x0800c1d8        0x8 CMakeFiles/2025_Horse_H7.elf.dir/Core/Applications/UART_DMA.cpp.obj
 .ARM.exidx.text.UART_DMA_Receive_init
                0x0800c1e0        0x8 CMakeFiles/2025_Horse_H7.elf.dir/Core/Applications/UART_DMA.cpp.obj
 .ARM.exidx.text.UART_DMA_Receive_IT
                0x0800c1e8        0x8 CMakeFiles/2025_Horse_H7.elf.dir/Core/Applications/UART_DMA.cpp.obj
 .ARM.exidx.text.HAL_UART_ErrorCallback
                0x0800c1f0        0x8 CMakeFiles/2025_Horse_H7.elf.dir/Core/Applications/UART_DMA.cpp.obj
 .ARM.exidx.text.__aeabi_atexit
                0x0800c1f8        0x0 d:/study/10_2021.10/bin/../lib/gcc/arm-none-eabi/10.3.1/../../../../arm-none-eabi/lib/thumb/v7e-m+fp/hard\libstdc++.a(atexit_arm.o)
                                  0x8 (size before relaxing)
 .ARM.exidx     0x0800c108        0x8 d:/study/10_2021.10/bin/../lib/gcc/arm-none-eabi/10.3.1/thumb/v7e-m+fp/hard\libgcc.a(_udivmoddi4.o)
 .ARM.exidx     0x0800c110       0x78 d:/study/10_2021.10/bin/../lib/gcc/arm-none-eabi/10.3.1/thumb/v7e-m+fp/hard\libgcc.a(unwind-arm.o)
                                 0xd8 (size before relaxing)
 .ARM.exidx     0x0800c188       0x38 d:/study/10_2021.10/bin/../lib/gcc/arm-none-eabi/10.3.1/thumb/v7e-m+fp/hard\libgcc.a(pr-support.o)
                0x0800c1f8                __exidx_end = .

.rel.dyn        0x0800c1f8        0x0
 .rel.iplt      0x0800c1f8        0x0 d:/study/10_2021.10/bin/../lib/gcc/arm-none-eabi/10.3.1/thumb/v7e-m+fp/hard/crtbegin.o

.preinit_array  0x0800c1f8        0x0
                0x0800c1f8                PROVIDE (__preinit_array_start = .)
 *(.preinit_array*)
                0x0800c1f8                PROVIDE (__preinit_array_end = .)

.init_array     0x0800c1f8        0xc
                0x0800c1f8                PROVIDE (__init_array_start = .)
 *(SORT_BY_NAME(.init_array.*))
 .init_array.00000
                0x0800c1f8        0x4 d:/study/10_2021.10/bin/../lib/gcc/arm-none-eabi/10.3.1/../../../../arm-none-eabi/lib/thumb/v7e-m+fp/hard\libg.a(lib_a-__call_atexit.o)
 *(.init_array*)
 .init_array    0x0800c1fc        0x4 d:/study/10_2021.10/bin/../lib/gcc/arm-none-eabi/10.3.1/thumb/v7e-m+fp/hard/crtbegin.o
 .init_array    0x0800c200        0x4 CMakeFiles/2025_Horse_H7.elf.dir/Core/Applications/Cpp/Leg_Control.cpp.obj
                0x0800c204                PROVIDE (__init_array_end = .)

.fini_array     0x0800c204        0x4
                0x0800c204                PROVIDE (__fini_array_start = .)
 *(SORT_BY_NAME(.fini_array.*))
 *(.fini_array*)
 .fini_array    0x0800c204        0x4 d:/study/10_2021.10/bin/../lib/gcc/arm-none-eabi/10.3.1/thumb/v7e-m+fp/hard/crtbegin.o
                0x0800c208                PROVIDE (__fini_array_end = .)
                0x0800c208                _sidata = LOADADDR (.data)

.data           0x24000000      0x44c load address 0x0800c208
                0x24000000                . = ALIGN (0x4)
                0x24000000                _sdata = .
 *(.data)
 .data          0x24000000        0x4 d:/study/10_2021.10/bin/../lib/gcc/arm-none-eabi/10.3.1/thumb/v7e-m+fp/hard/crtbegin.o
                0x24000000                __dso_handle
 *(.data*)
 .data.SystemCoreClock
                0x24000004        0x4 CMakeFiles/2025_Horse_H7.elf.dir/Core/Src/system_stm32h7xx.c.obj
                0x24000004                SystemCoreClock
 .data.SystemD2Clock
                0x24000008        0x4 CMakeFiles/2025_Horse_H7.elf.dir/Core/Src/system_stm32h7xx.c.obj
                0x24000008                SystemD2Clock
 .data.uwTickFreq
                0x2400000c        0x1 CMakeFiles/2025_Horse_H7.elf.dir/Drivers/STM32H7xx_HAL_Driver/Src/stm32h7xx_hal.c.obj
                0x2400000c                uwTickFreq
 *fill*         0x2400000d        0x3 
 .data.uwTickPrio
                0x24000010        0x4 CMakeFiles/2025_Horse_H7.elf.dir/Drivers/STM32H7xx_HAL_Driver/Src/stm32h7xx_hal.c.obj
                0x24000010                uwTickPrio
 .data.uxCriticalNesting
                0x24000014        0x4 CMakeFiles/2025_Horse_H7.elf.dir/Middlewares/Third_Party/FreeRTOS/Source/portable/GCC/ARM_CM4F/port.c.obj
 .data._impure_ptr
                0x24000018        0x4 d:/study/10_2021.10/bin/../lib/gcc/arm-none-eabi/10.3.1/../../../../arm-none-eabi/lib/thumb/v7e-m+fp/hard\libg.a(lib_a-impure.o)
                0x24000018                _impure_ptr
 *fill*         0x2400001c        0x4 
 .data.impure_data
                0x24000020      0x428 d:/study/10_2021.10/bin/../lib/gcc/arm-none-eabi/10.3.1/../../../../arm-none-eabi/lib/thumb/v7e-m+fp/hard\libg.a(lib_a-impure.o)
 .data.__atexit_recursive_mutex
                0x24000448        0x4 d:/study/10_2021.10/bin/../lib/gcc/arm-none-eabi/10.3.1/../../../../arm-none-eabi/lib/thumb/v7e-m+fp/hard\libg.a(lib_a-__call_atexit.o)
                0x24000448                __atexit_recursive_mutex
 *(.RamFunc)
 *(.RamFunc*)
                0x2400044c                . = ALIGN (0x4)
                0x2400044c                _edata = .

.igot.plt       0x2400044c        0x0 load address 0x0800c654
 .igot.plt      0x2400044c        0x0 d:/study/10_2021.10/bin/../lib/gcc/arm-none-eabi/10.3.1/thumb/v7e-m+fp/hard/crtbegin.o
                0x2400044c                . = ALIGN (0x4)

.bss            0x2400044c     0x5488 load address 0x0800c654
                0x2400044c                _sbss = .
                0x2400044c                __bss_start__ = _sbss
 *(.bss)
 .bss           0x2400044c       0x1c d:/study/10_2021.10/bin/../lib/gcc/arm-none-eabi/10.3.1/thumb/v7e-m+fp/hard/crtbegin.o
 *(.bss*)
 .bss.step      0x24000468       0x58 CMakeFiles/2025_Horse_H7.elf.dir/Core/Applications/Cpp/Leg_Control.cpp.obj
                0x24000468                step
 .bss.IMU       0x240004c0      0x108 CMakeFiles/2025_Horse_H7.elf.dir/Core/Applications/UART_DMA.cpp.obj
                0x240004c0                IMU
 .bss.buffer_receive_10
                0x240005c8       0x64 CMakeFiles/2025_Horse_H7.elf.dir/Core/Applications/UART_DMA.cpp.obj
                0x240005c8                buffer_receive_10
 .bss.rx_data1  0x2400062c        0x8 CMakeFiles/2025_Horse_H7.elf.dir/Core/Applications/bsp_mc02/can_bsp.c.obj
                0x2400062c                rx_data1
 .bss.rx_data2  0x24000634        0x8 CMakeFiles/2025_Horse_H7.elf.dir/Core/Applications/bsp_mc02/can_bsp.c.obj
                0x24000634                rx_data2
 .bss.rx_data3  0x2400063c        0x8 CMakeFiles/2025_Horse_H7.elf.dir/Core/Applications/bsp_mc02/can_bsp.c.obj
                0x2400063c                rx_data3
 .bss.tempData.0
                0x24000644       0x50 CMakeFiles/2025_Horse_H7.elf.dir/Core/Applications/vofa.c.obj
 .bss.tempFloat
                0x24000694       0xf0 CMakeFiles/2025_Horse_H7.elf.dir/Core/Applications/vofa.c.obj
                0x24000694                tempFloat
 .bss.HAL_RCC_FDCAN_CLK_ENABLED
                0x24000784        0x4 CMakeFiles/2025_Horse_H7.elf.dir/Core/Src/fdcan.c.obj
 .bss.hfdcan1   0x24000788       0xa0 CMakeFiles/2025_Horse_H7.elf.dir/Core/Src/fdcan.c.obj
                0x24000788                hfdcan1
 .bss.hfdcan2   0x24000828       0xa0 CMakeFiles/2025_Horse_H7.elf.dir/Core/Src/fdcan.c.obj
                0x24000828                hfdcan2
 .bss.hfdcan3   0x240008c8       0xa0 CMakeFiles/2025_Horse_H7.elf.dir/Core/Src/fdcan.c.obj
                0x240008c8                hfdcan3
 .bss.UART_TXHandle
                0x24000968        0x4 CMakeFiles/2025_Horse_H7.elf.dir/Core/Src/freertos.c.obj
                0x24000968                UART_TXHandle
 .bss.defaultTaskHandle
                0x2400096c        0x4 CMakeFiles/2025_Horse_H7.elf.dir/Core/Src/freertos.c.obj
                0x2400096c                defaultTaskHandle
 .bss.htim5     0x24000970       0x4c CMakeFiles/2025_Horse_H7.elf.dir/Core/Src/stm32h7xx_hal_timebase_tim.c.obj
                0x24000970                htim5
 .bss.htim12    0x240009bc       0x4c CMakeFiles/2025_Horse_H7.elf.dir/Core/Src/tim.c.obj
                0x240009bc                htim12
 .bss.htim6     0x24000a08       0x4c CMakeFiles/2025_Horse_H7.elf.dir/Core/Src/tim.c.obj
                0x24000a08                htim6
 .bss.htim7     0x24000a54       0x4c CMakeFiles/2025_Horse_H7.elf.dir/Core/Src/tim.c.obj
                0x24000a54                htim7
 .bss.htim8     0x24000aa0       0x4c CMakeFiles/2025_Horse_H7.elf.dir/Core/Src/tim.c.obj
                0x24000aa0                htim8
 .bss.hdma_uart7_rx
                0x24000aec       0x78 CMakeFiles/2025_Horse_H7.elf.dir/Core/Src/usart.c.obj
                0x24000aec                hdma_uart7_rx
 .bss.hdma_uart7_tx
                0x24000b64       0x78 CMakeFiles/2025_Horse_H7.elf.dir/Core/Src/usart.c.obj
                0x24000b64                hdma_uart7_tx
 .bss.hdma_usart10_rx
                0x24000bdc       0x78 CMakeFiles/2025_Horse_H7.elf.dir/Core/Src/usart.c.obj
                0x24000bdc                hdma_usart10_rx
 .bss.hdma_usart10_tx
                0x24000c54       0x78 CMakeFiles/2025_Horse_H7.elf.dir/Core/Src/usart.c.obj
                0x24000c54                hdma_usart10_tx
 .bss.hdma_usart1_rx
                0x24000ccc       0x78 CMakeFiles/2025_Horse_H7.elf.dir/Core/Src/usart.c.obj
                0x24000ccc                hdma_usart1_rx
 .bss.hdma_usart1_tx
                0x24000d44       0x78 CMakeFiles/2025_Horse_H7.elf.dir/Core/Src/usart.c.obj
                0x24000d44                hdma_usart1_tx
 .bss.huart1    0x24000dbc       0x94 CMakeFiles/2025_Horse_H7.elf.dir/Core/Src/usart.c.obj
                0x24000dbc                huart1
 .bss.huart10   0x24000e50       0x94 CMakeFiles/2025_Horse_H7.elf.dir/Core/Src/usart.c.obj
                0x24000e50                huart10
 .bss.huart7    0x24000ee4       0x94 CMakeFiles/2025_Horse_H7.elf.dir/Core/Src/usart.c.obj
                0x24000ee4                huart7
 .bss.uwTick    0x24000f78        0x4 CMakeFiles/2025_Horse_H7.elf.dir/Drivers/STM32H7xx_HAL_Driver/Src/stm32h7xx_hal.c.obj
                0x24000f78                uwTick
 .bss.Idle_Stack.2