Archive member included to satisfy reference by file (symbol)

d:/study/10_2021.10/bin/../lib/gcc/arm-none-eabi/10.3.1/../../../../arm-none-eabi/lib/thumb/v7e-m+fp/hard\libstdc++.a(atexit_arm.o)
                              CMakeFiles/2025_Horse_H7.elf.dir/Core/Applications/Cpp/Leg_Control.cpp.obj (__aeabi_atexit)
d:/study/10_2021.10/bin/../lib/gcc/arm-none-eabi/10.3.1/../../../../arm-none-eabi/lib/thumb/v7e-m+fp/hard\libm.a(lib_a-w_pow.o)
                              CMakeFiles/2025_Horse_H7.elf.dir/Core/Applications/Cpp/IMU_N300WP.cpp.obj (pow)
d:/study/10_2021.10/bin/../lib/gcc/arm-none-eabi/10.3.1/../../../../arm-none-eabi/lib/thumb/v7e-m+fp/hard\libm.a(lib_a-e_pow.o)
                              d:/study/10_2021.10/bin/../lib/gcc/arm-none-eabi/10.3.1/../../../../arm-none-eabi/lib/thumb/v7e-m+fp/hard\libm.a(lib_a-w_pow.o) (__ieee754_pow)
d:/study/10_2021.10/bin/../lib/gcc/arm-none-eabi/10.3.1/../../../../arm-none-eabi/lib/thumb/v7e-m+fp/hard\libm.a(lib_a-e_sqrt.o)
                              d:/study/10_2021.10/bin/../lib/gcc/arm-none-eabi/10.3.1/../../../../arm-none-eabi/lib/thumb/v7e-m+fp/hard\libm.a(lib_a-e_pow.o) (__ieee754_sqrt)
d:/study/10_2021.10/bin/../lib/gcc/arm-none-eabi/10.3.1/../../../../arm-none-eabi/lib/thumb/v7e-m+fp/hard\libm.a(lib_a-math_err.o)
                              d:/study/10_2021.10/bin/../lib/gcc/arm-none-eabi/10.3.1/../../../../arm-none-eabi/lib/thumb/v7e-m+fp/hard\libm.a(lib_a-e_pow.o) (__math_uflow)
d:/study/10_2021.10/bin/../lib/gcc/arm-none-eabi/10.3.1/../../../../arm-none-eabi/lib/thumb/v7e-m+fp/hard\libm.a(lib_a-s_fabs.o)
                              d:/study/10_2021.10/bin/../lib/gcc/arm-none-eabi/10.3.1/../../../../arm-none-eabi/lib/thumb/v7e-m+fp/hard\libm.a(lib_a-e_pow.o) (fabs)
d:/study/10_2021.10/bin/../lib/gcc/arm-none-eabi/10.3.1/../../../../arm-none-eabi/lib/thumb/v7e-m+fp/hard\libm.a(lib_a-s_finite.o)
                              d:/study/10_2021.10/bin/../lib/gcc/arm-none-eabi/10.3.1/../../../../arm-none-eabi/lib/thumb/v7e-m+fp/hard\libm.a(lib_a-w_pow.o) (finite)
d:/study/10_2021.10/bin/../lib/gcc/arm-none-eabi/10.3.1/../../../../arm-none-eabi/lib/thumb/v7e-m+fp/hard\libm.a(lib_a-s_scalbn.o)
                              d:/study/10_2021.10/bin/../lib/gcc/arm-none-eabi/10.3.1/../../../../arm-none-eabi/lib/thumb/v7e-m+fp/hard\libm.a(lib_a-e_pow.o) (scalbn)
d:/study/10_2021.10/bin/../lib/gcc/arm-none-eabi/10.3.1/thumb/v7e-m+fp/hard\libgcc.a(_arm_muldf3.o)
                              CMakeFiles/2025_Horse_H7.elf.dir/Core/Applications/Cpp/IMU_N300WP.cpp.obj (__aeabi_dmul)
d:/study/10_2021.10/bin/../lib/gcc/arm-none-eabi/10.3.1/thumb/v7e-m+fp/hard\libgcc.a(_arm_addsubdf3.o)
                              d:/study/10_2021.10/bin/../lib/gcc/arm-none-eabi/10.3.1/../../../../arm-none-eabi/lib/thumb/v7e-m+fp/hard\libm.a(lib_a-e_pow.o) (__aeabi_dsub)
d:/study/10_2021.10/bin/../lib/gcc/arm-none-eabi/10.3.1/thumb/v7e-m+fp/hard\libgcc.a(_arm_muldivdf3.o)
                              d:/study/10_2021.10/bin/../lib/gcc/arm-none-eabi/10.3.1/../../../../arm-none-eabi/lib/thumb/v7e-m+fp/hard\libm.a(lib_a-e_pow.o) (__aeabi_ddiv)
d:/study/10_2021.10/bin/../lib/gcc/arm-none-eabi/10.3.1/thumb/v7e-m+fp/hard\libgcc.a(_arm_cmpdf2.o)
                              d:/study/10_2021.10/bin/../lib/gcc/arm-none-eabi/10.3.1/../../../../arm-none-eabi/lib/thumb/v7e-m+fp/hard\libm.a(lib_a-w_pow.o) (__aeabi_dcmpeq)
d:/study/10_2021.10/bin/../lib/gcc/arm-none-eabi/10.3.1/thumb/v7e-m+fp/hard\libgcc.a(_arm_unorddf2.o)
                              d:/study/10_2021.10/bin/../lib/gcc/arm-none-eabi/10.3.1/../../../../arm-none-eabi/lib/thumb/v7e-m+fp/hard\libm.a(lib_a-w_pow.o) (__aeabi_dcmpun)
d:/study/10_2021.10/bin/../lib/gcc/arm-none-eabi/10.3.1/thumb/v7e-m+fp/hard\libgcc.a(_arm_truncdfsf2.o)
                              CMakeFiles/2025_Horse_H7.elf.dir/Core/Applications/Cpp/IMU_N300WP.cpp.obj (__aeabi_d2f)
d:/study/10_2021.10/bin/../lib/gcc/arm-none-eabi/10.3.1/thumb/v7e-m+fp/hard\libgcc.a(_arm_addsubsf3.o)
                              CMakeFiles/2025_Horse_H7.elf.dir/Core/Applications/Cpp/IMU_N300WP.cpp.obj (__aeabi_l2f)
d:/study/10_2021.10/bin/../lib/gcc/arm-none-eabi/10.3.1/thumb/v7e-m+fp/hard\libgcc.a(_aeabi_uldivmod.o)
                              CMakeFiles/2025_Horse_H7.elf.dir/Drivers/STM32H7xx_HAL_Driver/Src/stm32h7xx_hal_uart.c.obj (__aeabi_uldivmod)
d:/study/10_2021.10/bin/../lib/gcc/arm-none-eabi/10.3.1/thumb/v7e-m+fp/hard\libgcc.a(_udivmoddi4.o)
                              d:/study/10_2021.10/bin/../lib/gcc/arm-none-eabi/10.3.1/thumb/v7e-m+fp/hard\libgcc.a(_aeabi_uldivmod.o) (__udivmoddi4)
d:/study/10_2021.10/bin/../lib/gcc/arm-none-eabi/10.3.1/thumb/v7e-m+fp/hard\libgcc.a(unwind-arm.o)
                              CMakeFiles/2025_Horse_H7.elf.dir/Core/Applications/FDCAN_receive_dm.cpp.obj (__aeabi_unwind_cpp_pr0)
d:/study/10_2021.10/bin/../lib/gcc/arm-none-eabi/10.3.1/thumb/v7e-m+fp/hard\libgcc.a(libunwind.o)
[...]
Memory Configuration

Name             Origin             Length             Attributes
ITCMRAM          0x00000000         0x00010000         xrw
DTCMRAM          0x20000000         0x00020000         xrw
FLASH            0x08000000         0x00100000         xr
RAM_D1           0x24000000         0x00050000         xrw
RAM_D2           0x30000000         0x00008000         xrw
RAM_D3           0x38000000         0x00004000         xrw
*default*        0x00000000         0xffffffff

Linker script and memory map

LOAD d:/study/10_2021.10/bin/../lib/gcc/arm-none-eabi/10.3.1/thumb/v7e-m+fp/hard/crti.o
LOAD d:/study/10_2021.10/bin/../lib/gcc/arm-none-eabi/10.3.1/thumb/v7e-m+fp/hard/crtbegin.o
LOAD d:/study/10_2021.10/bin/../lib/gcc/arm-none-eabi/10.3.1/../../../../arm-none-eabi/lib/thumb/v7e-m+fp/hard/crt0.o
LOAD CMakeFiles/2025_Horse_H7.elf.dir/Core/Applications/Cpp/Callback.cpp.obj
LOAD CMakeFiles/2025_Horse_H7.elf.dir/Core/Applications/Cpp/IMU_N300WP.cpp.obj
LOAD CMakeFiles/2025_Horse_H7.elf.dir/Core/Applications/Cpp/Leg_Control.cpp.obj
LOAD CMakeFiles/2025_Horse_H7.elf.dir/Core/Applications/Cpp/Main.cpp.obj
LOAD CMakeFiles/2025_Horse_H7.elf.dir/Core/Applications/Cpp/Upper_Visual.cpp.obj
LOAD CMakeFiles/2025_Horse_H7.elf.dir/Core/Applications/FDCAN_receive_dm.cpp.obj
LOAD CMakeFiles/2025_Horse_H7.elf.dir/Core/Applications/UART_DMA.cpp.obj
LOAD CMakeFiles/2025_Horse_H7.elf.dir/Core/Applications/bsp_mc02/can_bsp.c.obj
LOAD CMakeFiles/2025_Horse_H7.elf.dir/Core/Applications/filter.c.obj
LOAD CMakeFiles/2025_Horse_H7.elf.dir/Core/Applications/user_lib.c.obj
LOAD CMakeFiles/2025_Horse_H7.elf.dir/Core/Applications/vofa.c.obj
LOAD CMakeFiles/2025_Horse_H7.elf.dir/Core/Src/dma.c.obj
LOAD CMakeFiles/2025_Horse_H7.elf.dir/Core/Src/fdcan.c.obj
LOAD CMakeFiles/2025_Horse_H7.elf.dir/Core/Src/freertos.c.obj
LOAD CMakeFiles/2025_Horse_H7.elf.dir/Core/Src/gpio.c.obj
LOAD CMakeFiles/2025_Horse_H7.elf.dir/Core/Src/main.c.obj
LOAD CMakeFiles/2025_Horse_H7.elf.dir/Core/Src/stm32h7xx_hal_msp.c.obj
LOAD CMakeFiles/2025_Horse_H7.elf.dir/Core/Src/stm32h7xx_hal_timebase_tim.c.obj
LOAD CMakeFiles/2025_Horse_H7.elf.dir/Core/Src/stm32h7xx_it.c.obj
LOAD CMakeFiles/2025_Horse_H7.elf.dir/Core/Src/syscalls.c.obj
LOAD CMakeFiles/2025_Horse_H7.elf.dir/Core/Src/sysmem.c.obj
LOAD CMakeFiles/2025_Horse_H7.elf.dir/Core/Src/system_stm32h7xx.c.obj
LOAD CMakeFiles/2025_Horse_H7.elf.dir/Core/Src/tim.c.obj
LOAD CMakeFiles/2025_Horse_H7.elf.dir/Core/Src/usart.c.obj
LOAD CMakeFiles/2025_Horse_H7.elf.dir/Core/Startup/startup_stm32h723vgtx.s.obj
LOAD CMakeFiles/2025_Horse_H7.elf.dir/Drivers/STM32H7xx_HAL_Driver/Src/stm32h7xx_hal.c.obj
LOAD CMakeFiles/2025_Horse_H7.elf.dir/Drivers/STM32H7xx_HAL_Driver/Src/stm32h7xx_hal_cortex.c.obj
LOAD CMakeFiles/2025_Horse_H7.elf.dir/Drivers/STM32H7xx_HAL_Driver/Src/stm32h7xx_hal_dma.c.obj
LOAD CMakeFiles/2025_Horse_H7.elf.dir/Drivers/STM32H7xx_HAL_Driver/Src/stm32h7xx_hal_dma_ex.c.obj
LOAD CMakeFiles/2025_Horse_H7.elf.dir/Drivers/STM32H7xx_HAL_Driver/Src/stm32h7xx_hal_exti.c.obj
LOAD CMakeFiles/2025_Horse_H7.elf.dir/Drivers/STM32H7xx_HAL_Driver/Src/stm32h7xx_hal_fdcan.c.obj
LOAD CMakeFiles/2025_Horse_H7.elf.dir/Drivers/STM32H7xx_HAL_Driver/Src/stm32h7xx_hal_flash.c.obj
LOAD CMakeFiles/2025_Horse_H7.elf.dir/Drivers/STM32H7xx_HAL_Driver/Src/stm32h7xx_hal_flash_ex.c.obj
LOAD CMakeFiles/2025_Horse_H7.elf.dir/Drivers/STM32H7xx_HAL_Driver/Src/stm32h7xx_hal_gpio.c.obj
LOAD CMakeFiles/2025_Horse_H7.elf.dir/Drivers/STM32H7xx_HAL_Driver/Src/stm32h7xx_hal_hsem.c.obj
LOAD CMakeFiles/2025_Horse_H7.elf.dir/Drivers/STM32H7xx_HAL_Driver/Src/stm32h7xx_hal_i2c.c.obj
LOAD CMakeFiles/2025_Horse_H7.elf.dir/Drivers/STM32H7xx_HAL_Driver/Src/stm32h7xx_hal_i2c_ex.c.obj
LOAD CMakeFiles/2025_Horse_H7.elf.dir/Drivers/STM32H7xx_HAL_Driver/Src/stm32h7xx_hal_mdma.c.obj
LOAD CMakeFiles/2025_Horse_H7.elf.dir/Drivers/STM32H7xx_HAL_Driver/Src/stm32h7xx_hal_pwr.c.obj
LOAD CMakeFiles/2025_Horse_H7.elf.dir/Drivers/STM32H7xx_HAL_Driver/Src/stm32h7xx_hal_pwr_ex.c.obj
LOAD CMakeFiles/2025_Horse_H7.elf.dir/Drivers/STM32H7xx_HAL_Driver/Src/stm32h7xx_hal_rcc.c.obj
LOAD CMakeFiles/2025_Horse_H7.elf.dir/Drivers/STM32H7xx_HAL_Driver/Src/stm32h7xx_hal_rcc_ex.c.obj
LOAD CMakeFiles/2025_Horse_H7.elf.dir/Drivers/STM32H7xx_HAL_Driver/Src/stm32h7xx_hal_tim.c.obj
LOAD CMakeFiles/2025_Horse_H7.elf.dir/Drivers/STM32H7xx_HAL_Driver/Src/stm32h7xx_hal_tim_ex.c.obj
LOAD CMakeFiles/2025_Horse_H7.elf.dir/Drivers/STM32H7xx_HAL_Driver/Src/stm32h7xx_hal_uart.c.obj
LOAD CMakeFiles/2025_Horse_H7.elf.dir/Drivers/STM32H7xx_HAL_Driver/Src/stm32h7xx_hal_uart_ex.c.obj
LOAD CMakeFiles/2025_Horse_H7.elf.dir/Middlewares/Third_Party/FreeRTOS/Source/CMSIS_RTOS_V2/cmsis_os2.c.obj
LOAD CMakeFiles/2025_Horse_H7.elf.dir/Middlewares/Third_Party/FreeRTOS/Source/croutine.c.obj
LOAD CMakeFiles/2025_Horse_H7.elf.dir/Middlewares/Third_Party/FreeRTOS/Source/event_groups.c.obj
LOAD CMakeFiles/2025_Horse_H7.elf.dir/Middlewares/Third_Party/FreeRTOS/Source/list.c.obj
LOAD CMakeFiles/2025_Horse_H7.elf.dir/Middlewares/Third_Party/FreeRTOS/Source/portable/GCC/ARM_CM4F/port.c.obj
LOAD CMakeFiles/2025_Horse_H7.elf.dir/Middlewares/Third_Party/FreeRTOS/Source/portable/MemMang/heap_4.c.obj
LOAD CMakeFiles/2025_Horse_H7.elf.dir/Middlewares/Third_Party/FreeRTOS/Source/queue.c.obj
LOAD CMakeFiles/2025_Horse_H7.elf.dir/Middlewares/Third_Party/FreeRTOS/Source/stream_buffer.c.obj
LOAD CMakeFiles/2025_Horse_H7.elf.dir/Middlewares/Third_Party/FreeRTOS/Source/tasks.c.obj
LOAD CMakeFiles/2025_Horse_H7.elf.dir/Middlewares/Third_Party/FreeRTOS/Source/timers.c.obj
LOAD d:/study/10_2021.10/bin/../lib/gcc/arm-none-eabi/10.3.1/../../../../arm-none-eabi/lib/thumb/v7e-m+fp/hard\libstdc++.a
LOAD d:/study/10_2021.10/bin/../lib/gcc/arm-none-eabi/10.3.1/../../../../arm-none-eabi/lib/thumb/v7e-m+fp/hard\libm.a
START GROUP
LOAD d:/study/10_2021.10/bin/../lib/gcc/arm-none-eabi/10.3.1/thumb/v7e-m+fp/hard\libgcc.a
LOAD d:/study/10_2021.10/bin/../lib/gcc/arm-none-eabi/10.3.1/../../../../arm-none-eabi/lib/thumb/v7e-m+fp/hard\libg.a
LOAD d:/study/10_2021.10/bin/../lib/gcc/arm-none-eabi/10.3.1/../../../../arm-none-eabi/lib/thumb/v7e-m+fp/hard\libc.a
END GROUP
LOAD d:/study/10_2021.10/bin/../lib/gcc/arm-none-eabi/10.3.1/thumb/v7e-m+fp/hard/crtend.o
LOAD d:/study/10_2021.10/bin/../lib/gcc/arm-none-eabi/10.3.1/thumb/v7e-m+fp/hard/crtn.o
                0x24050000                _estack = (ORIGIN (RAM_D1) + LENGTH (RAM_D1))
                0x00000200                _Min_Heap_Size = 0x200
                0x00000400                _Min_Stack_Size = 0x400

.isr_vector     0x08000000      0x2cc
                0x08000000                . = ALIGN (0x4)
 *(.isr_vector)
 .isr_vector    0x08000000      0x2cc CMakeFiles/2025_Horse_H7.elf.dir/Core/Startup/startup_stm32h723vgtx.s.obj
                0x08000000                g_pfnVectors
                0x080002cc                . = ALIGN (0x4)

.text           0x080002d0     0xc774
                0x080002d0                . = ALIGN (0x4)
 *(.text)
 .text          0x080002d0       0x40 d:/study/10_2021.10/bin/../lib/gcc/arm-none-eabi/10.3.1/thumb/v7e-m+fp/hard/crtbegin.o
 .text          0x08000310      0x378 d:/study/10_2021.10/bin/../lib/gcc/arm-none-eabi/10.3.1/thumb/v7e-m+fp/hard\libgcc.a(_arm_addsubdf3.o)
                0x08000310                __aeabi_drsub
                0x08000318                __aeabi_dsub
                0x08000318                __subdf3
                0x0800031c                __aeabi_dadd
                0x0800031c                __adddf3
                0x08000594                __floatunsidf
                0x08000594                __aeabi_ui2d
                0x080005b4                __floatsidf
                0x080005b4                __aeabi_i2d
                0x080005d8                __aeabi_f2d
                0x080005d8                __extendsfdf2
                0x0800061c                __floatundidf
                0x0800061c                __aeabi_ul2d
                0x0800062c                __floatdidf
                0x0800062c                __aeabi_l2d
 .text          0x08000688      0x424 d:/study/10_2021.10/bin/../lib/gcc/arm-none-eabi/10.3.1/thumb/v7e-m+fp/hard\libgcc.a(_arm_muldivdf3.o)
                0x08000688                __aeabi_dmul
                0x08000688                __muldf3
                0x080008dc                __divdf3
                0x080008dc                __aeabi_ddiv
 .text          0x08000aac      0x110 d:/study/10_2021.10/bin/../lib/gcc/arm-none-eabi/10.3.1/thumb/v7e-m+fp/hard\libgcc.a(_arm_cmpdf2.o)
                0x08000aac                __gtdf2
                0x08000aac                __gedf2
                0x08000ab4                __ltdf2
                0x08000ab4                __ledf2
                0x08000abc                __nedf2
                0x08000abc                __eqdf2
                0x08000abc                __cmpdf2
                0x08000b38                __aeabi_cdrcmple
                0x08000b48                __aeabi_cdcmpeq
                0x08000b48                __aeabi_cdcmple
                0x08000b58                __aeabi_dcmpeq
                0x08000b6c                __aeabi_dcmplt
                0x08000b80                __aeabi_dcmple
                0x08000b94                __aeabi_dcmpge
                0x08000ba8                __aeabi_dcmpgt
 .text          0x08000bbc       0x2c d:/study/10_2021.10/bin/../lib/gcc/arm-none-eabi/10.3.1/thumb/v7e-m+fp/hard\libgcc.a(_arm_unorddf2.o)
                0x08000bbc                __unorddf2
                0x08000bbc                __aeabi_dcmpun
 .text          0x08000be8       0xa0 d:/study/10_2021.10/bin/../lib/gcc/arm-none-eabi/10.3.1/thumb/v7e-m+fp/hard\libgcc.a(_arm_truncdfsf2.o)
                0x08000be8                __truncdfsf2
                0x08000be8                __aeabi_d2f
 .text          0x08000c88      0x21c d:/study/10_2021.10/bin/../lib/gcc/arm-none-eabi/10.3.1/thumb/v7e-m+fp/hard\libgcc.a(_arm_addsubsf3.o)
                0x08000c88                __aeabi_frsub
                0x08000c90                __subsf3
                0x08000c90                __aeabi_fsub
                0x08000c94                __aeabi_fadd
                0x08000c94                __addsf3
                0x08000df4                __aeabi_ui2f
                0x08000df4                __floatunsisf
                0x08000dfc                __aeabi_i2f
                0x08000dfc                __floatsisf
                0x08000e18                __aeabi_ul2f
                0x08000e18                __floatundisf
                0x08000e28                __aeabi_l2f
                0x08000e28                __floatdisf
 .text          0x08000ea4       0x30 d:/study/10_2021.10/bin/../lib/gcc/arm-none-eabi/10.3.1/thumb/v7e-m+fp/hard\libgcc.a(_aeabi_uldivmod.o)
                0x08000ea4                __aeabi_uldivmod
 .text          0x08000ed4      0x2d0 d:/study/10_2021.10/bin/../lib/gcc/arm-none-eabi/10.3.1/thumb/v7e-m+fp/hard\libgcc.a(_udivmoddi4.o)
                0x08000ed4                __udivmoddi4
 .text          0x080011a4      0x9d8 d:/study/10_2021.10/bin/../lib/gcc/arm-none-eabi/10.3.1/thumb/v7e-m+fp/hard\libgcc.a(unwind-arm.o)
                0x0800144c                _Unwind_GetCFA
                0x08001450                __gnu_Unwind_RaiseException
                0x080014b8                __gnu_Unwind_ForcedUnwind
                0x080014c8                __gnu_Unwind_Resume
                0x0800150c                __gnu_Unwind_Resume_or_Rethrow
                0x0800151c                _Unwind_Complete
                0x08001520                _Unwind_DeleteException
                0x0800152c                _Unwind_VRS_Get
                0x08001578                _Unwind_VRS_Set
                0x080015c0                __gnu_Unwind_Backtrace
                0x080018ec                __aeabi_unwind_cpp_pr0
                0x080018f0                __aeabi_unwind_cpp_pr1
                0x080018f4                __aeabi_unwind_cpp_pr2
                0x080018f8                _Unwind_VRS_Pop
 .text          0x08001b7c      0x1ac d:/study/10_2021.10/bin/../lib/gcc/arm-none-eabi/10.3.1/thumb/v7e-m+fp/hard\libgcc.a(libunwind.o)
                0x08001b7c                __restore_core_regs
                0x08001b7c                restore_core_regs
                0x08001b94                __gnu_Unwind_Restore_VFP
                0x08001b9c                __gnu_Unwind_Save_VFP
                0x08001ba4                __gnu_Unwind_Restore_VFP_D
                0x08001bac                __gnu_Unwind_Save_VFP_D
                0x08001bb4                __gnu_Unwind_Restore_VFP_D_16_to_31
                0x08001bbc                __gnu_Unwind_Save_VFP_D_16_to_31
                0x08001bc4                __gnu_Unwind_Restore_WMMXD
                0x08001c08                __gnu_Unwind_Save_WMMXD
                0x08001c4c                __gnu_Unwind_Restore_WMMXC
                0x08001c60                __gnu_Unwind_Save_WMMXC
                0x08001c74                ___Unwind_RaiseException
                0x08001c74                _Unwind_RaiseException
                0x08001c98                _Unwind_Resume
                0x08001c98                ___Unwind_Resume
                0x08001cbc                _Unwind_Resume_or_Rethrow
                0x08001cbc                ___Unwind_Resume_or_Rethrow
                0x08001ce0                _Unwind_ForcedUnwind
                0x08001ce0                ___Unwind_ForcedUnwind
                0x08001d04                ___Unwind_Backtrace
                0x08001d04                _Unwind_Backtrace
 .text          0x08001d28      0x350 d:/study/10_2021.10/bin/../lib/gcc/arm-none-eabi/10.3.1/thumb/v7e-m+fp/hard\libgcc.a(pr-support.o)
                0x08001d80                __gnu_unwind_execute
                0x0800202c                __gnu_unwind_frame
                0x08002058                _Unwind_GetRegionStart
                0x08002064                _Unwind_GetLanguageSpecificData
 .text          0x08002078        0x4 d:/study/10_2021.10/bin/../lib/gcc/arm-none-eabi/10.3.1/thumb/v7e-m+fp/hard\libgcc.a(_dvmd_tls.o)
                0x08002078                __aeabi_idiv0
                0x08002078                __aeabi_ldiv0
 .text          0x0800207c      0x134 d:/study/10_2021.10/bin/../lib/gcc/arm-none-eabi/10.3.1/../../../../arm-none-eabi/lib/thumb/v7e-m+fp/hard\libg.a(lib_a-memcpy.o)
                0x0800207c                memcpy
 *(.text*)
 .text._ZN10IMU_N300WP10data_transEhhhh
                0x080021b0       0xa4 CMakeFiles/2025_Horse_H7.elf.dir/Core/Applications/Cpp/IMU_N300WP.cpp.obj
                0x080021b0                IMU_N300WP::data_trans(unsigned char, unsigned char, unsigned char, unsigned char)
 .text._ZN10IMU_N300WP8data_getEPh
                0x08002254      0x1b4 CMakeFiles/2025_Horse_H7.elf.dir/Core/Applications/Cpp/IMU_N300WP.cpp.obj
                0x08002254                IMU_N300WP::data_get(unsigned char*)
 .text._ZN14Step_CharacterD2Ev
                0x08002408        0x2 CMakeFiles/2025_Horse_H7.elf.dir/Core/Applications/Cpp/Leg_Control.cpp.obj
                0x08002408                Step_Character::~Step_Character()
                0x08002408                Step_Character::~Step_Character()
 *fill*         0x0800240a        0x2 
 .text._Z41__static_initialization_and_destruction_0ii
                0x0800240c       0x34 CMakeFiles/2025_Horse_H7.elf.dir/Core/Applications/Cpp/Leg_Control.cpp.obj
 .text._GLOBAL__sub_I__ZN19Single_Foot_MeasureC2Effffff
                0x08002440        0xe CMakeFiles/2025_Horse_H7.elf.dir/Core/Applications/Cpp/Leg_Control.cpp.obj
 *fill*         0x0800244e        0x2 
 .text._Z14Usart_DMA_initv
                0x08002450       0x24 CMakeFiles/2025_Horse_H7.elf.dir/Core/Applications/Cpp/Main.cpp.obj
                0x08002450                Usart_DMA_init()
 .text.Main     0x08002474       0x20 CMakeFiles/2025_Horse_H7.elf.dir/Core/Applications/Cpp/Main.cpp.obj
                0x08002474                Main
 .text.float_to_uint
                0x08002494       0x28 CMakeFiles/2025_Horse_H7.elf.dir/Core/Applications/FDCAN_receive_dm.cpp.obj
                0x08002494                float_to_uint
 .text.MIT_motor_CTRL
                0x080024bc       0xdc CMakeFiles/2025_Horse_H7.elf.dir/Core/Applications/FDCAN_receive_dm.cpp.obj
                0x080024bc                MIT_motor_CTRL
 .text.start_motor
                0x08002598       0x36 CMakeFiles/2025_Horse_H7.elf.dir/Core/Applications/FDCAN_receive_dm.cpp.obj
                0x08002598                start_motor
 *fill*         0x080025ce        0x2 
 .text.mit_send_in_TIM
                0x080025d0       0xa0 CMakeFiles/2025_Horse_H7.elf.dir/Core/Applications/FDCAN_receive_dm.cpp.obj
                0x080025d0                mit_send_in_TIM
 .text.All_motor_enable
                0x08002670       0x54 CMakeFiles/2025_Horse_H7.elf.dir/Core/Applications/FDCAN_receive_dm.cpp.obj
                0x08002670                All_motor_enable
 .text.motor_init
                0x080026c4       0x24 CMakeFiles/2025_Horse_H7.elf.dir/Core/Applications/FDCAN_receive_dm.cpp.obj
                0x080026c4                motor_init
 .text._ZL19UART1_Receive_ServePhh
                0x080026e8        0x8 CMakeFiles/2025_Horse_H7.elf.dir/Core/Applications/UART_DMA.cpp.obj
 .text._Z17IMU_Receive_ServePhhP20__UART_HandleTypeDef
                0x080026f0       0xa0 CMakeFiles/2025_Horse_H7.elf.dir/Core/Applications/UART_DMA.cpp.obj
                0x080026f0                IMU_Receive_Serve(unsigned char*, unsigned char, __UART_HandleTypeDef*)
 .text._ZL20UART10_Receive_ServePhhP20__UART_HandleTypeDef
                0x08002790       0x64 CMakeFiles/2025_Horse_H7.elf.dir/Core/Applications/UART_DMA.cpp.obj
 .text.UART_DMA_Receive_init
                0x080027f4       0x12 CMakeFiles/2025_Horse_H7.elf.dir/Core/Applications/UART_DMA.cpp.obj
                0x080027f4                UART_DMA_Receive_init
 *fill*         0x08002806        0x2 
 .text.UART_DMA_Receive_IT
                0x08002808       0xe4 CMakeFiles/2025_Horse_H7.elf.dir/Core/Applications/UART_DMA.cpp.obj
                0x08002808                UART_DMA_Receive_IT
 .text.HAL_UART_ErrorCallback
                0x080028ec       0x24 CMakeFiles/2025_Horse_H7.elf.dir/Core/Applications/UART_DMA.cpp.obj
                0x080028ec                HAL_UART_ErrorCallback
 .text.can_filter_init
                0x08002910      0x128 CMakeFiles/2025_Horse_H7.elf.dir/Core/Applications/bsp_mc02/can_bsp.c.obj
                0x08002910                can_filter_init
 .text.can_bsp_init
                0x08002a38       0x68 CMakeFiles/2025_Horse_H7.elf.dir/Core/Applications/bsp_mc02/can_bsp.c.obj
                0x08002a38                can_bsp_init
 .text.fdcanx_send_data
                0x08002aa0       0x28 CMakeFiles/2025_Horse_H7.elf.dir/Core/Applications/bsp_mc02/can_bsp.c.obj
                0x08002aa0                fdcanx_send_data
 .text.fdcanx_receive
                0x08002ac8       0x36 CMakeFiles/2025_Horse_H7.elf.dir/Core/Applications/bsp_mc02/can_bsp.c.obj
                0x08002ac8                fdcanx_receive
 *fill*         0x08002afe        0x2 
 .text.fdcan1_rx_callback
                0x08002b00       0x20 CMakeFiles/2025_Horse_H7.elf.dir/Core/Applications/bsp_mc02/can_bsp.c.obj
                0x08002b00                fdcan1_rx_callback
 .text.fdcan2_rx_callback
                0x08002b20       0x20 CMakeFiles/2025_Horse_H7.elf.dir/Core/Applications/bsp_mc02/can_bsp.c.obj
                0x08002b20                fdcan2_rx_callback
 .text.fdcan3_rx_callback
                0x08002b40       0x20 CMakeFiles/2025_Horse_H7.elf.dir/Core/Applications/bsp_mc02/can_bsp.c.obj
                0x08002b40                fdcan3_rx_callback
 .text.HAL_FDCAN_RxFifo0Callback
                0x08002b60       0x40 CMakeFiles/2025_Horse_H7.elf.dir/Core/Applications/bsp_mc02/can_bsp.c.obj
                0x08002b60                HAL_FDCAN_RxFifo0Callback
 .text.HAL_FDCAN_RxFifo1Callback
                0x08002ba0       0x40 CMakeFiles/2025_Horse_H7.elf.dir/Core/Applications/bsp_mc02/can_bsp.c.obj
                0x08002ba0                HAL_FDCAN_RxFifo1Callback
 .text.Vofa_Transmit
                0x08002be0       0x3c CMakeFiles/2025_Horse_H7.elf.dir/Core/Applications/vofa.c.obj
                0x08002be0                Vofa_Transmit
 .text.Vofa_Slider_Handler
                0x08002c1c       0x74 CMakeFiles/2025_Horse_H7.elf.dir/Core/Applications/vofa.c.obj
                0x08002c1c                Vofa_Slider_Handler
 .text.Vofa_Button_Handler
                0x08002c90       0x7c CMakeFiles/2025_Horse_H7.elf.dir/Core/Applications/vofa.c.obj
                0x08002c90                Vofa_Button_Handler
 .text.Vofa_Key_Handler
                0x08002d0c       0x58 CMakeFiles/2025_Horse_H7.elf.dir/Core/Applications/vofa.c.obj
                0x08002d0c                Vofa_Key_Handler
 .text.Vofa_FRAME_Handler
                0x08002d64       0x50 CMakeFiles/2025_Horse_H7.elf.dir/Core/Applications/vofa.c.obj
                0x08002d64                Vofa_FRAME_Handler
 .text.Vofa_UART_Receive
                0x08002db4       0x8c CMakeFiles/2025_Horse_H7.elf.dir/Core/Applications/vofa.c.obj
                0x08002db4                Vofa_UART_Receive
 .text.MX_DMA_Init
                0x08002e40       0xa0 CMakeFiles/2025_Horse_H7.elf.dir/Core/Src/dma.c.obj
                0x08002e40                MX_DMA_Init
 .text.MX_FDCAN1_Init
                0x08002ee0       0x64 CMakeFiles/2025_Horse_H7.elf.dir/Core/Src/fdcan.c.obj
                0x08002ee0                MX_FDCAN1_Init
 .text.MX_FDCAN2_Init
                0x08002f44       0x68 CMakeFiles/2025_Horse_H7.elf.dir/Core/Src/fdcan.c.obj
                0x08002f44                MX_FDCAN2_Init
 .text.MX_FDCAN3_Init
                0x08002fac       0x68 CMakeFiles/2025_Horse_H7.elf.dir/Core/Src/fdcan.c.obj
                0x08002fac                MX_FDCAN3_Init
 .text.HAL_FDCAN_MspInit
                0x08003014      0x228 CMakeFiles/2025_Horse_H7.elf.dir/Core/Src/fdcan.c.obj
                0x08003014                HAL_FDCAN_MspInit
 .text.StartDefaultTask
                0x0800323c        0xa CMakeFiles/2025_Horse_H7.elf.dir/Core/Src/freertos.c.obj
                0x0800323c                StartDefaultTask
 *fill*         0x08003246        0x2 
 .text.UART_TX_task
                0x08003248       0x28 CMakeFiles/2025_Horse_H7.elf.dir/Core/Src/freertos.c.obj
                0x08003248                UART_TX_task
 .text.FDCAN_Task
                0x08003270       0x1a CMakeFiles/2025_Horse_H7.elf.dir/Core/Src/freertos.c.obj
                0x08003270                FDCAN_Task
 *fill*         0x0800328a        0x2 
 .text.MX_FREERTOS_Init
                0x0800328c       0x54 CMakeFiles/2025_Horse_H7.elf.dir/Core/Src/freertos.c.obj
                0x0800328c                MX_FREERTOS_Init
 .text.MX_GPIO_Init
                0x080032e0       0xd4 CMakeFiles/2025_Horse_H7.elf.dir/Core/Src/gpio.c.obj
                0x080032e0                MX_GPIO_Init
 .text.HAL_TIM_PeriodElapsedCallback
                0x080033b4       0x18 CMakeFiles/2025_Horse_H7.elf.dir/Core/Src/main.c.obj
                0x080033b4                HAL_TIM_PeriodElapsedCallback
 .text.Error_Handler
                0x080033cc        0x4 CMakeFiles/2025_Horse_H7.elf.dir/Core/Src/main.c.obj
                0x080033cc                Error_Handler
 .text.SystemClock_Config
                0x080033d0       0xa8 CMakeFiles/2025_Horse_H7.elf.dir/Core/Src/main.c.obj
                0x080033d0                SystemClock_Config
 .text.main     0x08003478       0x4c CMakeFiles/2025_Horse_H7.elf.dir/Core/Src/main.c.obj
                0x08003478                main
 .text.HAL_MspInit
                0x080034c4       0x34 CMakeFiles/2025_Horse_H7.elf.dir/Core/Src/stm32h7xx_hal_msp.c.obj
                0x080034c4                HAL_MspInit
 .text.HAL_InitTick
                0x080034f8       0x9c CMakeFiles/2025_Horse_H7.elf.dir/Core/Src/stm32h7xx_hal_timebase_tim.c.obj
                0x080034f8                HAL_InitTick
 .text.NMI_Handler
                0x08003594        0x2 CMakeFiles/2025_Horse_H7.elf.dir/Core/Src/stm32h7xx_it.c.obj
                0x08003594                NMI_Handler
 .text.HardFault_Handler
                0x08003596        0x2 CMakeFiles/2025_Horse_H7.elf.dir/Core/Src/stm32h7xx_it.c.obj
                0x08003596                HardFault_Handler
 .text.MemManage_Handler
                0x08003598        0x2 CMakeFiles/2025_Horse_H7.elf.dir/Core/Src/stm32h7xx_it.c.obj
                0x08003598                MemManage_Handler
 .text.BusFault_Handler
                0x0800359a        0x2 CMakeFiles/2025_Horse_H7.elf.dir/Core/Src/stm32h7xx_it.c.obj
                0x0800359a                BusFault_Handler
 .text.UsageFault_Handler
                0x0800359c        0x2 CMakeFiles/2025_Horse_H7.elf.dir/Core/Src/stm32h7xx_it.c.obj
                0x0800359c                UsageFault_Handler
 .text.DebugMon_Handler
                0x0800359e        0x2 CMakeFiles/2025_Horse_H7.elf.dir/Core/Src/stm32h7xx_it.c.obj
                0x0800359e                DebugMon_Handler
 .text.DMA1_Stream0_IRQHandler
                0x080035a0       0x10 CMakeFiles/2025_Horse_H7.elf.dir/Core/Src/stm32h7xx_it.c.obj
                0x080035a0                DMA1_Stream0_IRQHandler
 .text.DMA1_Stream1_IRQHandler
                0x080035b0       0x10 CMakeFiles/2025_Horse_H7.elf.dir/Core/Src/stm32h7xx_it.c.obj
                0x080035b0                DMA1_Stream1_IRQHandler
 .text.DMA1_Stream2_IRQHandler
                0x080035c0       0x10 CMakeFiles/2025_Horse_H7.elf.dir/Core/Src/stm32h7xx_it.c.obj
                0x080035c0                DMA1_Stream2_IRQHandler
 .text.DMA1_Stream3_IRQHandler
                0x080035d0       0x10 CMakeFiles/2025_Horse_H7.elf.dir/Core/Src/stm32h7xx_it.c.obj
                0x080035d0                DMA1_Stream3_IRQHandler
 .text.FDCAN1_IT0_IRQHandler
                0x080035e0       0x10 CMakeFiles/2025_Horse_H7.elf.dir/Core/Src/stm32h7xx_it.c.obj
                0x080035e0                FDCAN1_IT0_IRQHandler
 .text.FDCAN2_IT0_IRQHandler
                0x080035f0       0x10 CMakeFiles/2025_Horse_H7.elf.dir/Core/Src/stm32h7xx_it.c.obj
                0x080035f0                FDCAN2_IT0_IRQHandler
 .text.FDCAN1_IT1_IRQHandler
                0x08003600       0x10 CMakeFiles/2025_Horse_H7.elf.dir/Core/Src/stm32h7xx_it.c.obj
                0x08003600                FDCAN1_IT1_IRQHandler
 .text.FDCAN2_IT1_IRQHandler
                0x08003610       0x10 CMakeFiles/2025_Horse_H7.elf.dir/Core/Src/stm32h7xx_it.c.obj
                0x08003610                FDCAN2_IT1_IRQHandler
 .text.USART1_IRQHandler
                0x08003620       0x24 CMakeFiles/2025_Horse_H7.elf.dir/Core/Src/stm32h7xx_it.c.obj
                0x08003620                USART1_IRQHandler
 .text.TIM8_BRK_TIM12_IRQHandler
                0x08003644       0x18 CMakeFiles/2025_Horse_H7.elf.dir/Core/Src/stm32h7xx_it.c.obj
                0x08003644                TIM8_BRK_TIM12_IRQHandler
 .text.TIM8_UP_TIM13_IRQHandler
                0x0800365c       0x10 CMakeFiles/2025_Horse_H7.elf.dir/Core/Src/stm32h7xx_it.c.obj
                0x0800365c                TIM8_UP_TIM13_IRQHandler
 .text.TIM5_IRQHandler
                0x0800366c       0x10 CMakeFiles/2025_Horse_H7.elf.dir/Core/Src/stm32h7xx_it.c.obj
                0x0800366c                TIM5_IRQHandler
 .text.TIM6_DAC_IRQHandler
                0x0800367c       0x10 CMakeFiles/2025_Horse_H7.elf.dir/Core/Src/stm32h7xx_it.c.obj
                0x0800367c                TIM6_DAC_IRQHandler
 .text.TIM7_IRQHandler
                0x0800368c       0x10 CMakeFiles/2025_Horse_H7.elf.dir/Core/Src/stm32h7xx_it.c.obj
                0x0800368c                TIM7_IRQHandler
 .text.DMA2_Stream2_IRQHandler
                0x0800369c       0x10 CMakeFiles/2025_Horse_H7.elf.dir/Core/Src/stm32h7xx_it.c.obj
                0x0800369c                DMA2_Stream2_IRQHandler
 .text.DMA2_Stream4_IRQHandler
                0x080036ac       0x10 CMakeFiles/2025_Horse_H7.elf.dir/Core/Src/stm32h7xx_it.c.obj
                0x080036ac                DMA2_Stream4_IRQHandler
 .text.UART7_IRQHandler
                0x080036bc       0x24 CMakeFiles/2025_Horse_H7.elf.dir/Core/Src/stm32h7xx_it.c.obj
                0x080036bc                UART7_IRQHandler
 .text.USART10_IRQHandler
                0x080036e0       0x24 CMakeFiles/2025_Horse_H7.elf.dir/Core/Src/stm32h7xx_it.c.obj
                0x080036e0                USART10_IRQHandler
 .text.FDCAN3_IT0_IRQHandler
                0x08003704       0x10 CMakeFiles/2025_Horse_H7.elf.dir/Core/Src/stm32h7xx_it.c.obj
                0x08003704                FDCAN3_IT0_IRQHandler
 .text.FDCAN3_IT1_IRQHandler
                0x08003714       0x10 CMakeFiles/2025_Horse_H7.elf.dir/Core/Src/stm32h7xx_it.c.obj
                0x08003714                FDCAN3_IT1_IRQHandler
 .text._getpid  0x08003724        0x4 CMakeFiles/2025_Horse_H7.elf.dir/Core/Src/syscalls.c.obj
                0x08003724                _getpid
 .text._kill    0x08003728       0x10 CMakeFiles/2025_Horse_H7.elf.dir/Core/Src/syscalls.c.obj
                0x08003728                _kill
 .text._exit    0x08003738        0xc CMakeFiles/2025_Horse_H7.elf.dir/Core/Src/syscalls.c.obj
                0x08003738                _exit
 .text.SystemInit
                0x08003744       0xac CMakeFiles/2025_Horse_H7.elf.dir/Core/Src/system_stm32h7xx.c.obj
                0x08003744                SystemInit
 .text.MX_TIM6_Init
                0x080037f0       0x54 CMakeFiles/2025_Horse_H7.elf.dir/Core/Src/tim.c.obj
                0x080037f0                MX_TIM6_Init
 .text.MX_TIM7_Init
                0x08003844       0x54 CMakeFiles/2025_Horse_H7.elf.dir/Core/Src/tim.c.obj
                0x08003844                MX_TIM7_Init
 .text.MX_TIM8_Init
                0x08003898       0x78 CMakeFiles/2025_Horse_H7.elf.dir/Core/Src/tim.c.obj
                0x08003898                MX_TIM8_Init
 .text.MX_TIM12_Init
                0x08003910       0x74 CMakeFiles/2025_Horse_H7.elf.dir/Core/Src/tim.c.obj
                0x08003910                MX_TIM12_Init
 .text.HAL_TIM_Base_MspInit
                0x08003984       0xf8 CMakeFiles/2025_Horse_H7.elf.dir/Core/Src/tim.c.obj
                0x08003984                HAL_TIM_Base_MspInit
 .text.MX_UART7_Init
                0x08003a7c       0x68 CMakeFiles/2025_Horse_H7.elf.dir/Core/Src/usart.c.obj
                0x08003a7c                MX_UART7_Init
 .text.MX_USART1_UART_Init
                0x08003ae4       0x68 CMakeFiles/2025_Horse_H7.elf.dir/Core/Src/usart.c.obj
                0x08003ae4                MX_USART1_UART_Init
 .text.MX_USART10_UART_Init
                0x08003b4c       0x68 CMakeFiles/2025_Horse_H7.elf.dir/Core/Src/usart.c.obj
                0x08003b4c                MX_USART10_UART_Init
 .text.HAL_UART_MspInit
                0x08003bb4      0x340 CMakeFiles/2025_Horse_H7.elf.dir/Core/Src/usart.c.obj
                0x08003bb4                HAL_UART_MspInit
 .text.Reset_Handler
                0x08003ef4       0x50 CMakeFiles/2025_Horse_H7.elf.dir/Core/Startup/startup_stm32h723vgtx.s.obj
                0x08003ef4                Reset_Handler
 .text.Default_Handler
                0x08003f44        0x2 CMakeFiles/2025_Horse_H7.elf.dir/Core/Startup/startup_stm32h723vgtx.s.obj
                0x08003f44                RTC_Alarm_IRQHandler
                0x08003f44                EXTI2_IRQHandler
                0x08003f44                TIM8_CC_IRQHandler
                0x08003f44                UART8_IRQHandler
                0x08003f44                SPI4_IRQHandler
                0x08003f44                TIM1_CC_IRQHandler
                0x08003f44                BDMA_Channel6_IRQHandler
                0x08003f44                DMA2_Stream5_IRQHandler
                0x08003f44                DMA1_Stream5_IRQHandler
                0x08003f44                CORDIC_IRQHandler
                0x08003f44                BDMA_Channel1_IRQHandler
                0x08003f44                TAMP_STAMP_IRQHandler
                0x08003f44                EXTI3_IRQHandler
                0x08003f44                LPTIM4_IRQHandler
                0x08003f44                TIM8_TRG_COM_TIM14_IRQHandler
                0x08003f44                LPTIM2_IRQHandler
                0x08003f44                DFSDM1_FLT1_IRQHandler
                0x08003f44                DMAMUX2_OVR_IRQHandler
                0x08003f44                I2C3_ER_IRQHandler
                0x08003f44                DFSDM1_FLT2_IRQHandler
                0x08003f44                I2C5_EV_IRQHandler
                0x08003f44                MDMA_IRQHandler
                0x08003f44                LPTIM3_IRQHandler
                0x08003f44                HSEM1_IRQHandler
                0x08003f44                EXTI0_IRQHandler
                0x08003f44                I2C2_EV_IRQHandler
                0x08003f44                FPU_IRQHandler
                0x08003f44                OTG_HS_WKUP_IRQHandler
                0x08003f44                LTDC_ER_IRQHandler
                0x08003f44                SPI1_IRQHandler
                0x08003f44                OCTOSPI1_IRQHandler
                0x08003f44                DMA2_Stream3_IRQHandler
                0x08003f44                OCTOSPI2_IRQHandler
                0x08003f44                DFSDM1_FLT3_IRQHandler
                0x08003f44                TIM23_IRQHandler
                0x08003f44                USART6_IRQHandler
                0x08003f44                TIM17_IRQHandler
                0x08003f44                USART3_IRQHandler
                0x08003f44                BDMA_Channel7_IRQHandler
                0x08003f44                LPTIM5_IRQHandler
                0x08003f44                UART5_IRQHandler
                0x08003f44                ADC3_IRQHandler
                0x08003f44                DMA2_Stream0_IRQHandler
                0x08003f44                TIM4_IRQHandler
                0x08003f44                BDMA_Channel2_IRQHandler
                0x08003f44                I2C1_EV_IRQHandler
                0x08003f44                DMA1_Stream6_IRQHandler
                0x08003f44                DMAMUX1_OVR_IRQHandler
                0x08003f44                TIM16_IRQHandler
                0x08003f44                UART4_IRQHandler
                0x08003f44                BDMA_Channel5_IRQHandler
                0x08003f44                TIM3_IRQHandler
                0x08003f44                RCC_IRQHandler
                0x08003f44                UART9_IRQHandler
                0x08003f44                TIM1_TRG_COM_IRQHandler
                0x08003f44                Default_Handler
                0x08003f44                ECC_IRQHandler
                0x08003f44                FMAC_IRQHandler
                0x08003f44                CEC_IRQHandler
                0x08003f44                EXTI15_10_IRQHandler
                0x08003f44                BDMA_Channel0_IRQHandler
                0x08003f44                ADC_IRQHandler
                0x08003f44                I2C5_ER_IRQHandler
                0x08003f44                DMA1_Stream7_IRQHandler
                0x08003f44                SPI5_IRQHandler
                0x08003f44                SDMMC1_IRQHandler
                0x08003f44                DMA2_Stream7_IRQHandler
                0x08003f44                TIM15_IRQHandler
                0x08003f44                PVD_AVD_IRQHandler
                0x08003f44                I2C3_EV_IRQHandler
                0x08003f44                EXTI9_5_IRQHandler
                0x08003f44                RTC_WKUP_IRQHandler
                0x08003f44                LTDC_IRQHandler
                0x08003f44                ETH_WKUP_IRQHandler
                0x08003f44                SPDIF_RX_IRQHandler
                0x08003f44                SPI2_IRQHandler
                0x08003f44                OTG_HS_EP1_IN_IRQHandler
                0x08003f44                TIM24_IRQHandler
                0x08003f44                CRS_IRQHandler
                0x08003f44                EXTI4_IRQHandler
                0x08003f44                RNG_IRQHandler
                0x08003f44                ETH_IRQHandler
                0x08003f44                TIM1_UP_IRQHandler
                0x08003f44                BDMA_Channel4_IRQHandler
                0x08003f44                OTG_HS_EP1_OUT_IRQHandler
                0x08003f44                WWDG_IRQHandler
                0x08003f44                SPI6_IRQHandler
                0x08003f44                MDIOS_IRQHandler
                0x08003f44                I2C4_EV_IRQHandler
                0x08003f44                LPUART1_IRQHandler
                0x08003f44                TIM2_IRQHandler
                0x08003f44                OTG_HS_IRQHandler
                0x08003f44                DMA2D_IRQHandler
                0x08003f44                TIM1_BRK_IRQHandler
                0x08003f44                EXTI1_IRQHandler
                0x08003f44                SDMMC2_IRQHandler
                0x08003f44                BDMA_Channel3_IRQHandler
                0x08003f44                DTS_IRQHandler
                0x08003f44                MDIOS_WKUP_IRQHandler
                0x08003f44                USART2_IRQHandler
                0x08003f44                DFSDM1_FLT0_IRQHandler
                0x08003f44                SAI4_IRQHandler
                0x08003f44                I2C2_ER_IRQHandler
                0x08003f44                DMA2_Stream1_IRQHandler
                0x08003f44                FLASH_IRQHandler
                0x08003f44                SPI3_IRQHandler
                0x08003f44                WAKEUP_PIN_IRQHandler
                0x08003f44                DMA1_Stream4_IRQHandler
                0x08003f44                I2C1_ER_IRQHandler
                0x08003f44                FMC_IRQHandler
                0x08003f44                FDCAN_CAL_IRQHandler
                0x08003f44                SWPMI1_IRQHandler
                0x08003f44                COMP1_IRQHandler
                0x08003f44                LPTIM1_IRQHandler
                0x08003f44                DCMI_PSSI_IRQHandler
                0x08003f44                I2C4_ER_IRQHandler
                0x08003f44                DMA2_Stream6_IRQHandler
                0x08003f44                SAI1_IRQHandler
 *fill*         0x08003f46        0x2 
 .text.HAL_Init
                0x08003f48       0x5c CMakeFiles/2025_Horse_H7.elf.dir/Drivers/STM32H7xx_HAL_Driver/Src/stm32h7xx_hal.c.obj
                0x08003f48                HAL_Init
 .text.HAL_IncTick
                0x08003fa4       0x18 CMakeFiles/2025_Horse_H7.elf.dir/Drivers/STM32H7xx_HAL_Driver/Src/stm32h7xx_hal.c.obj
                0x08003fa4                HAL_IncTick
 .text.HAL_GetTick
                0x08003fbc        0xc CMakeFiles/2025_Horse_H7.elf.dir/Drivers/STM32H7xx_HAL_Driver/Src/stm32h7xx_hal.c.obj
                0x08003fbc                HAL_GetTick
 .text.HAL_Delay
                0x08003fc8       0x28 CMakeFiles/2025_Horse_H7.elf.dir/Drivers/STM32H7xx_HAL_Driver/Src/stm32h7xx_hal.c.obj
                0x08003fc8                HAL_Delay
 .text.HAL_NVIC_SetPriorityGrouping
                0x08003ff0       0x24 CMakeFiles/2025_Horse_H7.elf.dir/Drivers/STM32H7xx_HAL_Driver/Src/stm32h7xx_hal_cortex.c.obj
                0x08003ff0                HAL_NVIC_SetPriorityGrouping
 .text.HAL_NVIC_SetPriority
                0x08004014       0x6c CMakeFiles/2025_Horse_H7.elf.dir/Drivers/STM32H7xx_HAL_Driver/Src/stm32h7xx_hal_cortex.c.obj
                0x08004014                HAL_NVIC_SetPriority
 .text.HAL_NVIC_EnableIRQ
                0x08004080       0x1c CMakeFiles/2025_Horse_H7.elf.dir/Drivers/STM32H7xx_HAL_Driver/Src/stm32h7xx_hal_cortex.c.obj
                0x08004080                HAL_NVIC_EnableIRQ
 .text.DMA_SetConfig
                0x0800409c      0x1b4 CMakeFiles/2025_Horse_H7.elf.dir/Drivers/STM32H7xx_HAL_Driver/Src/stm32h7xx_hal_dma.c.obj
 .text.DMA_CalcBaseAndBitshift
                0x08004250       0xb4 CMakeFiles/2025_Horse_H7.elf.dir/Drivers/STM32H7xx_HAL_Driver/Src/stm32h7xx_hal_dma.c.obj
 .text.DMA_CheckFifoParam
                0x08004304       0x92 CMakeFiles/2025_Horse_H7.elf.dir/Drivers/STM32H7xx_HAL_Driver/Src/stm32h7xx_hal_dma.c.obj
 *fill*         0x08004396        0x2 
 .text.DMA_CalcDMAMUXChannelBaseAndMask
                0x08004398       0xb0 CMakeFiles/2025_Horse_H7.elf.dir/Drivers/STM32H7xx_HAL_Driver/Src/stm32h7xx_hal_dma.c.obj
 .text.DMA_CalcDMAMUXRequestGenBaseAndMask
                0x08004448       0x7c CMakeFiles/2025_Horse_H7.elf.dir/Drivers/STM32H7xx_HAL_Driver/Src/stm32h7xx_hal_dma.c.obj
 .text.HAL_DMA_Init
                0x080044c4      0x394 CMakeFiles/2025_Horse_H7.elf.dir/Drivers/STM32H7xx_HAL_Driver/Src/stm32h7xx_hal_dma.c.obj
                0x080044c4                HAL_DMA_Init
 .text.HAL_DMA_Start_IT
                0x08004858      0x298 CMakeFiles/2025_Horse_H7.elf.dir/Drivers/STM32H7xx_HAL_Driver/Src/stm32h7xx_hal_dma.c.obj
                0x08004858                HAL_DMA_Start_IT
 .text.HAL_DMA_Abort
                0x08004af0      0x340 CMakeFiles/2025_Horse_H7.elf.dir/Drivers/STM32H7xx_HAL_Driver/Src/stm32h7xx_hal_dma.c.obj
                0x08004af0                HAL_DMA_Abort
 .text.HAL_DMA_Abort_IT
                0x08004e30      0x270 CMakeFiles/2025_Horse_H7.elf.dir/Drivers/STM32H7xx_HAL_Driver/Src/stm32h7xx_hal_dma.c.obj
                0x08004e30                HAL_DMA_Abort_IT
 .text.HAL_DMA_IRQHandler
                0x080050a0      0x738 CMakeFiles/2025_Horse_H7.elf.dir/Drivers/STM32H7xx_HAL_Driver/Src/stm32h7xx_hal_dma.c.obj
                0x080050a0                HAL_DMA_IRQHandler
 .text.HAL_DMA_GetError
                0x080057d8        0x4 CMakeFiles/2025_Horse_H7.elf.dir/Drivers/STM32H7xx_HAL_Driver/Src/stm32h7xx_hal_dma.c.obj
                0x080057d8                HAL_DMA_GetError
 .text.FDCAN_CalcultateRamBlockAddresses
                0x080057dc      0x1d4 CMakeFiles/2025_Horse_H7.elf.dir/Drivers/STM32H7xx_HAL_Driver/Src/stm32h7xx_hal_fdcan.c.obj
 .text.FDCAN_CopyMessageToRAM
                0x080059b0       0x8c CMakeFiles/2025_Horse_H7.elf.dir/Drivers/STM32H7xx_HAL_Driver/Src/stm32h7xx_hal_fdcan.c.obj
 .text.HAL_FDCAN_Init
                0x08005a3c      0x294 CMakeFiles/2025_Horse_H7.elf.dir/Drivers/STM32H7xx_HAL_Driver/Src/stm32h7xx_hal_fdcan.c.obj
                0x08005a3c                HAL_FDCAN_Init
 .text.HAL_FDCAN_ConfigFilter
                0x08005cd0       0x88 CMakeFiles/2025_Horse_H7.elf.dir/Drivers/STM32H7xx_HAL_Driver/Src/stm32h7xx_hal_fdcan.c.obj
                0x08005cd0                HAL_FDCAN_ConfigFilter
 .text.HAL_FDCAN_ConfigGlobalFilter
                0x08005d58       0x36 CMakeFiles/2025_Horse_H7.elf.dir/Drivers/STM32H7xx_HAL_Driver/Src/stm32h7xx_hal_fdcan.c.obj
                0x08005d58                HAL_FDCAN_ConfigGlobalFilter
 .text.HAL_FDCAN_ConfigFifoWatermark
                0x08005d8e       0x5e CMakeFiles/2025_Horse_H7.elf.dir/Drivers/STM32H7xx_HAL_Driver/Src/stm32h7xx_hal_fdcan.c.obj
                0x08005d8e                HAL_FDCAN_ConfigFifoWatermark
 .text.HAL_FDCAN_Start
                0x08005dec       0x34 CMakeFiles/2025_Horse_H7.elf.dir/Drivers/STM32H7xx_HAL_Driver/Src/stm32h7xx_hal_fdcan.c.obj
                0x08005dec                HAL_FDCAN_Start
 .text.HAL_FDCAN_AddMessageToTxFifoQ
                0x08005e20       0x76 CMakeFiles/2025_Horse_H7.elf.dir/Drivers/STM32H7xx_HAL_Driver/Src/stm32h7xx_hal_fdcan.c.obj
                0x08005e20                HAL_FDCAN_AddMessageToTxFifoQ
 *fill*         0x08005e96        0x2 
 .text.HAL_FDCAN_GetRxMessage
                0x08005e98      0x1e8 CMakeFiles/2025_Horse_H7.elf.dir/Drivers/STM32H7xx_HAL_Driver/Src/stm32h7xx_hal_fdcan.c.obj
                0x08005e98                HAL_FDCAN_GetRxMessage
 .text.HAL_FDCAN_ActivateNotification
                0x08006080       0x90 CMakeFiles/2025_Horse_H7.elf.dir/Drivers/STM32H7xx_HAL_Driver/Src/stm32h7xx_hal_fdcan.c.obj
                0x08006080                HAL_FDCAN_ActivateNotification
 .text.HAL_FDCAN_ClockCalibrationCallback
                0x08006110        0x2 CMakeFiles/2025_Horse_H7.elf.dir/Drivers/STM32H7xx_HAL_Driver/Src/stm32h7xx_hal_fdcan.c.obj
                0x08006110                HAL_FDCAN_ClockCalibrationCallback
 .text.HAL_FDCAN_TxEventFifoCallback
                0x08006112        0x2 CMakeFiles/2025_Horse_H7.elf.dir/Drivers/STM32H7xx_HAL_Driver/Src/stm32h7xx_hal_fdcan.c.obj
                0x08006112                HAL_FDCAN_TxEventFifoCallback
 .text.HAL_FDCAN_TxFifoEmptyCallback
                0x08006114        0x2 CMakeFiles/2025_Horse_H7.elf.dir/Drivers/STM32H7xx_HAL_Driver/Src/stm32h7xx_hal_fdcan.c.obj
                0x08006114                HAL_FDCAN_TxFifoEmptyCallback
 .text.HAL_FDCAN_TxBufferCompleteCallback
                0x08006116        0x2 CMakeFiles/2025_Horse_H7.elf.dir/Drivers/STM32H7xx_HAL_Driver/Src/stm32h7xx_hal_fdcan.c.obj
                0x08006116                HAL_FDCAN_TxBufferCompleteCallback
 .text.HAL_FDCAN_TxBufferAbortCallback
                0x08006118        0x2 CMakeFiles/2025_Horse_H7.elf.dir/Drivers/STM32H7xx_HAL_Driver/Src/stm32h7xx_hal_fdcan.c.obj
                0x08006118                HAL_FDCAN_TxBufferAbortCallback
 .text.HAL_FDCAN_RxBufferNewMessageCallback
                0x0800611a        0x2 CMakeFiles/2025_Horse_H7.elf.dir/Drivers/STM32H7xx_HAL_Driver/Src/stm32h7xx_hal_fdcan.c.obj
                0x0800611a                HAL_FDCAN_RxBufferNewMessageCallback
 .text.HAL_FDCAN_TimestampWraparoundCallback
                0x0800611c        0x2 CMakeFiles/2025_Horse_H7.elf.dir/Drivers/STM32H7xx_HAL_Driver/Src/stm32h7xx_hal_fdcan.c.obj
                0x0800611c                HAL_FDCAN_TimestampWraparoundCallback
 .text.HAL_FDCAN_TimeoutOccurredCallback
                0x0800611e        0x2 CMakeFiles/2025_Horse_H7.elf.dir/Drivers/STM32H7xx_HAL_Driver/Src/stm32h7xx_hal_fdcan.c.obj
                0x0800611e                HAL_FDCAN_TimeoutOccurredCallback
 .text.HAL_FDCAN_HighPriorityMessageCallback
                0x08006120        0x2 CMakeFiles/2025_Horse_H7.elf.dir/Drivers/STM32H7xx_HAL_Driver/Src/stm32h7xx_hal_fdcan.c.obj
                0x08006120                HAL_FDCAN_HighPriorityMessageCallback
 .text.HAL_FDCAN_ErrorCallback
                0x08006122        0x2 CMakeFiles/2025_Horse_H7.elf.dir/Drivers/STM32H7xx_HAL_Driver/Src/stm32h7xx_hal_fdcan.c.obj
                0x08006122                HAL_FDCAN_ErrorCallback
 .text.HAL_FDCAN_ErrorStatusCallback
                0x08006124        0x2 CMakeFiles/2025_Horse_H7.elf.dir/Drivers/STM32H7xx_HAL_Driver/Src/stm32h7xx_hal_fdcan.c.obj
                0x08006124                HAL_FDCAN_ErrorStatusCallback
 .text.HAL_FDCAN_TT_ScheduleSyncCallback
                0x08006126        0x2 CMakeFiles/2025_Horse_H7.elf.dir/Drivers/STM32H7xx_HAL_Driver/Src/stm32h7xx_hal_fdcan.c.obj
                0x08006126                HAL_FDCAN_TT_ScheduleSyncCallback
 .text.HAL_FDCAN_TT_TimeMarkCallback
                0x08006128        0x2 CMakeFiles/2025_Horse_H7.elf.dir/Drivers/STM32H7xx_HAL_Driver/Src/stm32h7xx_hal_fdcan.c.obj
                0x08006128                HAL_FDCAN_TT_TimeMarkCallback
 .text.HAL_FDCAN_TT_StopWatchCallback
                0x0800612a        0x2 CMakeFiles/2025_Horse_H7.elf.dir/Drivers/STM32H7xx_HAL_Driver/Src/stm32h7xx_hal_fdcan.c.obj
                0x0800612a                HAL_FDCAN_TT_StopWatchCallback
 .text.HAL_FDCAN_TT_GlobalTimeCallback
                0x0800612c        0x2 CMakeFiles/2025_Horse_H7.elf.dir/Drivers/STM32H7xx_HAL_Driver/Src/stm32h7xx_hal_fdcan.c.obj
                0x0800612c                HAL_FDCAN_TT_GlobalTimeCallback
 *fill*         0x0800612e        0x2 
 .text.HAL_FDCAN_IRQHandler
                0x08006130      0x31c CMakeFiles/2025_Horse_H7.elf.dir/Drivers/STM32H7xx_HAL_Driver/Src/stm32h7xx_hal_fdcan.c.obj
                0x08006130                HAL_FDCAN_IRQHandler
 .text.HAL_GPIO_Init
                0x0800644c      0x214 CMakeFiles/2025_Horse_H7.elf.dir/Drivers/STM32H7xx_HAL_Driver/Src/stm32h7xx_hal_gpio.c.obj
                0x0800644c                HAL_GPIO_Init
 .text.HAL_GPIO_WritePin
                0x08006660        0xc CMakeFiles/2025_Horse_H7.elf.dir/Drivers/STM32H7xx_HAL_Driver/Src/stm32h7xx_hal_gpio.c.obj
                0x08006660                HAL_GPIO_WritePin
 .text.HAL_PWREx_ConfigSupply
                0x0800666c       0x54 CMakeFiles/2025_Horse_H7.elf.dir/Drivers/STM32H7xx_HAL_Driver/Src/stm32h7xx_hal_pwr_ex.c.obj
                0x0800666c                HAL_PWREx_ConfigSupply
 .text.HAL_RCC_OscConfig
                0x080066c0      0x5ec CMakeFiles/2025_Horse_H7.elf.dir/Drivers/STM32H7xx_HAL_Driver/Src/stm32h7xx_hal_rcc.c.obj
                0x080066c0                HAL_RCC_OscConfig
 .text.HAL_RCC_GetSysClockFreq
                0x08006cac      0x1f4 CMakeFiles/2025_Horse_H7.elf.dir/Drivers/STM32H7xx_HAL_Driver/Src/stm32h7xx_hal_rcc.c.obj
                0x08006cac                HAL_RCC_GetSysClockFreq
 .text.HAL_RCC_ClockConfig
                0x08006ea0      0x294 CMakeFiles/2025_Horse_H7.elf.dir/Drivers/STM32H7xx_HAL_Driver/Src/stm32h7xx_hal_rcc.c.obj
                0x08006ea0                HAL_RCC_ClockConfig
 .text.HAL_RCC_GetHCLKFreq
                0x08007134       0x44 CMakeFiles/2025_Horse_H7.elf.dir/Drivers/STM32H7xx_HAL_Driver/Src/stm32h7xx_hal_rcc.c.obj
                0x08007134                HAL_RCC_GetHCLKFreq
 .text.HAL_RCC_GetPCLK1Freq
                0x08007178       0x24 CMakeFiles/2025_Horse_H7.elf.dir/Drivers/STM32H7xx_HAL_Driver/Src/stm32h7xx_hal_rcc.c.obj
                0x08007178                HAL_RCC_GetPCLK1Freq
 .text.HAL_RCC_GetPCLK2Freq
                0x0800719c       0x24 CMakeFiles/2025_Horse_H7.elf.dir/Drivers/STM32H7xx_HAL_Driver/Src/stm32h7xx_hal_rcc.c.obj
                0x0800719c                HAL_RCC_GetPCLK2Freq
 .text.HAL_RCC_GetClockConfig
                0x080071c0       0x54 CMakeFiles/2025_Horse_H7.elf.dir/Drivers/STM32H7xx_HAL_Driver/Src/stm32h7xx_hal_rcc.c.obj
                0x080071c0                HAL_RCC_GetClockConfig
 .text.RCCEx_PLL2_Config
                0x08007214      0x10c CMakeFiles/2025_Horse_H7.elf.dir/Drivers/STM32H7xx_HAL_Driver/Src/stm32h7xx_hal_rcc_ex.c.obj
 .text.RCCEx_PLL3_Config
                0x08007320      0x10c CMakeFiles/2025_Horse_H7.elf.dir/Drivers/STM32H7xx_HAL_Driver/Src/stm32h7xx_hal_rcc_ex.c.obj
 .text.HAL_RCCEx_PeriphCLKConfig
                0x0800742c      0xa0c CMakeFiles/2025_Horse_H7.elf.dir/Drivers/STM32H7xx_HAL_Driver/Src/stm32h7xx_hal_rcc_ex.c.obj
                0x0800742c                HAL_RCCEx_PeriphCLKConfig
 .text.HAL_RCCEx_GetD3PCLK1Freq
                0x08007e38       0x24 CMakeFiles/2025_Horse_H7.elf.dir/Drivers/STM32H7xx_HAL_Driver/Src/stm32h7xx_hal_rcc_ex.c.obj
                0x08007e38                HAL_RCCEx_GetD3PCLK1Freq
 .text.HAL_RCCEx_GetPLL2ClockFreq
                0x08007e5c      0x1f8 CMakeFiles/2025_Horse_H7.elf.dir/Drivers/STM32H7xx_HAL_Driver/Src/stm32h7xx_hal_rcc_ex.c.obj
                0x08007e5c                HAL_RCCEx_GetPLL2ClockFreq
 .text.HAL_RCCEx_GetPLL3ClockFreq
                0x08008054      0x1f8 CMakeFiles/2025_Horse_H7.elf.dir/Drivers/STM32H7xx_HAL_Driver/Src/stm32h7xx_hal_rcc_ex.c.obj
                0x08008054                HAL_RCCEx_GetPLL3ClockFreq
 .text.TIM_TI1_ConfigInputStage
                0x0800824c       0x26 CMakeFiles/2025_Horse_H7.elf.dir/Drivers/STM32H7xx_HAL_Driver/Src/stm32h7xx_hal_tim.c.obj
 .text.TIM_TI2_ConfigInputStage
                0x08008272       0x28 CMakeFiles/2025_Horse_H7.elf.dir/Drivers/STM32H7xx_HAL_Driver/Src/stm32h7xx_hal_tim.c.obj
 *fill*         0x0800829a        0x2 
 .text.TIM_ITRx_SetConfig
                0x0800829c       0x14 CMakeFiles/2025_Horse_H7.elf.dir/Drivers/STM32H7xx_HAL_Driver/Src/stm32h7xx_hal_tim.c.obj
 .text.HAL_TIM_Base_Start_IT
                0x080082b0       0xa0 CMakeFiles/2025_Horse_H7.elf.dir/Drivers/STM32H7xx_HAL_Driver/Src/stm32h7xx_hal_tim.c.obj
                0x080082b0                HAL_TIM_Base_Start_IT
 .text.HAL_TIM_OC_DelayElapsedCallback
                0x08008350        0x2 CMakeFiles/2025_Horse_H7.elf.dir/Drivers/STM32H7xx_HAL_Driver/Src/stm32h7xx_hal_tim.c.obj
                0x08008350                HAL_TIM_OC_DelayElapsedCallback
 .text.HAL_TIM_IC_CaptureCallback
                0x08008352        0x2 CMakeFiles/2025_Horse_H7.elf.dir/Drivers/STM32H7xx_HAL_Driver/Src/stm32h7xx_hal_tim.c.obj
                0x08008352                HAL_TIM_IC_CaptureCallback
 .text.HAL_TIM_PWM_PulseFinishedCallback
                0x08008354        0x2 CMakeFiles/2025_Horse_H7.elf.dir/Drivers/STM32H7xx_HAL_Driver/Src/stm32h7xx_hal_tim.c.obj
                0x08008354                HAL_TIM_PWM_PulseFinishedCallback
 .text.HAL_TIM_TriggerCallback
                0x08008356        0x2 CMakeFiles/2025_Horse_H7.elf.dir/Drivers/STM32H7xx_HAL_Driver/Src/stm32h7xx_hal_tim.c.obj
                0x08008356                HAL_TIM_TriggerCallback
 .text.HAL_TIM_IRQHandler
                0x08008358      0x17a CMakeFiles/2025_Horse_H7.elf.dir/Drivers/STM32H7xx_HAL_Driver/Src/stm32h7xx_hal_tim.c.obj
                0x08008358                HAL_TIM_IRQHandler
 *fill*         0x080084d2        0x2 
 .text.TIM_Base_SetConfig
                0x080084d4      0x130 CMakeFiles/2025_Horse_H7.elf.dir/Drivers/STM32H7xx_HAL_Driver/Src/stm32h7xx_hal_tim.c.obj
                0x080084d4                TIM_Base_SetConfig
 .text.HAL_TIM_Base_Init
                0x08008604       0x60 CMakeFiles/2025_Horse_H7.elf.dir/Drivers/STM32H7xx_HAL_Driver/Src/stm32h7xx_hal_tim.c.obj
                0x08008604                HAL_TIM_Base_Init
 .text.TIM_ETR_SetConfig
                0x08008664       0x1a CMakeFiles/2025_Horse_H7.elf.dir/Drivers/STM32H7xx_HAL_Driver/Src/stm32h7xx_hal_tim.c.obj
                0x08008664                TIM_ETR_SetConfig
 *fill*         0x0800867e        0x2 
 .text.HAL_TIM_ConfigClockSource
                0x08008680      0x138 CMakeFiles/2025_Horse_H7.elf.dir/Drivers/STM32H7xx_HAL_Driver/Src/stm32h7xx_hal_tim.c.obj
                0x08008680                HAL_TIM_ConfigClockSource
 .text.HAL_TIMEx_MasterConfigSynchronization
                0x080087b8       0xb0 CMakeFiles/2025_Horse_H7.elf.dir/Drivers/STM32H7xx_HAL_Driver/Src/stm32h7xx_hal_tim_ex.c.obj
                0x080087b8                HAL_TIMEx_MasterConfigSynchronization
 .text.HAL_TIMEx_CommutCallback
                0x08008868        0x2 CMakeFiles/2025_Horse_H7.elf.dir/Drivers/STM32H7xx_HAL_Driver/Src/stm32h7xx_hal_tim_ex.c.obj
                0x08008868                HAL_TIMEx_CommutCallback
 .text.HAL_TIMEx_BreakCallback
                0x0800886a        0x2 CMakeFiles/2025_Horse_H7.elf.dir/Drivers/STM32H7xx_HAL_Driver/Src/stm32h7xx_hal_tim_ex.c.obj
                0x0800886a                HAL_TIMEx_BreakCallback
 .text.HAL_TIMEx_Break2Callback
                0x0800886c        0x2 CMakeFiles/2025_Horse_H7.elf.dir/Drivers/STM32H7xx_HAL_Driver/Src/stm32h7xx_hal_tim_ex.c.obj
                0x0800886c                HAL_TIMEx_Break2Callback
 .text.UART_EndTxTransfer
                0x0800886e       0x32 CMakeFiles/2025_Horse_H7.elf.dir/Drivers/STM32H7xx_HAL_Driver/Src/stm32h7xx_hal_uart.c.obj
 .text.UART_EndRxTransfer
                0x080088a0       0x58 CMakeFiles/2025_Horse_H7.elf.dir/Drivers/STM32H7xx_HAL_Driver/Src/stm32h7xx_hal_uart.c.obj
 .text.HAL_UART_Transmit_DMA
                0x080088f8       0x9c CMakeFiles/2025_Horse_H7.elf.dir/Drivers/STM32H7xx_HAL_Driver/Src/stm32h7xx_hal_uart.c.obj
                0x080088f8                HAL_UART_Transmit_DMA
 .text.HAL_UART_DMAStop
                0x08008994       0xb2 CMakeFiles/2025_Horse_H7.elf.dir/Drivers/STM32H7xx_HAL_Driver/Src/stm32h7xx_hal_uart.c.obj
                0x08008994                HAL_UART_DMAStop
 .text.HAL_UART_TxCpltCallback
                0x08008a46        0x2 CMakeFiles/2025_Horse_H7.elf.dir/Drivers/STM32H7xx_HAL_Driver/Src/stm32h7xx_hal_uart.c.obj
                0x08008a46                HAL_UART_TxCpltCallback
 .text.UART_DMATransmitCplt
                0x08008a48       0x46 CMakeFiles/2025_Horse_H7.elf.dir/Drivers/STM32H7xx_HAL_Driver/Src/stm32h7xx_hal_uart.c.obj
 .text.UART_EndTransmit_IT
                0x08008a8e       0x24 CMakeFiles/2025_Horse_H7.elf.dir/Drivers/STM32H7xx_HAL_Driver/Src/stm32h7xx_hal_uart.c.obj
 .text.HAL_UART_TxHalfCpltCallback
                0x08008ab2        0x2 CMakeFiles/2025_Horse_H7.elf.dir/Drivers/STM32H7xx_HAL_Driver/Src/stm32h7xx_hal_uart.c.obj
                0x08008ab2                HAL_UART_TxHalfCpltCallback
 .text.UART_DMATxHalfCplt
                0x08008ab4        0xa CMakeFiles/2025_Horse_H7.elf.dir/Drivers/STM32H7xx_HAL_Driver/Src/stm32h7xx_hal_uart.c.obj
 .text.HAL_UART_RxCpltCallback
                0x08008abe        0x2 CMakeFiles/2025_Horse_H7.elf.dir/Drivers/STM32H7xx_HAL_Driver/Src/stm32h7xx_hal_uart.c.obj
                0x08008abe                HAL_UART_RxCpltCallback
 .text.HAL_UART_RxHalfCpltCallback
                0x08008ac0        0x2 CMakeFiles/2025_Horse_H7.elf.dir/Drivers/STM32H7xx_HAL_Driver/Src/stm32h7xx_hal_uart.c.obj
                0x08008ac0                HAL_UART_RxHalfCpltCallback
 .text.UART_DMAError
                0x08008ac2       0x58 CMakeFiles/2025_Horse_H7.elf.dir/Drivers/STM32H7xx_HAL_Driver/Src/stm32h7xx_hal_uart.c.obj
 .text.UART_DMAAbortOnError
                0x08008b1a       0x14 CMakeFiles/2025_Horse_H7.elf.dir/Drivers/STM32H7xx_HAL_Driver/Src/stm32h7xx_hal_uart.c.obj
 .text.HAL_UARTEx_RxEventCallback
                0x08008b2e        0x2 CMakeFiles/2025_Horse_H7.elf.dir/Drivers/STM32H7xx_HAL_Driver/Src/stm32h7xx_hal_uart.c.obj
                0x08008b2e                HAL_UARTEx_RxEventCallback
 .text.HAL_UART_IRQHandler
                0x08008b30      0x3b8 CMakeFiles/2025_Horse_H7.elf.dir/Drivers/STM32H7xx_HAL_Driver/Src/stm32h7xx_hal_uart.c.obj
                0x08008b30                HAL_UART_IRQHandler
 .text.UART_DMARxHalfCplt
                0x08008ee8       0x20 CMakeFiles/2025_Horse_H7.elf.dir/Drivers/STM32H7xx_HAL_Driver/Src/stm32h7xx_hal_uart.c.obj
 .text.UART_DMAReceiveCplt
                0x08008f08       0x90 CMakeFiles/2025_Horse_H7.elf.dir/Drivers/STM32H7xx_HAL_Driver/Src/stm32h7xx_hal_uart.c.obj
 .text.UART_SetConfig
                0x08008f98      0x6bc CMakeFiles/2025_Horse_H7.elf.dir/Drivers/STM32H7xx_HAL_Driver/Src/stm32h7xx_hal_uart.c.obj
                0x08008f98                UART_SetConfig
 .text.UART_AdvFeatureConfig
                0x08009654       0xca CMakeFiles/2025_Horse_H7.elf.dir/Drivers/STM32H7xx_HAL_Driver/Src/stm32h7xx_hal_uart.c.obj
                0x08009654                UART_AdvFeatureConfig
 .text.UART_WaitOnFlagUntilTimeout
                0x0800971e       0xaa CMakeFiles/2025_Horse_H7.elf.dir/Drivers/STM32H7xx_HAL_Driver/Src/stm32h7xx_hal_uart.c.obj
                0x0800971e                UART_WaitOnFlagUntilTimeout
 .text.UART_CheckIdleState
                0x080097c8       0xca CMakeFiles/2025_Horse_H7.elf.dir/Drivers/STM32H7xx_HAL_Driver/Src/stm32h7xx_hal_uart.c.obj
                0x080097c8                UART_CheckIdleState
 .text.HAL_UART_Init
                0x08009892       0x66 CMakeFiles/2025_Horse_H7.elf.dir/Drivers/STM32H7xx_HAL_Driver/Src/stm32h7xx_hal_uart.c.obj
                0x08009892                HAL_UART_Init
 .text.UART_Start_Receive_DMA
                0x080098f8       0xb0 CMakeFiles/2025_Horse_H7.elf.dir/Drivers/STM32H7xx_HAL_Driver/Src/stm32h7xx_hal_uart.c.obj
                0x080098f8                UART_Start_Receive_DMA
 .text.HAL_UART_Receive_DMA
                0x080099a8       0x4c CMakeFiles/2025_Horse_H7.elf.dir/Drivers/STM32H7xx_HAL_Driver/Src/stm32h7xx_hal_uart.c.obj
                0x080099a8                HAL_UART_Receive_DMA
 .text.UARTEx_SetNbDataToProcess
                0x080099f4       0x4c CMakeFiles/2025_Horse_H7.elf.dir/Drivers/STM32H7xx_HAL_Driver/Src/stm32h7xx_hal_uart_ex.c.obj
 .text.HAL_UARTEx_WakeupCallback
                0x08009a40        0x2 CMakeFiles/2025_Horse_H7.elf.dir/Drivers/STM32H7xx_HAL_Driver/Src/stm32h7xx_hal_uart_ex.c.obj
                0x08009a40                HAL_UARTEx_WakeupCallback
 .text.HAL_UARTEx_RxFifoFullCallback
                0x08009a42        0x2 CMakeFiles/2025_Horse_H7.elf.dir/Drivers/STM32H7xx_HAL_Driver/Src/stm32h7xx_hal_uart_ex.c.obj
                0x08009a42                HAL_UARTEx_RxFifoFullCallback
 .text.HAL_UARTEx_TxFifoEmptyCallback
                0x08009a44        0x2 CMakeFiles/2025_Horse_H7.elf.dir/Drivers/STM32H7xx_HAL_Driver/Src/stm32h7xx_hal_uart_ex.c.obj
                0x08009a44                HAL_UARTEx_TxFifoEmptyCallback
 .text.HAL_UARTEx_DisableFifoMode
                0x08009a46       0x3e CMakeFiles/2025_Horse_H7.elf.dir/Drivers/STM32H7xx_HAL_Driver/Src/stm32h7xx_hal_uart_ex.c.obj
                0x08009a46                HAL_UARTEx_DisableFifoMode
 .text.HAL_UARTEx_SetTxFifoThreshold
                0x08009a84       0x4a CMakeFiles/2025_Horse_H7.elf.dir/Drivers/STM32H7xx_HAL_Driver/Src/stm32h7xx_hal_uart_ex.c.obj
                0x08009a84                HAL_UARTEx_SetTxFifoThreshold
 .text.HAL_UARTEx_SetRxFifoThreshold
                0x08009ace       0x4a CMakeFiles/2025_Horse_H7.elf.dir/Drivers/STM32H7xx_HAL_Driver/Src/stm32h7xx_hal_uart_ex.c.obj
                0x08009ace                HAL_UARTEx_SetRxFifoThreshold
 .text.SysTick_Handler
                0x08009b18       0x18 CMakeFiles/2025_Horse_H7.elf.dir/Middlewares/Third_Party/FreeRTOS/Source/CMSIS_RTOS_V2/cmsis_os2.c.obj
                0x08009b18                SysTick_Handler
 .text.osKernelInitialize
                0x08009b30       0x24 CMakeFiles/2025_Horse_H7.elf.dir/Middlewares/Third_Party/FreeRTOS/Source/CMSIS_RTOS_V2/cmsis_os2.c.obj
                0x08009b30                osKernelInitialize
 .text.osKernelStart
                0x08009b54       0x38 CMakeFiles/2025_Horse_H7.elf.dir/Middlewares/Third_Party/FreeRTOS/Source/CMSIS_RTOS_V2/cmsis_os2.c.obj
                0x08009b54                osKernelStart
 .text.osThreadNew
                0x08009b8c       0xbc CMakeFiles/2025_Horse_H7.elf.dir/Middlewares/Third_Party/FreeRTOS/Source/CMSIS_RTOS_V2/cmsis_os2.c.obj
                0x08009b8c                osThreadNew
 .text.osDelay  0x08009c48       0x1c CMakeFiles/2025_Horse_H7.elf.dir/Middlewares/Third_Party/FreeRTOS/Source/CMSIS_RTOS_V2/cmsis_os2.c.obj
                0x08009c48                osDelay
 .text.vApplicationGetIdleTaskMemory
                0x08009c64       0x18 CMakeFiles/2025_Horse_H7.elf.dir/Middlewares/Third_Party/FreeRTOS/Source/CMSIS_RTOS_V2/cmsis_os2.c.obj
                0x08009c64                vApplicationGetIdleTaskMemory
 .text.vApplicationGetTimerTaskMemory
                0x08009c7c       0x18 CMakeFiles/2025_Horse_H7.elf.dir/Middlewares/Third_Party/FreeRTOS/Source/CMSIS_RTOS_V2/cmsis_os2.c.obj
                0x08009c7c                vApplicationGetTimerTaskMemory
 .text.vListInitialise
                0x08009c94       0x16 CMakeFiles/2025_Horse_H7.elf.dir/Middlewares/Third_Party/FreeRTOS/Source/list.c.obj
                0x08009c94                vListInitialise
 .text.vListInitialiseItem
                0x08009caa        0x6 CMakeFiles/2025_Horse_H7.elf.dir/Middlewares/Third_Party/FreeRTOS/Source/list.c.obj
                0x08009caa                vListInitialiseItem
 .text.vListInsertEnd
                0x08009cb0       0x16 CMakeFiles/2025_Horse_H7.elf.dir/Middlewares/Third_Party/FreeRTOS/Source/list.c.obj
                0x08009cb0                vListInsertEnd
 .text.vListInsert
                0x08009cc6       0x32 CMakeFiles/2025_Horse_H7.elf.dir/Middlewares/Third_Party/FreeRTOS/Source/list.c.obj
                0x08009cc6                vListInsert
 .text.uxListRemove
                0x08009cf8       0x26 CMakeFiles/2025_Horse_H7.elf.dir/Middlewares/Third_Party/FreeRTOS/Source/list.c.obj
                0x08009cf8                uxListRemove
 *fill*         0x08009d1e        0x2 
 .text.prvTaskExitError
                0x08009d20       0x40 CMakeFiles/2025_Horse_H7.elf.dir/Middlewares/Third_Party/FreeRTOS/Source/portable/GCC/ARM_CM4F/port.c.obj
 .text.prvPortStartFirstTask
                0x08009d60       0x28 CMakeFiles/2025_Horse_H7.elf.dir/Middlewares/Third_Party/FreeRTOS/Source/portable/GCC/ARM_CM4F/port.c.obj
 .text.vPortEnableVFP
                0x08009d88       0x14 CMakeFiles/2025_Horse_H7.elf.dir/Middlewares/Third_Party/FreeRTOS/Source/portable/GCC/ARM_CM4F/port.c.obj
 .text.pxPortInitialiseStack
                0x08009d9c       0x2c CMakeFiles/2025_Horse_H7.elf.dir/Middlewares/Third_Party/FreeRTOS/Source/portable/GCC/ARM_CM4F/port.c.obj
                0x08009d9c                pxPortInitialiseStack
 *fill*         0x08009dc8        0x8 
 .text.SVC_Handler
                0x08009dd0       0x24 CMakeFiles/2025_Horse_H7.elf.dir/Middlewares/Third_Party/FreeRTOS/Source/portable/GCC/ARM_CM4F/port.c.obj
                0x08009dd0                SVC_Handler
 .text.vPortEnterCritical
                0x08009df4       0x44 CMakeFiles/2025_Horse_H7.elf.dir/Middlewares/Third_Party/FreeRTOS/Source/portable/GCC/ARM_CM4F/port.c.obj
                0x08009df4                vPortEnterCritical
 .text.vPortExitCritical
                0x08009e38       0x2c CMakeFiles/2025_Horse_H7.elf.dir/Middlewares/Third_Party/FreeRTOS/Source/portable/GCC/ARM_CM4F/port.c.obj
                0x08009e38                vPortExitCritical
 *fill*         0x08009e64        0xc 
 .text.PendSV_Handler
                0x08009e70       0x64 CMakeFiles/2025_Horse_H7.elf.dir/Middlewares/Third_Party/FreeRTOS/Source/portable/GCC/ARM_CM4F/port.c.obj
                0x08009e70                PendSV_Handler
 .text.xPortSysTickHandler
                0x08009ed4       0x2c CMakeFiles/2025_Horse_H7.elf.dir/Middlewares/Third_Party/FreeRTOS/Source/portable/GCC/ARM_CM4F/port.c.obj
                0x08009ed4                xPortSysTickHandler
 .text.vPortSetupTimerInterrupt
                0x08009f00       0x28 CMakeFiles/2025_Horse_H7.elf.dir/Middlewares/Third_Party/FreeRTOS/Source/portable/GCC/ARM_CM4F/port.c.obj
                0x08009f00                vPortSetupTimerInterrupt
 .text.xPortStartScheduler
                0x08009f28      0x118 CMakeFiles/2025_Horse_H7.elf.dir/Middlewares/Third_Party/FreeRTOS/Source/portable/GCC/ARM_CM4F/port.c.obj
                0x08009f28                xPortStartScheduler
 .text.vPortValidateInterruptPriority
                0x0800a040       0x5c CMakeFiles/2025_Horse_H7.elf.dir/Middlewares/Third_Party/FreeRTOS/Source/portable/GCC/ARM_CM4F/port.c.obj
                0x0800a040                vPortValidateInterruptPriority
 .text.prvHeapInit
                0x0800a09c       0x64 CMakeFiles/2025_Horse_H7.elf.dir/Middlewares/Third_Party/FreeRTOS/Source/portable/MemMang/heap_4.c.obj
 .text.prvInsertBlockIntoFreeList
                0x0800a100       0x64 CMakeFiles/2025_Horse_H7.elf.dir/Middlewares/Third_Party/FreeRTOS/Source/portable/MemMang/heap_4.c.obj
 .text.pvPortMalloc
                0x0800a164       0xfc CMakeFiles/2025_Horse_H7.elf.dir/Middlewares/Third_Party/FreeRTOS/Source/portable/MemMang/heap_4.c.obj
                0x0800a164                pvPortMalloc
 .text.vPortFree
                0x0800a260       0x7c CMakeFiles/2025_Horse_H7.elf.dir/Middlewares/Third_Party/FreeRTOS/Source/portable/MemMang/heap_4.c.obj
                0x0800a260                vPortFree
 .text.prvIsQueueFull
                0x0800a2dc       0x1e CMakeFiles/2025_Horse_H7.elf.dir/Middlewares/Third_Party/FreeRTOS/Source/queue.c.obj
 .text.prvIsQueueEmpty
                0x0800a2fa       0x1a CMakeFiles/2025_Horse_H7.elf.dir/Middlewares/Third_Party/FreeRTOS/Source/queue.c.obj
 .text.prvCopyDataToQueue
                0x0800a314       0x76 CMakeFiles/2025_Horse_H7.elf.dir/Middlewares/Third_Party/FreeRTOS/Source/queue.c.obj
 .text.prvCopyDataFromQueue
                0x0800a38a       0x24 CMakeFiles/2025_Horse_H7.elf.dir/Middlewares/Third_Party/FreeRTOS/Source/queue.c.obj
 .text.prvUnlockQueue
                0x0800a3ae       0x6e CMakeFiles/2025_Horse_H7.elf.dir/Middlewares/Third_Party/FreeRTOS/Source/queue.c.obj
 .text.xQueueGenericReset
                0x0800a41c       0x84 CMakeFiles/2025_Horse_H7.elf.dir/Middlewares/Third_Party/FreeRTOS/Source/queue.c.obj
                0x0800a41c                xQueueGenericReset
 .text.prvInitialiseNewQueue
                0x0800a4a0       0x22 CMakeFiles/2025_Horse_H7.elf.dir/Middlewares/Third_Party/FreeRTOS/Source/queue.c.obj
 .text.xQueueGenericCreateStatic
                0x0800a4c2       0xa6 CMakeFiles/2025_Horse_H7.elf.dir/Middlewares/Third_Party/FreeRTOS/Source/queue.c.obj
                0x0800a4c2                xQueueGenericCreateStatic
 .text.xQueueGenericSend
                0x0800a568      0x188 CMakeFiles/2025_Horse_H7.elf.dir/Middlewares/Third_Party/FreeRTOS/Source/queue.c.obj
                0x0800a568                xQueueGenericSend
 .text.xQueueGenericSendFromISR
                0x0800a6f0       0xce CMakeFiles/2025_Horse_H7.elf.dir/Middlewares/Third_Party/FreeRTOS/Source/queue.c.obj
                0x0800a6f0                xQueueGenericSendFromISR
 .text.xQueueReceive
                0x0800a7be      0x15e CMakeFiles/2025_Horse_H7.elf.dir/Middlewares/Third_Party/FreeRTOS/Source/queue.c.obj
                0x0800a7be                xQueueReceive
 .text.vQueueAddToRegistry
                0x0800a91c       0x28 CMakeFiles/2025_Horse_H7.elf.dir/Middlewares/Third_Party/FreeRTOS/Source/queue.c.obj
                0x0800a91c                vQueueAddToRegistry
 .text.vQueueWaitForMessageRestricted
                0x0800a944       0x52 CMakeFiles/2025_Horse_H7.elf.dir/Middlewares/Third_Party/FreeRTOS/Source/queue.c.obj
                0x0800a944                vQueueWaitForMessageRestricted
 *fill*         0x0800a996        0x2 
 .text.prvResetNextTaskUnblockTime
                0x0800a998       0x2c CMakeFiles/2025_Horse_H7.elf.dir/Middlewares/Third_Party/FreeRTOS/Source/tasks.c.obj
 .text.prvInitialiseNewTask
                0x0800a9c4       0xa6 CMakeFiles/2025_Horse_H7.elf.dir/Middlewares/Third_Party/FreeRTOS/Source/tasks.c.obj
 *fill*         0x0800aa6a        0x2 
 .text.prvInitialiseTaskLists
                0x0800aa6c       0x68 CMakeFiles/2025_Horse_H7.elf.dir/Middlewares/Third_Party/FreeRTOS/Source/tasks.c.obj
 .text.prvAddNewTaskToReadyList
                0x0800aad4       0xac CMakeFiles/2025_Horse_H7.elf.dir/Middlewares/Third_Party/FreeRTOS/Source/tasks.c.obj
 .text.prvDeleteTCB
                0x0800ab80       0x38 CMakeFiles/2025_Horse_H7.elf.dir/Middlewares/Third_Party/FreeRTOS/Source/tasks.c.obj
 .text.prvCheckTasksWaitingTermination
                0x0800abb8       0x4c CMakeFiles/2025_Horse_H7.elf.dir/Middlewares/Third_Party/FreeRTOS/Source/tasks.c.obj
 .text.prvIdleTask
                0x0800ac04       0x28 CMakeFiles/2025_Horse_H7.elf.dir/Middlewares/Third_Party/FreeRTOS/Source/tasks.c.obj
 .text.prvAddCurrentTaskToDelayedList
                0x0800ac2c       0x84 CMakeFiles/2025_Horse_H7.elf.dir/Middlewares/Third_Party/FreeRTOS/Source/tasks.c.obj
 .text.xTaskCreateStatic
                0x0800acb0       0x76 CMakeFiles/2025_Horse_H7.elf.dir/Middlewares/Third_Party/FreeRTOS/Source/tasks.c.obj
                0x0800acb0                xTaskCreateStatic
 .text.xTaskCreate
                0x0800ad26       0x68 CMakeFiles/2025_Horse_H7.elf.dir/Middlewares/Third_Party/FreeRTOS/Source/tasks.c.obj
                0x0800ad26                xTaskCreate
 *fill*         0x0800ad8e        0x2 
 .text.vTaskStartScheduler
                0x0800ad90       0x9c CMakeFiles/2025_Horse_H7.elf.dir/Middlewares/Third_Party/FreeRTOS/Source/tasks.c.obj
                0x0800ad90                vTaskStartScheduler
 .text.vTaskSuspendAll
                0x0800ae2c       0x10 CMakeFiles/2025_Horse_H7.elf.dir/Middlewares/Third_Party/FreeRTOS/Source/tasks.c.obj
                0x0800ae2c                vTaskSuspendAll
 .text.xTaskGetTickCount
                0x0800ae3c        0xc CMakeFiles/2025_Horse_H7.elf.dir/Middlewares/Third_Party/FreeRTOS/Source/tasks.c.obj
                0x0800ae3c                xTaskGetTickCount
 .text.xTaskIncrementTick
                0x0800ae48      0x118 CMakeFiles/2025_Horse_H7.elf.dir/Middlewares/Third_Party/FreeRTOS/Source/tasks.c.obj
                0x0800ae48                xTaskIncrementTick
 .text.xTaskResumeAll
                0x0800af60       0xf8 CMakeFiles/2025_Horse_H7.elf.dir/Middlewares/Third_Party/FreeRTOS/Source/tasks.c.obj
                0x0800af60                xTaskResumeAll
 .text.vTaskDelay
                0x0800b058       0x4c CMakeFiles/2025_Horse_H7.elf.dir/Middlewares/Third_Party/FreeRTOS/Source/tasks.c.obj
                0x0800b058                vTaskDelay
 .text.vTaskSwitchContext
                0x0800b0a4       0x94 CMakeFiles/2025_Horse_H7.elf.dir/Middlewares/Third_Party/FreeRTOS/Source/tasks.c.obj
                0x0800b0a4                vTaskSwitchContext
 .text.vTaskPlaceOnEventList
                0x0800b138       0x30 CMakeFiles/2025_Horse_H7.elf.dir/Middlewares/Third_Party/FreeRTOS/Source/tasks.c.obj
                0x0800b138                vTaskPlaceOnEventList
 .text.vTaskPlaceOnEventListRestricted
                0x0800b168       0x38 CMakeFiles/2025_Horse_H7.elf.dir/Middlewares/Third_Party/FreeRTOS/Source/tasks.c.obj
                0x0800b168                vTaskPlaceOnEventListRestricted
 .text.xTaskRemoveFromEventList
                0x0800b1a0       0x8c CMakeFiles/2025_Horse_H7.elf.dir/Middlewares/Third_Party/FreeRTOS/Source/tasks.c.obj
                0x0800b1a0                xTaskRemoveFromEventList
 .text.vTaskInternalSetTimeOutState
                0x0800b22c       0x18 CMakeFiles/2025_Horse_H7.elf.dir/Middlewares/Third_Party/FreeRTOS/Source/tasks.c.obj
                0x0800b22c                vTaskInternalSetTimeOutState
 .text.xTaskCheckForTimeOut
                0x0800b244       0x84 CMakeFiles/2025_Horse_H7.elf.dir/Middlewares/Third_Party/FreeRTOS/Source/tasks.c.obj
                0x0800b244                xTaskCheckForTimeOut
 .text.vTaskMissedYield
                0x0800b2c8        0xc CMakeFiles/2025_Horse_H7.elf.dir/Middlewares/Third_Party/FreeRTOS/Source/tasks.c.obj
                0x0800b2c8                vTaskMissedYield
 .text.xTaskGetSchedulerState
                0x0800b2d4       0x20 CMakeFiles/2025_Horse_H7.elf.dir/Middlewares/Third_Party/FreeRTOS/Source/tasks.c.obj
                0x0800b2d4                xTaskGetSchedulerState
 .text.xTaskPriorityDisinherit
                0x0800b2f4       0x90 CMakeFiles/2025_Horse_H7.elf.dir/Middlewares/Third_Party/FreeRTOS/Source/tasks.c.obj
                0x0800b2f4                xTaskPriorityDisinherit
 .text.prvGetNextExpireTime
                0x0800b384       0x20 CMakeFiles/2025_Horse_H7.elf.dir/Middlewares/Third_Party/FreeRTOS/Source/timers.c.obj
 .text.prvInsertTimerInActiveList
                0x0800b3a4       0x50 CMakeFiles/2025_Horse_H7.elf.dir/Middlewares/Third_Party/FreeRTOS/Source/timers.c.obj
 .text.prvCheckForValidListAndQueue
                0x0800b3f4       0x70 CMakeFiles/2025_Horse_H7.elf.dir/Middlewares/Third_Party/FreeRTOS/Source/timers.c.obj
 .text.xTimerCreateTimerTask
                0x0800b464       0x64 CMakeFiles/2025_Horse_H7.elf.dir/Middlewares/Third_Party/FreeRTOS/Source/timers.c.obj
                0x0800b464                xTimerCreateTimerTask
 .text.xTimerGenericCommand
                0x0800b4c8       0x6c CMakeFiles/2025_Horse_H7.elf.dir/Middlewares/Third_Party/FreeRTOS/Source/timers.c.obj
                0x0800b4c8                xTimerGenericCommand
 .text.prvSwitchTimerLists
                0x0800b534       0x7c CMakeFiles/2025_Horse_H7.elf.dir/Middlewares/Third_Party/FreeRTOS/Source/timers.c.obj
 .text.prvSampleTimeNow
                0x0800b5b0       0x2c CMakeFiles/2025_Horse_H7.elf.dir/Middlewares/Third_Party/FreeRTOS/Source/timers.c.obj
 .text.prvProcessExpiredTimer
                0x0800b5dc       0x6c CMakeFiles/2025_Horse_H7.elf.dir/Middlewares/Third_Party/FreeRTOS/Source/timers.c.obj
 .text.prvProcessTimerOrBlockTask
                0x0800b648       0x78 CMakeFiles/2025_Horse_H7.elf.dir/Middlewares/Third_Party/FreeRTOS/Source/timers.c.obj
 .text.prvProcessReceivedCommands
                0x0800b6c0      0x10c CMakeFiles/2025_Horse_H7.elf.dir/Middlewares/Third_Party/FreeRTOS/Source/timers.c.obj
 .text.prvTimerTask
                0x0800b7cc       0x16 CMakeFiles/2025_Horse_H7.elf.dir/Middlewares/Third_Party/FreeRTOS/Source/timers.c.obj
 *fill*         0x0800b7e2        0x2 
 .text.__aeabi_atexit
                0x0800b7e4        0xc d:/study/10_2021.10/bin/../lib/gcc/arm-none-eabi/10.3.1/../../../../arm-none-eabi/lib/thumb/v7e-m+fp/hard\libstdc++.a(atexit_arm.o)
                0x0800b7e4                __aeabi_atexit
 .text.pow      0x0800b7f0       0xf0 d:/study/10_2021.10/bin/../lib/gcc/arm-none-eabi/10.3.1/../../../../arm-none-eabi/lib/thumb/v7e-m+fp/hard\libm.a(lib_a-w_pow.o)
                0x0800b7f0                pow
 .text.__ieee754_pow
                0x0800b8e0      0xb74 d:/study/10_2021.10/bin/../lib/gcc/arm-none-eabi/10.3.1/../../../../arm-none-eabi/lib/thumb/v7e-m+fp/hard\libm.a(lib_a-e_pow.o)
                0x0800b8e0                __ieee754_pow
 .text.__ieee754_sqrt
                0x0800c454      0x198 d:/study/10_2021.10/bin/../lib/gcc/arm-none-eabi/10.3.1/../../../../arm-none-eabi/lib/thumb/v7e-m+fp/hard\libm.a(lib_a-e_sqrt.o)
                0x0800c454                __ieee754_sqrt
 .text.with_errno
                0x0800c5ec       0x18 d:/study/10_2021.10/bin/../lib/gcc/arm-none-eabi/10.3.1/../../../../arm-none-eabi/lib/thumb/v7e-m+fp/hard\libm.a(lib_a-math_err.o)
 .text.xflow    0x0800c604       0x2c d:/study/10_2021.10/bin/../lib/gcc/arm-none-eabi/10.3.1/../../../../arm-none-eabi/lib/thumb/v7e-m+fp/hard\libm.a(lib_a-math_err.o)
 .text.__math_uflow
                0x0800c630       0x14 d:/study/10_2021.10/bin/../lib/gcc/arm-none-eabi/10.3.1/../../../../arm-none-eabi/lib/thumb/v7e-m+fp/hard\libm.a(lib_a-math_err.o)
                0x0800c630                __math_uflow
 .text.__math_oflow
                0x0800c644       0x14 d:/study/10_2021.10/bin/../lib/gcc/arm-none-eabi/10.3.1/../../../../arm-none-eabi/lib/thumb/v7e-m+fp/hard\libm.a(lib_a-math_err.o)
                0x0800c644                __math_oflow
 .text.fabs     0x0800c658       0x14 d:/study/10_2021.10/bin/../lib/gcc/arm-none-eabi/10.3.1/../../../../arm-none-eabi/lib/thumb/v7e-m+fp/hard\libm.a(lib_a-s_fabs.o)
                0x0800c658                fabs
 .text.finite   0x0800c66c       0x18 d:/study/10_2021.10/bin/../lib/gcc/arm-none-eabi/10.3.1/../../../../arm-none-eabi/lib/thumb/v7e-m+fp/hard\libm.a(lib_a-s_finite.o)
                0x0800c66c                finite
 *fill*         0x0800c684        0x4 
 .text.scalbn   0x0800c688      0x124 d:/study/10_2021.10/bin/../lib/gcc/arm-none-eabi/10.3.1/../../../../arm-none-eabi/lib/thumb/v7e-m+fp/hard\libm.a(lib_a-s_scalbn.o)
                0x0800c688                scalbn
 .text.abort    0x0800c7ac       0x10 d:/study/10_2021.10/bin/../lib/gcc/arm-none-eabi/10.3.1/../../../../arm-none-eabi/lib/thumb/v7e-m+fp/hard\libg.a(lib_a-abort.o)
                0x0800c7ac                abort
 .text.__cxa_atexit
                0x0800c7bc        0xc d:/study/10_2021.10/bin/../lib/gcc/arm-none-eabi/10.3.1/../../../../arm-none-eabi/lib/thumb/v7e-m+fp/hard\libg.a(lib_a-cxa_atexit.o)
                0x0800c7bc                __cxa_atexit
 .text.__errno  0x0800c7c8        0xc d:/study/10_2021.10/bin/../lib/gcc/arm-none-eabi/10.3.1/../../../../arm-none-eabi/lib/thumb/v7e-m+fp/hard\libg.a(lib_a-errno.o)
                0x0800c7c8                __errno
 .text.__libc_init_array
                0x0800c7d4       0x48 d:/study/10_2021.10/bin/../lib/gcc/arm-none-eabi/10.3.1/../../../../arm-none-eabi/lib/thumb/v7e-m+fp/hard\libg.a(lib_a-init.o)
                0x0800c7d4                __libc_init_array
 .text.memset   0x0800c81c       0xa4 d:/study/10_2021.10/bin/../lib/gcc/arm-none-eabi/10.3.1/../../../../arm-none-eabi/lib/thumb/v7e-m+fp/hard\libg.a(lib_a-memset.o)
                0x0800c81c                memset
 .text.raise    0x0800c8c0       0x5c d:/study/10_2021.10/bin/../lib/gcc/arm-none-eabi/10.3.1/../../../../arm-none-eabi/lib/thumb/v7e-m+fp/hard\libg.a(lib_a-signal.o)
                0x0800c8c0                raise
 .text._kill_r  0x0800c91c       0x2c d:/study/10_2021.10/bin/../lib/gcc/arm-none-eabi/10.3.1/../../../../arm-none-eabi/lib/thumb/v7e-m+fp/hard\libg.a(lib_a-signalr.o)
                0x0800c91c                _kill_r
 .text._getpid_r
                0x0800c948        0x4 d:/study/10_2021.10/bin/../lib/gcc/arm-none-eabi/10.3.1/../../../../arm-none-eabi/lib/thumb/v7e-m+fp/hard\libg.a(lib_a-signalr.o)
                0x0800c948                _getpid_r
 .text.__register_exitproc
                0x0800c94c       0x8c d:/study/10_2021.10/bin/../lib/gcc/arm-none-eabi/10.3.1/../../../../arm-none-eabi/lib/thumb/v7e-m+fp/hard\libg.a(lib_a-__atexit.o)
                0x0800c94c                __register_exitproc
 .text.startup.register_fini
                0x0800c9d8       0x14 d:/study/10_2021.10/bin/../lib/gcc/arm-none-eabi/10.3.1/../../../../arm-none-eabi/lib/thumb/v7e-m+fp/hard\libg.a(lib_a-__call_atexit.o)
 .text.atexit   0x0800c9ec        0xc d:/study/10_2021.10/bin/../lib/gcc/arm-none-eabi/10.3.1/../../../../arm-none-eabi/lib/thumb/v7e-m+fp/hard\libg.a(lib_a-atexit.o)
                0x0800c9ec                atexit
 .text.__libc_fini_array
                0x0800c9f8       0x2c d:/study/10_2021.10/bin/../lib/gcc/arm-none-eabi/10.3.1/../../../../arm-none-eabi/lib/thumb/v7e-m+fp/hard\libg.a(lib_a-fini.o)
                0x0800c9f8                __libc_fini_array
 .text.__retarget_lock_acquire_recursive
                0x0800ca24        0x4 d:/study/10_2021.10/bin/../lib/gcc/arm-none-eabi/10.3.1/../../../../arm-none-eabi/lib/thumb/v7e-m+fp/hard\libg.a(lib_a-lock.o)
                0x0800ca24                __retarget_lock_acquire_recursive
 .text.__retarget_lock_release_recursive
                0x0800ca28        0x4 d:/study/10_2021.10/bin/../lib/gcc/arm-none-eabi/10.3.1/../../../../arm-none-eabi/lib/thumb/v7e-m+fp/hard\libg.a(lib_a-lock.o)
                0x0800ca28                __retarget_lock_release_recursive
 *(.glue_7)
 .glue_7        0x0800ca2c        0x0 linker stubs
 *(.glue_7t)
 .glue_7t       0x0800ca2c        0x0 linker stubs
 *(.eh_frame)
 .eh_frame      0x0800ca2c        0x0 d:/study/10_2021.10/bin/../lib/gcc/arm-none-eabi/10.3.1/thumb/v7e-m+fp/hard/crtbegin.o
 *(.init)
 .init          0x0800ca2c        0x4 d:/study/10_2021.10/bin/../lib/gcc/arm-none-eabi/10.3.1/thumb/v7e-m+fp/hard/crti.o
                0x0800ca2c                _init
 .init          0x0800ca30        0x8 d:/study/10_2021.10/bin/../lib/gcc/arm-none-eabi/10.3.1/thumb/v7e-m+fp/hard/crtn.o
 *(.fini)
 .fini          0x0800ca38        0x4 d:/study/10_2021.10/bin/../lib/gcc/arm-none-eabi/10.3.1/thumb/v7e-m+fp/hard/crti.o
                0x0800ca38                _fini
 .fini          0x0800ca3c        0x8 d:/study/10_2021.10/bin/../lib/gcc/arm-none-eabi/10.3.1/thumb/v7e-m+fp/hard/crtn.o
                0x0800ca44                . = ALIGN (0x4)
                0x0800ca44                _etext = .

.vfp11_veneer   0x0800ca44        0x0
 .vfp11_veneer  0x0800ca44        0x0 linker stubs

.v4_bx          0x0800ca44        0x0
 .v4_bx         0x0800ca44        0x0 linker stubs

.iplt           0x0800ca44        0x0
 .iplt          0x0800ca44        0x0 d:/study/10_2021.10/bin/../lib/gcc/arm-none-eabi/10.3.1/thumb/v7e-m+fp/hard/crtbegin.o

.rodata         0x0800ca44      0x140
                0x0800ca44                . = ALIGN (0x4)
 *(.rodata)
 .rodata        0x0800ca44       0x4c CMakeFiles/2025_Horse_H7.elf.dir/Drivers/STM32H7xx_HAL_Driver/Src/stm32h7xx_hal_fdcan.c.obj
 *(.rodata*)
 .rodata.str1.4
                0x0800ca90       0x1c CMakeFiles/2025_Horse_H7.elf.dir/Core/Src/freertos.c.obj
 .rodata.FDCAN_attributes
                0x0800caac       0x24 CMakeFiles/2025_Horse_H7.elf.dir/Core/Src/freertos.c.obj
                0x0800caac                FDCAN_attributes
 .rodata.UART_TX_attributes
                0x0800cad0       0x24 CMakeFiles/2025_Horse_H7.elf.dir/Core/Src/freertos.c.obj
                0x0800cad0                UART_TX_attributes
 .rodata.defaultTask_attributes
                0x0800caf4       0x24 CMakeFiles/2025_Horse_H7.elf.dir/Core/Src/freertos.c.obj
                0x0800caf4                defaultTask_attributes
 .rodata.D1CorePrescTable
                0x0800cb18       0x10 CMakeFiles/2025_Horse_H7.elf.dir/Core/Src/system_stm32h7xx.c.obj
                0x0800cb18                D1CorePrescTable
 .rodata.flagBitshiftOffset.0
                0x0800cb28        0x8 CMakeFiles/2025_Horse_H7.elf.dir/Drivers/STM32H7xx_HAL_Driver/Src/stm32h7xx_hal_dma.c.obj
 .rodata.DLCtoBytes
                0x0800cb30       0x10 CMakeFiles/2025_Horse_H7.elf.dir/Drivers/STM32H7xx_HAL_Driver/Src/stm32h7xx_hal_fdcan.c.obj
 .rodata.UARTPrescTable
                0x0800cb40       0x18 CMakeFiles/2025_Horse_H7.elf.dir/Drivers/STM32H7xx_HAL_Driver/Src/stm32h7xx_hal_uart.c.obj
                0x0800cb40                UARTPrescTable
 .rodata.denominator.0
                0x0800cb58        0x8 CMakeFiles/2025_Horse_H7.elf.dir/Drivers/STM32H7xx_HAL_Driver/Src/stm32h7xx_hal_uart_ex.c.obj
 .rodata.numerator.1
                0x0800cb60        0x8 CMakeFiles/2025_Horse_H7.elf.dir/Drivers/STM32H7xx_HAL_Driver/Src/stm32h7xx_hal_uart_ex.c.obj
 .rodata.vTaskStartScheduler.str1.4
                0x0800cb68        0x5 CMakeFiles/2025_Horse_H7.elf.dir/Middlewares/Third_Party/FreeRTOS/Source/tasks.c.obj
 *fill*         0x0800cb6d        0x3 
 .rodata.prvCheckForValidListAndQueue.str1.4
                0x0800cb70        0x5 CMakeFiles/2025_Horse_H7.elf.dir/Middlewares/Third_Party/FreeRTOS/Source/timers.c.obj
 *fill*         0x0800cb75        0x3 
 .rodata.xTimerCreateTimerTask.str1.4
                0x0800cb78        0x8 CMakeFiles/2025_Horse_H7.elf.dir/Middlewares/Third_Party/FreeRTOS/Source/timers.c.obj
 .rodata._global_impure_ptr
                0x0800cb80        0x4 d:/study/10_2021.10/bin/../lib/gcc/arm-none-eabi/10.3.1/../../../../arm-none-eabi/lib/thumb/v7e-m+fp/hard\libg.a(lib_a-impure.o)
                0x0800cb80                _global_impure_ptr
                0x0800cb84                . = ALIGN (0x4)

.ARM.extab      0x0800cb84       0x54
 *(.ARM.extab* .gnu.linkonce.armextab.*)
 .ARM.extab.text._ZN14Step_CharacterD2Ev
                0x0800cb84        0x0 CMakeFiles/2025_Horse_H7.elf.dir/Core/Applications/Cpp/Leg_Control.cpp.obj
 .ARM.extab.text._Z14Usart_DMA_initv
                0x0800cb84        0xc CMakeFiles/2025_Horse_H7.elf.dir/Core/Applications/Cpp/Main.cpp.obj
 .ARM.extab.text.Main
                0x0800cb90        0xc CMakeFiles/2025_Horse_H7.elf.dir/Core/Applications/Cpp/Main.cpp.obj
 .ARM.extab.text.MIT_motor_CTRL
                0x0800cb9c        0xc CMakeFiles/2025_Horse_H7.elf.dir/Core/Applications/FDCAN_receive_dm.cpp.obj
 .ARM.extab.text._ZL19UART1_Receive_ServePhh
                0x0800cba8        0xc CMakeFiles/2025_Horse_H7.elf.dir/Core/Applications/UART_DMA.cpp.obj
 .ARM.extab.text._ZL20UART10_Receive_ServePhhP20__UART_HandleTypeDef
                0x0800cbb4        0xc CMakeFiles/2025_Horse_H7.elf.dir/Core/Applications/UART_DMA.cpp.obj
 .ARM.extab     0x0800cbc0       0x18 d:/study/10_2021.10/bin/../lib/gcc/arm-none-eabi/10.3.1/thumb/v7e-m+fp/hard\libgcc.a(pr-support.o)

.ARM            0x0800cbd8      0x120
                0x0800cbd8                __exidx_start = .
 *(.ARM.exidx*)
 .ARM.exidx.text._ZN10IMU_N300WP10data_transEhhhh
                0x0800cc90        0x0 CMakeFiles/2025_Horse_H7.elf.dir/Core/Applications/Cpp/IMU_N300WP.cpp.obj
                                  0x8 (size before relaxing)
 .ARM.exidx.text._ZN10IMU_N300WP8data_getEPh
                0x0800cc90        0x0 CMakeFiles/2025_Horse_H7.elf.dir/Core/Applications/Cpp/IMU_N300WP.cpp.obj
                                  0x8 (size before relaxing)
 .ARM.exidx.text._ZN14Step_CharacterD2Ev
                0x0800cc90        0x0 CMakeFiles/2025_Horse_H7.elf.dir/Core/Applications/Cpp/Leg_Control.cpp.obj
                                  0x8 (size before relaxing)
 .ARM.exidx.text._Z41__static_initialization_and_destruction_0ii
                0x0800cc90        0x0 CMakeFiles/2025_Horse_H7.elf.dir/Core/Applications/Cpp/Leg_Control.cpp.obj
                                  0x8 (size before relaxing)
 .ARM.exidx.text._GLOBAL__sub_I__ZN19Single_Foot_MeasureC2Effffff
                0x0800cc90        0x0 CMakeFiles/2025_Horse_H7.elf.dir/Core/Applications/Cpp/Leg_Control.cpp.obj
                                  0x8 (size before relaxing)
 .ARM.exidx.text._Z14Usart_DMA_initv
                0x0800cc90        0x8 CMakeFiles/2025_Horse_H7.elf.dir/Core/Applications/Cpp/Main.cpp.obj
 .ARM.exidx.text.Main
                0x0800cc98        0x8 CMakeFiles/2025_Horse_H7.elf.dir/Core/Applications/Cpp/Main.cpp.obj
 .ARM.exidx.text.float_to_uint
                0x0800cca0        0x8 CMakeFiles/2025_Horse_H7.elf.dir/Core/Applications/FDCAN_receive_dm.cpp.obj
 .ARM.exidx.text.MIT_motor_CTRL
                0x0800cca8        0x8 CMakeFiles/2025_Horse_H7.elf.dir/Core/Applications/FDCAN_receive_dm.cpp.obj
 .ARM.exidx.text.start_motor
                0x0800ccb0        0x8 CMakeFiles/2025_Horse_H7.elf.dir/Core/Applications/FDCAN_receive_dm.cpp.obj
 .ARM.exidx.text.mit_send_in_TIM
                0x0800ccb8        0x8 CMakeFiles/2025_Horse_H7.elf.dir/Core/Applications/FDCAN_receive_dm.cpp.obj
 .ARM.exidx.text.All_motor_enable
                0x0800ccc0        0x0 CMakeFiles/2025_Horse_H7.elf.dir/Core/Applications/FDCAN_receive_dm.cpp.obj
                                  0x8 (size before relaxing)
 .ARM.exidx.text.motor_init
                0x0800ccc0        0x8 CMakeFiles/2025_Horse_H7.elf.dir/Core/Applications/FDCAN_receive_dm.cpp.obj
 .ARM.exidx.text._ZL19UART1_Receive_ServePhh
                0x0800ccc8        0x8 CMakeFiles/2025_Horse_H7.elf.dir/Core/Applications/UART_DMA.cpp.obj
 .ARM.exidx.text._Z17IMU_Receive_ServePhhP20__UART_HandleTypeDef
                0x0800ccd0        0x8 CMakeFiles/2025_Horse_H7.elf.dir/Core/Applications/UART_DMA.cpp.obj
 .ARM.exidx.text._ZL20UART10_Receive_ServePhhP20__UART_HandleTypeDef
                0x0800ccd8        0x8 CMakeFiles/2025_Horse_H7.elf.dir/Core/Applications/UART_DMA.cpp.obj
 .ARM.exidx.text.UART_DMA_Receive_init
                0x0800cce0        0x8 CMakeFiles/2025_Horse_H7.elf.dir/Core/Applications/UART_DMA.cpp.obj
 .ARM.exidx.text.UART_DMA_Receive_IT
                0x0800cce8        0x8 CMakeFiles/2025_Horse_H7.elf.dir/Core/Applications/UART_DMA.cpp.obj
 .ARM.exidx.text.HAL_UART_ErrorCallback
                0x0800ccf0        0x8 CMakeFiles/2025_Horse_H7.elf.dir/Core/Applications/UART_DMA.cpp.obj
 .ARM.exidx.text.__aeabi_atexit
                0x0800ccf8        0x0 d:/study/10_2021.10/bin/../lib/gcc/arm-none-eabi/10.3.1/../../../../arm-none-eabi/lib/thumb/v7e-m+fp/hard\libstdc++.a(atexit_arm.o)
                                  0x8 (size before relaxing)
 .ARM.exidx     0x0800cbd8        0x8 d:/study/10_2021.10/bin/../lib/gcc/arm-none-eabi/10.3.1/thumb/v7e-m+fp/hard\libgcc.a(_udivmoddi4.o)
 .ARM.exidx     0x0800cbe0       0x78 d:/study/10_2021.10/bin/../lib/gcc/arm-none-eabi/10.3.1/thumb/v7e-m+fp/hard\libgcc.a(unwind-arm.o)
                                 0xd8 (size before relaxing)
 .ARM.exidx     0x0800cc58       0x38 d:/study/10_2021.10/bin/../lib/gcc/arm-none-eabi/10.3.1/thumb/v7e-m+fp/hard\libgcc.a(pr-support.o)
                0x0800ccf8                __exidx_end = .

.rel.dyn        0x0800ccf8        0x0
 .rel.iplt      0x0800ccf8        0x0 d:/study/10_2021.10/bin/../lib/gcc/arm-none-eabi/10.3.1/thumb/v7e-m+fp/hard/crtbegin.o

.preinit_array  0x0800ccf8        0x0
                0x0800ccf8                PROVIDE (__preinit_array_start = .)
 *(.preinit_array*)
                0x0800ccf8                PROVIDE (__preinit_array_end = .)

.init_array     0x0800ccf8        0xc
                0x0800ccf8                PROVIDE (__init_array_start = .)
 *(SORT_BY_NAME(.init_array.*))
 .init_array.00000
                0x0800ccf8        0x4 d:/study/10_2021.10/bin/../lib/gcc/arm-none-eabi/10.3.1/../../../../arm-none-eabi/lib/thumb/v7e-m+fp/hard\libg.a(lib_a-__call_atexit.o)
 *(.init_array*)
 .init_array    0x0800ccfc        0x4 d:/study/10_2021.10/bin/../lib/gcc/arm-none-eabi/10.3.1/thumb/v7e-m+fp/hard/crtbegin.o
 .init_array    0x0800cd00        0x4 CMakeFiles/2025_Horse_H7.elf.dir/Core/Applications/Cpp/Leg_Control.cpp.obj
                0x0800cd04                PROVIDE (__init_array_end = .)

.fini_array     0x0800cd04        0x4
                0x0800cd04                PROVIDE (__fini_array_start = .)
 *(SORT_BY_NAME(.fini_array.*))
 *(.fini_array*)
 .fini_array    0x0800cd04        0x4 d:/study/10_2021.10/bin/../lib/gcc/arm-none-eabi/10.3.1/thumb/v7e-m+fp/hard/crtbegin.o
                0x0800cd08                PROVIDE (__fini_array_end = .)
                0x0800cd08                _sidata = LOADADDR (.data)

.data           0x24000000      0x44c load address 0x0800cd08
                0x24000000                . = ALIGN (0x4)
                0x24000000                _sdata = .
 *(.data)
 .data          0x24000000        0x4 d:/study/10_2021.10/bin/../lib/gcc/arm-none-eabi/10.3.1/thumb/v7e-m+fp/hard/crtbegin.o
                0x24000000                __dso_handle
 *(.data*)
 .data.SystemCoreClock
                0x24000004        0x4 CMakeFiles/2025_Horse_H7.elf.dir/Core/Src/system_stm32h7xx.c.obj
                0x24000004                SystemCoreClock
 .data.SystemD2Clock
                0x24000008        0x4 CMakeFiles/2025_Horse_H7.elf.dir/Core/Src/system_stm32h7xx.c.obj
                0x24000008                SystemD2Clock
 .data.uwTickFreq